TAP version 13
# Subtest: 手冊HTML title須為本版正式名稱及版號
ok 1 - 手冊HTML title須為本版正式名稱及版號
  ---
  duration_ms: 3.1134
  type: 'test'
  ...
# Subtest: 正式PDF內部Title須為本版正式名稱及版號
ok 2 - 正式PDF內部Title須為本版正式名稱及版號
  ---
  duration_ms: 802.4647
  type: 'test'
  ...
# Subtest: package.json 與 package-lock.json 的版本號和程式顯示的一致
ok 3 - package.json 與 package-lock.json 的版本號和程式顯示的一致
  ---
  duration_ms: 10.5079
  type: 'test'
  ...
# Subtest: 畫面上的手冊連結檔名帶著目前版本
ok 4 - 畫面上的手冊連結檔名帶著目前版本
  ---
  duration_ms: 9.1463
  type: 'test'
  ...
# Subtest: 手冊裡有本版的更新說明區塊
ok 5 - 手冊裡有本版的更新說明區塊
  ---
  duration_ms: 4.1596
  type: 'test'
  ...
# Subtest: GitHub Pages 根目錄建置產物與目前版本一致
ok 6 - GitHub Pages 根目錄建置產物與目前版本一致
  ---
  duration_ms: 11.2188
  type: 'test'
  ...
# Subtest: 驗證報告檔名與目前版本一致，不得殘留舊版
ok 7 - 驗證報告檔名與目前版本一致，不得殘留舊版
  ---
  duration_ms: 3.2528
  type: 'test'
  ...
# Subtest: 更新說明的「如何更新」段落沒有殘留舊版號與舊資產檔名
ok 8 - 更新說明的「如何更新」段落沒有殘留舊版號與舊資產檔名
  ---
  duration_ms: 4.7668
  type: 'test'
  ...
# Subtest: 更新說明裡寫出來的每一個 SHA-256 都要與實際檔案相符
ok 9 - 更新說明裡寫出來的每一個 SHA-256 都要與實際檔案相符
  ---
  duration_ms: 13.1689
  type: 'test'
  ...
# Subtest: 更新說明與驗證報告都不可以有兩段共用同一個版號
ok 10 - 更新說明與驗證報告都不可以有兩段共用同一個版號
  ---
  duration_ms: 6.8848
  type: 'test'
  ...
#   ℹ️ 與最後一次建置逐位元相同、時間戳不列入比較：index-DSS-yyDk.js、index-b_09kH_a.css
#   ℹ️ 主程式與樣式兩個產物都與最後一次建置逐位元相同，不需要再比 mtime（逐位元相同是比時間更強的證據）。
# Subtest: 根目錄的建置產物不可以比原始碼舊
ok 11 - 根目錄的建置產物不可以比原始碼舊
  ---
  duration_ms: 6.222
  type: 'test'
  ...
#   ℹ️ v20.96 已正式發布，本版直接建在它之上，沒有「未發布候選區間」可寫——改成要求現況文件寫明前一正式版是哪一版。
# Subtest: 未發布候選版的區間與數量，三份現況文件都要寫到本版前一版
ok 12 - 未發布候選版的區間與數量，三份現況文件都要寫到本版前一版
  ---
  duration_ms: 8.1699
  type: 'test'
  ...
# Subtest: 驗證報告寫的手冊頁數與字元數要與 PDF 相符（缺工具時跳過並說明）
ok 13 - 驗證報告寫的手冊頁數與字元數要與 PDF 相符（缺工具時跳過並說明）
  ---
  duration_ms: 2105.3165
  type: 'test'
  ...
# Subtest: 文件寫的測試條數必須等於那支檔案裡 test() 的數量
ok 14 - 文件寫的測試條數必須等於那支檔案裡 test() 的數量
  ---
  duration_ms: 326.4264
  type: 'test'
  ...
# Subtest: 前置：真的掃到腳本，而且其中有一定數量寫了「用法」
ok 15 - 前置：真的掃到腳本，而且其中有一定數量寫了「用法」
  ---
  duration_ms: 0.6622
  type: 'test'
  ...
# Subtest: 檔頭的「用法」如果點名某一支 scripts/*.mjs，那一支必須是自己
ok 16 - 檔頭的「用法」如果點名某一支 scripts/*.mjs，那一支必須是自己
  ---
  duration_ms: 1.2013
  type: 'test'
  ...
# Subtest: 檔頭的方框標題不可以與別支腳本一字不差地相同
ok 17 - 檔頭的方框標題不可以與別支腳本一字不差地相同
  ---
  duration_ms: 2.1805
  type: 'test'
  ...
# Subtest: 字串中的scripts/*.mjs不可以吞掉真正test呼叫
ok 18 - 字串中的scripts/*.mjs不可以吞掉真正test呼叫
  ---
  duration_ms: 4.6458
  type: 'test'
  ...
# Subtest: 字串、正規式、註解中的假test呼叫不計入
ok 19 - 字串、正規式、註解中的假test呼叫不計入
  ---
  duration_ms: 1.14
  type: 'test'
  ...
# Subtest: 實際script-header-usage守門包含三項，不能誤數成二項
ok 20 - 實際script-header-usage守門包含三項，不能誤數成二項
  ---
  duration_ms: 6.9285
  type: 'test'
  ...
1..20
# tests 20
# suites 0
# pass 20
# fail 0
# cancelled 0
# skipped 0
# todo 0
# duration_ms 2630.1177
