TAP version 13
# Subtest: 手冊HTML title須為本版正式名稱及版號
not ok 1 - 手冊HTML title須為本版正式名稱及版號
  ---
  duration_ms: 11.9945
  type: 'test'
  location: 'D:\\Users\\95108\\AppData\\Local\\Temp\\dailytraffic-v2097-review-20261005\\tests\\manual-title.test.mjs:10:1'
  failureType: 'testCodeFailure'
  error: |-
    Expected values to be strictly equal:
    + actual - expected
    
    + '全日交通量及車種組成 新手使用說明手冊 v20.96'
    - '全日交通量及車種組成 新手使用說明手冊 v20.97'
                                ^
    
  code: 'ERR_ASSERTION'
  name: 'AssertionError'
  expected: '全日交通量及車種組成 新手使用說明手冊 v20.97'
  actual: '全日交通量及車種組成 新手使用說明手冊 v20.96'
  operator: 'strictEqual'
  stack: |-
    TestContext.<anonymous> (file:///D:/Users/95108/AppData/Local/Temp/dailytraffic-v2097-review-20261005/tests/manual-title.test.mjs:12:9)
    Test.runInAsyncScope (node:async_hooks:214:14)
    Test.run (node:internal/test_runner/test:1047:25)
    Test.start (node:internal/test_runner/test:944:17)
    startSubtestAfterBootstrap (node:internal/test_runner/harness:296:17)
  ...
# Subtest: 正式PDF內部Title須為本版正式名稱及版號
not ok 2 - 正式PDF內部Title須為本版正式名稱及版號
  ---
  duration_ms: 345.6094
  type: 'test'
  location: 'D:\\Users\\95108\\AppData\\Local\\Temp\\dailytraffic-v2097-review-20261005\\tests\\manual-title.test.mjs:14:1'
  failureType: 'testCodeFailure'
  error: |-
    Expected values to be strictly equal:
    + actual - expected
    
    + '全日交通量及車種組成 新手使用說明手冊 v20.96'
    - '全日交通量及車種組成 新手使用說明手冊 v20.97'
                                ^
    
  code: 'ERR_ASSERTION'
  name: 'AssertionError'
  expected: '全日交通量及車種組成 新手使用說明手冊 v20.97'
  actual: '全日交通量及車種組成 新手使用說明手冊 v20.96'
  operator: 'strictEqual'
  stack: |-
    TestContext.<anonymous> (file:///D:/Users/95108/AppData/Local/Temp/dailytraffic-v2097-review-20261005/tests/manual-title.test.mjs:19:9)
    Test.runInAsyncScope (node:async_hooks:214:14)
    Test.run (node:internal/test_runner/test:1047:25)
    Test.processPendingSubtests (node:internal/test_runner/test:744:18)
    Test.postRun (node:internal/test_runner/test:1173:19)
    Test.run (node:internal/test_runner/test:1101:12)
    async startSubtestAfterBootstrap (node:internal/test_runner/harness:296:3)
  ...
1..2
# tests 2
# suites 0
# pass 0
# fail 2
# cancelled 0
# skipped 0
# todo 0
# duration_ms 450.2581
