TAP version 13
# Subtest: A27 同一格的係數設定狀態等於逐筆非零 PCU 的邏輯或（含範圍覆寫）
not ok 1 - A27 同一格的係數設定狀態等於逐筆非零 PCU 的邏輯或（含範圍覆寫）
  ---
  duration_ms: 5.0232
  type: 'test'
  location: 'D:\\Users\\95108\\AppData\\Local\\Temp\\dailytraffic-v2094-worktree-20261003\\tests\\pcu-config-equivalence.test.mjs:58:1'
  failureType: 'testCodeFailure'
  error: |-
    自訂車種的係數（settings 是唯一來源）｜14:00～15:00：逐格 hasNonzeroPcu=false，逐筆 hasNonZeroVehiclePcu 的邏輯或=true（1 筆）
    
    false !== true
    
  code: 'ERR_ASSERTION'
  name: 'AssertionError'
  expected: true
  actual: false
  operator: 'strictEqual'
  stack: |-
    TestContext.<anonymous> (file:///D:/Users/95108/AppData/Local/Temp/dailytraffic-v2094-worktree-20261003/tests/pcu-config-equivalence.test.mjs:114:12)
    Test.runInAsyncScope (node:async_hooks:214:14)
    Test.run (node:internal/test_runner/test:1047:25)
    Test.start (node:internal/test_runner/test:944:17)
    startSubtestAfterBootstrap (node:internal/test_runner/harness:296:17)
  ...
1..1
# tests 1
# suites 0
# pass 0
# fail 1
# cancelled 0
# skipped 0
# todo 0
# duration_ms 162.3195
