TAP version 13
# Subtest: human-readable test diagnostics stay off Node's serialized stdout channel
not ok 1 - human-readable test diagnostics stay off Node's serialized stdout channel
  ---
  duration_ms: 9.659
  type: 'test'
  location: 'D:\\Users\\95108\\AppData\\Local\\Temp\\dailytraffic-v2094-worktree-20261003\\tests\\test-runner-diagnostics.test.mjs:5:1'
  failureType: 'testCodeFailure'
  error: |-
    Keep diagnostic messages, but send them to stderr or test-context diagnostics; Node 22 stdout IPC can misread non-ASCII text.
    + actual - expected
    
    + [
    +   'manual-copies-identical',
    +   'perf-scaling',
    +   'release-metadata',
    +   'road-name-identity',
    +   'vehicle-colors'
    + ]
    - []
    
  code: 'ERR_ASSERTION'
  name: 'AssertionError'
  expected:
  actual:
    0: 'manual-copies-identical'
    1: 'perf-scaling'
    2: 'release-metadata'
    3: 'road-name-identity'
    4: 'vehicle-colors'
  operator: 'deepStrictEqual'
  stack: |-
    TestContext.<anonymous> (file:///D:/Users/95108/AppData/Local/Temp/dailytraffic-v2094-worktree-20261003/tests/test-runner-diagnostics.test.mjs:10:10)
    Test.runInAsyncScope (node:async_hooks:214:14)
    Test.run (node:internal/test_runner/test:1047:25)
    Test.start (node:internal/test_runner/test:944:17)
    startSubtestAfterBootstrap (node:internal/test_runner/harness:296:17)
  ...
1..1
# tests 1
# suites 0
# pass 0
# fail 1
# cancelled 0
# skipped 0
# todo 0
# duration_ms 100.3242
