TAP version 13
# valid diagnostic
# 🟡 中文測試診斷
# Subtest: D:\\Users\\95108\\AppData\\Local\\Temp\\dailytraffic-v2094-node-ipc-proof.mjs
not ok 1 - D:\\Users\\95108\\AppData\\Local\\Temp\\dailytraffic-v2094-node-ipc-proof.mjs
  ---
  duration_ms: 65.5612
  type: 'test'
  location: 'D:\\Users\\95108\\AppData\\Local\\Temp\\dailytraffic-v2094-node-ipc-proof.mjs:1:1'
  failureType: 'uncaughtException'
  error: 'Unable to deserialize cloned data due to invalid or unsupported version.'
  code: 'ERR_TEST_FAILURE'
  stack: |-
    #processRawBuffer (node:internal/test_runner/runner:354:20)
    FileTest.parseMessage (node:internal/test_runner/runner:290:27)
    Socket.<anonymous> (node:internal/test_runner/runner:400:15)
    Socket.emit (node:events:519:28)
    addChunk (node:internal/streams/readable:561:12)
    readableAddChunkPushByteMode (node:internal/streams/readable:512:3)
    Readable.push (node:internal/streams/readable:392:5)
    Pipe.onStreamRead (node:internal/stream_base_commons:189:23)
  ...
1..1
# tests 1
# suites 0
# pass 0
# fail 1
# cancelled 0
# skipped 0
# todo 0
# duration_ms 71.9554
