
══ 一、兩個調查點單獨看時的值 ══
✅ ① 單選中山路時講稿有數字 — 9 個
✅ ① 單選中正路口時講稿有數字 — 9 個
✅ ⚠️ ① 兩個調查點的值不一樣（分列與相加才分得出來） — 中山路獨有 3 個、中正路口獨有 3 個

══ 二、兩個都選時，圖上是一個調查點一條線 ══
✅ ② 畫面上有一句話說明「改成一個調查點一條線、不畫合計」 — 已選 2 個調查點，本圖改為一個調查點一條線，不畫合計：不同調查點的全日實際交通量相加不對應任何一條路的實際流量。要看單
✅ ⚠️ ② 畫布上真的畫出兩個調查點各自的線（hover 標籤認得出來） — 圖上的線：中正路口、中山路
✅ ⚠️ ② 畫出來的值就是單選時的那幾個（不是把合計拆成兩半） — 圖上讀到 2 個值

══ 三、合計那個數字整個不可以出現 ══
✅ ⚠️ ③ 講稿裡找不到任何「A＋B」的合計數字
✅ ⚠️ ③ 圖上也找不到任何「A＋B」的合計線
✅ ③ 標題那一行不可以再寫「合計」

══ 四、講稿與圖同一份 ══
✅ ④ 講稿逐條線各講一次，而且線名就是調查點名稱
✅ ⚠️ ④ 講稿明說「不可以相加、所以不畫合計」

══ 五、佔比逐調查點各自計算，不做跨點合併 ══
✅ ⚠️ ⑤ 切到「大車比例」時仍要顯示逐點分列、不合計
✅ ⚠️ ⑤ 大車比例是一個調查點一條線，不是跨點合併的平日／假日線 — 中正路口、中山路
✅ ⑤ 大車比例每條線都有自己的有限百分比資料點 — 中正路口=7.275388639659543；中山路=7.1941078641007365
✅ 沒有任何 JavaScript 例外
✅ 指定尺寸仍有兩個調查點的獨立線
✅ 指定尺寸實際下載 PNG
✅ 指定尺寸仍有兩個調查點的獨立線
✅ 指定尺寸實際下載 PNG

✅ 歷季趨勢「一個調查點一條線」全部通過
