TAP version 13
# Subtest: native ratio trend uses percent axis and cache formats, without changing values
not ok 1 - native ratio trend uses percent axis and cache formats, without changing values
  ---
  duration_ms: 9.3823
  type: 'test'
  location: 'D:\\Users\\95108\\AppData\\Local\\Temp\\dailytraffic-v2094-worktree-20261003\\tests\\native-chart-format.test.mjs:17:1'
  failureType: 'testCodeFailure'
  error: |-
    The input did not match the regular expression /<c:numFmt formatCode="0\.0%" sourceLinked="0"/. Input:
    
    `<?xml version="1.0" encoding="UTF-8" standalone="yes"?><c:chartSpace xmlns:c="http://schemas.openxmlformats.org/drawingml/2006/chart" xmlns:a="http://schemas.openxmlformats.org/drawingml/2006/main" xmlns:r="http://schemas.openxmlformats.org/officeDocument/2006/relationships"><c:date1904 val="0"/><c:lang val="zh-TW"/><c:roundedCorners val="0"/><c:chart><c:title><c:tx><c:rich><a:bodyPr/><a:lstStyle/><a:p><a:pPr><a:defRPr sz="1400" b="1"/></a:pPr><a:r><a:rPr lang="zh-TW"/><a:t>test</a:t></a:r></a:p></c:rich></c:tx><c:layout/><c:overlay val="0"/></c:title><c:autoTitleDeleted val="0"/><c:plotArea><c:layout/><c:lineChart><c:grouping val="standard"/><c:varyColors val="0"/><c:ser><c:idx val="0"/><c:order val="0"/><c:tx><c:v>test</c:v></c:tx><c:spPr><a:solidFill><a:srgbClr val="148C8C"/></a:solidFill><a:ln><a:noFill/></a:ln></c:spPr><c:marker><c:symbol val="circle"/><c:size val="6"/></c:marker><c:cat><c:strRef><c:f>'test'!$A$2:$A$3</c:f><c:strCache><c:ptCount val="2"/></c:strCache></c:strRef></c:cat><c:val><c:numRef><c:f>'test'!$B$2:$B$3</c:f><c:numCache><c:formatCode>#,##0.0</c:formatCode><c:ptCount val="2"/><c:pt idx="0"><c:v>0.25</c:v></c:pt><c:pt idx="1"><c:v>0.5</c:v></c:pt></c:numCache></c:numRef></c:val></c:ser><c:marker val="1"/><c:smooth val="0"/><c:axId val="123456"/><c:axId val="123457"/></c:lineChart><c:catAx><c:axId val="123456"/><c:scaling><c:orientation val="minMax"/></c:scaling><c:delete val="0"/><c:axPos val="b"/><c:tickLblPos val="nextTo"/><c:crossAx val="123457"/><c:crosses val="autoZero"/><c:auto val="1"/><c:lblAlgn val="ctr"/><c:lblOffset val="100"/></c:catAx><c:valAx><c:axId val="123457"/><c:scaling><c:orientation val="minMax"/></c:scaling><c:delete val="0"/><c:axPos val="l"/><c:majorGridlines/><c:numFmt formatCode="#,##0.0" sourceLinked="0"/><c:tickLblPos val="nextTo"/><c:crossAx val="123456"/><c:crosses val="autoZero"/><c:crossBetween val="between"/></c:valAx></c:plotArea><c:legend><c:legendPos val="b"/><c:layout/><c:overlay val="0"/></c:legend><c:plotVisOnly val="1"/><c:dispBlanksAs val="gap"/><c:showDLblsOverMax val="0"/></c:chart><c:printSettings><c:headerFooter/><c:pageMargins b="0.75" l="0.7" r="0.7" t="0.75" header="0.3" footer="0.3"/><c:pageSetup/></c:printSettings></c:chartSpace>`
    
  code: 'ERR_ASSERTION'
  name: 'AssertionError'
  expected:
  actual: `<?xml version="1.0" encoding="UTF-8" standalone="yes"?><c:chartSpace xmlns:c="http://schemas.openxmlformats.org/drawingml/2006/chart" xmlns:a="http://schemas.openxmlformats.org/drawingml/2006/main" xmlns:r="http://schemas.openxmlformats.org/officeDocument/2006/relationships"><c:date1904 val="0"/><c:lang val="zh-TW"/><c:roundedCorners val="0"/><c:chart><c:title><c:tx><c:rich><a:bodyPr/><a:lstStyle/><a:p><a:pPr><a:defRPr sz="1400" b="1"/></a:pPr><a:r><a:rPr lang="zh-TW"/><a:t>test</a:t></a:r></a:p></c:rich></c:tx><c:layout/><c:overlay val="0"/></c:title><c:autoTitleDeleted val="0"/><c:plotArea><c:layout/><c:lineChart><c:grouping val="standard"/><c:varyColors val="0"/><c:ser><c:idx val="0"/><c:order val="0"/><c:tx><c:v>test</c:v></c:tx><c:spPr><a:solidFill><a:srgbClr val="148C8C"/></a:solidFill><a:ln><a:noFill/></a:ln></c:spPr><c:marker><c:symbol val="circle"/><c:size val="6"/></c:marker><c:cat><c:strRef><c:f>'test'!$A$2:$A$3</c:f><c:strCache><c:ptCount val="2"/></c:strCache></c:strRef></c:cat><c:val><c:numRef><c:f>'test'!$B$2:$B$3</c:f><c:numCache><c:formatCode>#,##0.0</c:formatCode><c:ptCount val="2"/><c:pt idx="0"><c:v>0.25</c:v></c:pt><c:pt idx="1"><c:v>0.5</c:v></c:pt></c:numCache></c:numRef></c:val></c:ser><c:marker val="1"/><c:smooth val="0"/><c:axId val="123456"/><c:axId val="123457"/></c:lineChart><c:catAx><c:axId val="123456"/><c:scaling><c:orientation val="minMax"/></c:scaling><c:delete val="0"/><c:axPos val="b"/><c:tickLblPos val="nextTo"/><c:crossAx val="123457"/><c:crosses val="autoZero"/><c:auto val="1"/><c:lblAlgn val="ctr"/><c:lblOffset val="100"/></c:catAx><c:valAx><c:axId val="123457"/><c:scaling><c:orientation val="minMax"/></c:scaling><c:delete val="0"/><c:axPos val="l"/><c:majorGridlines/><c:numFmt formatCode="#,##0.0" sourceLinked="0"/><c:tickLblPos val="nextTo"/><c:crossAx val="123456"/><c:crosses val="autoZero"/><c:crossBetween val="between"/></c:valAx></c:plotArea><c:legend><c:legendPos val="b"/><c:layout/><c:overlay val="0"/></c:legend><c:plotVisOnly val="1"/><c:dispBlanksAs val="gap"/><c:showDLblsOverMax val="0"/></c:chart><c:printSettings><c:headerFooter/><c:pageMargins b="0.75" l="0.7" r="0.7" t="0.75" header="0.3" footer="0.3"/><c:pageSetup/></c:printSettings></c:chartSpace>`
  operator: 'match'
  stack: |-
    TestContext.<anonymous> (file:///D:/Users/95108/AppData/Local/Temp/dailytraffic-v2094-worktree-20261003/tests/native-chart-format.test.mjs:19:10)
    Test.runInAsyncScope (node:async_hooks:214:14)
    Test.run (node:internal/test_runner/test:1047:25)
    Test.start (node:internal/test_runner/test:944:17)
    startSubtestAfterBootstrap (node:internal/test_runner/harness:296:17)
  ...
# Subtest: native line charts have visible connecting strokes, retaining blank-point gaps
not ok 2 - native line charts have visible connecting strokes, retaining blank-point gaps
  ---
  duration_ms: 0.2058
  type: 'test'
  location: 'D:\\Users\\95108\\AppData\\Local\\Temp\\dailytraffic-v2094-worktree-20261003\\tests\\native-chart-format.test.mjs:24:1'
  failureType: 'testCodeFailure'
  error: |-
    The input did not match the regular expression /<a:ln[^>]*><a:solidFill><a:srgbClr val="148C8C"/. Input:
    
    `<?xml version="1.0" encoding="UTF-8" standalone="yes"?><c:chartSpace xmlns:c="http://schemas.openxmlformats.org/drawingml/2006/chart" xmlns:a="http://schemas.openxmlformats.org/drawingml/2006/main" xmlns:r="http://schemas.openxmlformats.org/officeDocument/2006/relationships"><c:date1904 val="0"/><c:lang val="zh-TW"/><c:roundedCorners val="0"/><c:chart><c:title><c:tx><c:rich><a:bodyPr/><a:lstStyle/><a:p><a:pPr><a:defRPr sz="1400" b="1"/></a:pPr><a:r><a:rPr lang="zh-TW"/><a:t>test</a:t></a:r></a:p></c:rich></c:tx><c:layout/><c:overlay val="0"/></c:title><c:autoTitleDeleted val="0"/><c:plotArea><c:layout/><c:lineChart><c:grouping val="standard"/><c:varyColors val="0"/><c:ser><c:idx val="0"/><c:order val="0"/><c:tx><c:v>test</c:v></c:tx><c:spPr><a:solidFill><a:srgbClr val="148C8C"/></a:solidFill><a:ln><a:noFill/></a:ln></c:spPr><c:marker><c:symbol val="circle"/><c:size val="6"/></c:marker><c:cat><c:strRef><c:f>'test'!$A$2:$A$3</c:f><c:strCache><c:ptCount val="2"/></c:strCache></c:strRef></c:cat><c:val><c:numRef><c:f>'test'!$B$2:$B$3</c:f><c:numCache><c:formatCode>#,##0.0</c:formatCode><c:ptCount val="2"/><c:pt idx="0"><c:v>1</c:v></c:pt></c:numCache></c:numRef></c:val></c:ser><c:marker val="1"/><c:smooth val="0"/><c:axId val="123456"/><c:axId val="123457"/></c:lineChart><c:catAx><c:axId val="123456"/><c:scaling><c:orientation val="minMax"/></c:scaling><c:delete val="0"/><c:axPos val="b"/><c:tickLblPos val="nextTo"/><c:crossAx val="123457"/><c:crosses val="autoZero"/><c:auto val="1"/><c:lblAlgn val="ctr"/><c:lblOffset val="100"/></c:catAx><c:valAx><c:axId val="123457"/><c:scaling><c:orientation val="minMax"/></c:scaling><c:delete val="0"/><c:axPos val="l"/><c:majorGridlines/><c:numFmt formatCode="#,##0.0" sourceLinked="0"/><c:tickLblPos val="nextTo"/><c:crossAx val="123456"/><c:crosses val="autoZero"/><c:crossBetween val="between"/></c:valAx></c:plotArea><c:legend><c:legendPos val="b"/><c:layout/><c:overlay val="0"/></c:legend><c:plotVisOnly val="1"/><c:dispBlanksAs val="gap"/><c:showDLblsOverMax val="0"/></c:chart><c:printSettings><c:headerFooter/><c:pageMargins b="0.75" l="0.7" r="0.7" t="0.75" header="0.3" footer="0.3"/><c:pageSetup/></c:printSettings></c:chartSpace>`
    
  code: 'ERR_ASSERTION'
  name: 'AssertionError'
  expected:
  actual: `<?xml version="1.0" encoding="UTF-8" standalone="yes"?><c:chartSpace xmlns:c="http://schemas.openxmlformats.org/drawingml/2006/chart" xmlns:a="http://schemas.openxmlformats.org/drawingml/2006/main" xmlns:r="http://schemas.openxmlformats.org/officeDocument/2006/relationships"><c:date1904 val="0"/><c:lang val="zh-TW"/><c:roundedCorners val="0"/><c:chart><c:title><c:tx><c:rich><a:bodyPr/><a:lstStyle/><a:p><a:pPr><a:defRPr sz="1400" b="1"/></a:pPr><a:r><a:rPr lang="zh-TW"/><a:t>test</a:t></a:r></a:p></c:rich></c:tx><c:layout/><c:overlay val="0"/></c:title><c:autoTitleDeleted val="0"/><c:plotArea><c:layout/><c:lineChart><c:grouping val="standard"/><c:varyColors val="0"/><c:ser><c:idx val="0"/><c:order val="0"/><c:tx><c:v>test</c:v></c:tx><c:spPr><a:solidFill><a:srgbClr val="148C8C"/></a:solidFill><a:ln><a:noFill/></a:ln></c:spPr><c:marker><c:symbol val="circle"/><c:size val="6"/></c:marker><c:cat><c:strRef><c:f>'test'!$A$2:$A$3</c:f><c:strCache><c:ptCount val="2"/></c:strCache></c:strRef></c:cat><c:val><c:numRef><c:f>'test'!$B$2:$B$3</c:f><c:numCache><c:formatCode>#,##0.0</c:formatCode><c:ptCount val="2"/><c:pt idx="0"><c:v>1</c:v></c:pt></c:numCache></c:numRef></c:val></c:ser><c:marker val="1"/><c:smooth val="0"/><c:axId val="123456"/><c:axId val="123457"/></c:lineChart><c:catAx><c:axId val="123456"/><c:scaling><c:orientation val="minMax"/></c:scaling><c:delete val="0"/><c:axPos val="b"/><c:tickLblPos val="nextTo"/><c:crossAx val="123457"/><c:crosses val="autoZero"/><c:auto val="1"/><c:lblAlgn val="ctr"/><c:lblOffset val="100"/></c:catAx><c:valAx><c:axId val="123457"/><c:scaling><c:orientation val="minMax"/></c:scaling><c:delete val="0"/><c:axPos val="l"/><c:majorGridlines/><c:numFmt formatCode="#,##0.0" sourceLinked="0"/><c:tickLblPos val="nextTo"/><c:crossAx val="123456"/><c:crosses val="autoZero"/><c:crossBetween val="between"/></c:valAx></c:plotArea><c:legend><c:legendPos val="b"/><c:layout/><c:overlay val="0"/></c:legend><c:plotVisOnly val="1"/><c:dispBlanksAs val="gap"/><c:showDLblsOverMax val="0"/></c:chart><c:printSettings><c:headerFooter/><c:pageMargins b="0.75" l="0.7" r="0.7" t="0.75" header="0.3" footer="0.3"/><c:pageSetup/></c:printSettings></c:chartSpace>`
  operator: 'match'
  stack: |-
    TestContext.<anonymous> (file:///D:/Users/95108/AppData/Local/Temp/dailytraffic-v2094-worktree-20261003/tests/native-chart-format.test.mjs:26:10)
    Test.runInAsyncScope (node:async_hooks:214:14)
    Test.run (node:internal/test_runner/test:1047:25)
    Test.processPendingSubtests (node:internal/test_runner/test:744:18)
    Test.postRun (node:internal/test_runner/test:1173:19)
    Test.run (node:internal/test_runner/test:1101:12)
    async startSubtestAfterBootstrap (node:internal/test_runner/harness:296:3)
  ...
# Subtest: native count bars preserve count formatting and borderless design
ok 3 - native count bars preserve count formatting and borderless design
  ---
  duration_ms: 0.1461
  type: 'test'
  ...
1..3
# tests 3
# suites 0
# pass 1
# fail 2
# cancelled 0
# skipped 0
# todo 0
# duration_ms 533.2813
