TAP version 13
# Subtest: 前置：真的讀到那兩個檔（讀成空字串的話下面全部恆綠）
ok 1 - 前置：真的讀到那兩個檔（讀成空字串的話下面全部恆綠）
  ---
  duration_ms: 0.629
  type: 'test'
  ...
# Subtest: ① 門檻覆寫真的被傳進 detectAnomalies
not ok 2 - ① 門檻覆寫真的被傳進 detectAnomalies
  ---
  duration_ms: 0.5916
  type: 'test'
  location: 'D:\\Users\\95108\\AppData\\Local\\Temp\\dailytraffic-v2094-worktree-20261003\\tests\\threshold-scope.test.mjs:39:1'
  failureType: 'testCodeFailure'
  error: 'thresholdScopes 沒有列進相依，覆寫改了畫面不會重算'
  code: 'ERR_ASSERTION'
  name: 'AssertionError'
  expected: true
  actual: false
  operator: '=='
  stack: |-
    TestContext.<anonymous> (file:///D:/Users/95108/AppData/Local/Temp/dailytraffic-v2094-worktree-20261003/tests/threshold-scope.test.mjs:52:10)
    Test.runInAsyncScope (node:async_hooks:214:14)
    Test.run (node:internal/test_runner/test:1047:25)
    Test.processPendingSubtests (node:internal/test_runner/test:744:18)
    Test.postRun (node:internal/test_runner/test:1173:19)
    Test.run (node:internal/test_runner/test:1101:12)
    async startSubtestAfterBootstrap (node:internal/test_runner/harness:296:3)
  ...
# Subtest: ② 儲存鍵有列進「刪計畫要一起清掉」的清單
ok 3 - ② 儲存鍵有列進「刪計畫要一起清掉」的清單
  ---
  duration_ms: 0.1377
  type: 'test'
  ...
# Subtest: ③ 存檔驗證的欄位清單與 AnomalyThresholds 完全一致
ok 4 - ③ 存檔驗證的欄位清單與 AnomalyThresholds 完全一致
  ---
  duration_ms: 0.6971
  type: 'test'
  ...
# Subtest: ④ 空陣列不可以留在儲存區
ok 5 - ④ 空陣列不可以留在儲存區
  ---
  duration_ms: 0.1295
  type: 'test'
  ...
# Subtest: ⑤ 全季別×全路段時改的是計畫預設，不是建立一筆覆寫
ok 6 - ⑤ 全季別×全路段時改的是計畫預設，不是建立一筆覆寫
  ---
  duration_ms: 0.1878
  type: 'test'
  ...
# Subtest: ⑥ 建立新的專屬門檻時要問「這一筆會新增哪些重疊」，不是問總數
ok 7 - ⑥ 建立新的專屬門檻時要問「這一筆會新增哪些重疊」，不是問總數
  ---
  duration_ms: 0.1198
  type: 'test'
  ...
# Subtest: ⑦ 有專屬門檻時要給得掉（移除按鈕）
ok 8 - ⑦ 有專屬門檻時要給得掉（移除按鈕）
  ---
  duration_ms: 0.2633
  type: 'test'
  ...
1..8
# tests 8
# suites 0
# pass 7
# fail 1
# cancelled 0
# skipped 0
# todo 0
# duration_ms 111.8795
