
> traffic-volume-vehicle-composition@20.98.0 e2e
> node scripts/make-samples.mjs && node node_modules/vite/bin/vite.js build --config github-pages/vite.config.ts && node scripts/e2e-tabs.mjs && node scripts/e2e-period.mjs && node scripts/e2e-conclusion.mjs && node scripts/e2e-reveal.mjs && node scripts/e2e-progress.mjs && node scripts/e2e-reimport.mjs && node scripts/e2e-multi-filter.mjs && node scripts/e2e-day-compare-direction.mjs && node scripts/e2e-layout.mjs && node scripts/e2e-period-date.mjs && node scripts/e2e-historical-units.mjs && node scripts/e2e-road-name.mjs && node scripts/e2e-intersection-prompt.mjs && node scripts/e2e-arm-prefill.mjs && node scripts/e2e-chart-layout.mjs && node scripts/e2e-chart-notes.mjs && node scripts/e2e-trend-pin.mjs && node scripts/e2e-trend-multiline.mjs && node scripts/e2e-scope-label.mjs && node scripts/e2e-sticky-offset.mjs && node scripts/e2e-figure-note-layout.mjs && node scripts/e2e-export-consistency.mjs && node scripts/e2e-report-draft.mjs && node scripts/e2e-xlsx-repair.mjs && node scripts/e2e-factor-scope.mjs && node scripts/e2e-vehicle-scope.mjs && node scripts/e2e-threshold-scope.mjs && node scripts/e2e-layout-collisions.mjs && node scripts/e2e-class-coverage.mjs && node scripts/e2e-point-hover.mjs && node scripts/e2e-backup-restore.mjs && node scripts/e2e-project-edit.mjs && node scripts/e2e-alias.mjs && node scripts/e2e-view-scroll.mjs && node scripts/e2e-chart-png.mjs && node scripts/e2e-clear-local.mjs && node scripts/e2e-nav-target.mjs && node scripts/e2e-nav-coverage.mjs && node scripts/e2e-peak-directions.mjs && node scripts/e2e-filter-sync.mjs && node scripts/e2e-noon-straddle.mjs && node scripts/e2e-period-display-everywhere.mjs && node scripts/e2e-warning-chips.mjs && node scripts/e2e-toggle-size.mjs && node scripts/e2e-intersection-single-panel.mjs && node scripts/e2e-modal-actions-visible.mjs && node scripts/e2e-nav-collapse.mjs && node scripts/e2e-text-wrap.mjs && node scripts/e2e-main-toolbar.mjs && node scripts/e2e-detached-popover.mjs && node scripts/e2e-filter-coverage.mjs && node scripts/e2e-draft-conditions.mjs && node scripts/e2e-trace-flow-label.mjs && node scripts/e2e-kpi-points.mjs && node scripts/e2e-trace-split.mjs && node scripts/e2e-maintenance.mjs && node scripts/e2e-audit-split.mjs && node scripts/e2e-trend-end-labels.mjs && node scripts/e2e-hourly-split.mjs

樣本檔已產生：.samples/115T1-01_中山路.xlsx、.samples/115T1-02_中正路口.xlsx
vite v8.0.13 building client environment for production...
[2K
transforming...✓ 45 modules transformed.
rendering chunks...
computing gzip size...
github-pages/dist/index.html                        0.52 kB │ gzip:   0.36 kB
github-pages/dist/assets/index-CTPKCkkc.css        90.62 kB │ gzip:  17.97 kB
github-pages/dist/assets/jszip.min-BZxhex6j.js     95.87 kB │ gzip:  28.45 kB
github-pages/dist/assets/xlsx-BSoArgVj.js         493.28 kB │ gzip: 160.68 kB
github-pages/dist/assets/index-D4xu9QK7.js        853.92 kB │ gzip: 215.99 kB
github-pages/dist/assets/exceljs.min-C2VzZNOS.js  929.91 kB │ gzip: 256.41 kB

✓ built in 2.18s
[plugin builtin:vite-reporter] 
(!) Some chunks are larger than 500 kB after minification. Consider:
- Using dynamic import() to code-split the application
- Use build.rolldownOptions.output.codeSplitting to improve chunking: https://rolldown.rs/reference/OutputOptions.codeSplitting
- Adjust chunk size limit for this warning via build.chunkSizeWarningLimit.
══ 一、每一頁的招牌內容在自己那一頁，而且只在那一頁 ══
✅ 「建立與管理計畫」頁看得到自己的內容 — 1 項都在
✅ 「本季總覽」頁看得到自己的內容 — 1 項都在
✅ 「參數設定」頁看得到自己的內容 — 6 項都在
✅ 「資料檢視」頁看得到自己的內容 — 3 項都在
✅ 「車種組成」頁看得到自己的內容 — 1 項都在
✅ 「24小時型態」頁看得到自己的內容 — 1 項都在
✅ 「歷季分析」頁看得到自己的內容 — 1 項都在
✅ 「同季平假日」頁看得到自己的內容 — 1 項都在
✅ 「可追溯明細」頁看得到自己的內容 — 1 項都在
✅ 「時段車種分析」頁看得到自己的內容 — 1 項都在
✅ 「成果交付」頁看得到自己的內容 — 1 項都在
✅ 「批次輸出」頁看得到自己的內容 — 1 項都在
✅ 「資料異常檢查」頁看得到自己的內容 — 1 項都在
✅ 「還原與備份」頁看得到自己的內容 — 1 項都在

══ 二、別頁的內容不可以還留在 DOM 裡（真的換頁的反面證明）══
✅ 停在「建立與管理計畫」時看不到別頁的招牌內容 — 乾淨
✅ ⚠️ 停在「建立與管理計畫」時，別頁的區塊不在 DOM 裡
✅ 停在「本季總覽」時看不到別頁的招牌內容 — 乾淨
✅ ⚠️ 停在「本季總覽」時，別頁的區塊不在 DOM 裡
✅ 停在「參數設定」時看不到別頁的招牌內容 — 乾淨
✅ ⚠️ 停在「參數設定」時，別頁的區塊不在 DOM 裡
✅ 停在「資料檢視」時看不到別頁的招牌內容 — 乾淨
✅ ⚠️ 停在「資料檢視」時，別頁的區塊不在 DOM 裡
✅ 停在「車種組成」時看不到別頁的招牌內容 — 乾淨
✅ ⚠️ 停在「車種組成」時，別頁的區塊不在 DOM 裡
✅ 停在「24小時型態」時看不到別頁的招牌內容 — 乾淨
✅ ⚠️ 停在「24小時型態」時，別頁的區塊不在 DOM 裡
✅ 停在「歷季分析」時看不到別頁的招牌內容 — 乾淨
✅ ⚠️ 停在「歷季分析」時，別頁的區塊不在 DOM 裡
✅ 停在「同季平假日」時看不到別頁的招牌內容 — 乾淨
✅ ⚠️ 停在「同季平假日」時，別頁的區塊不在 DOM 裡
✅ 停在「可追溯明細」時看不到別頁的招牌內容 — 乾淨
✅ ⚠️ 停在「可追溯明細」時，別頁的區塊不在 DOM 裡
✅ 停在「時段車種分析」時看不到別頁的招牌內容 — 乾淨
✅ ⚠️ 停在「時段車種分析」時，別頁的區塊不在 DOM 裡
✅ 停在「成果交付」時看不到別頁的招牌內容 — 乾淨
✅ ⚠️ 停在「成果交付」時，別頁的區塊不在 DOM 裡
✅ 停在「批次輸出」時看不到別頁的招牌內容 — 乾淨
✅ ⚠️ 停在「批次輸出」時，別頁的區塊不在 DOM 裡
✅ 停在「資料異常檢查」時看不到別頁的招牌內容 — 乾淨
✅ ⚠️ 停在「資料異常檢查」時，別頁的區塊不在 DOM 裡
✅ 停在「還原與備份」時看不到別頁的招牌內容 — 乾淨
✅ ⚠️ 停在「還原與備份」時，別頁的區塊不在 DOM 裡

══ 三、工具列與篩選列在五頁都在，而且五頁共用同一份條件 ══
✅ 「建立與管理計畫」頁仍有工具列與篩選列 — 工具列=true／篩選列=true／分頁鈕=5
✅ 「建立與管理計畫」頁側欄看得到歸類底下的大分頁 — 大分頁 14 個、目前展開的小分頁 9 個
✅ 「本季總覽」頁仍有工具列與篩選列 — 工具列=true／篩選列=true／分頁鈕=5
✅ 「本季總覽」頁側欄看得到歸類底下的大分頁 — 大分頁 14 個、目前展開的小分頁 7 個
✅ 「參數設定」頁仍有工具列與篩選列 — 工具列=true／篩選列=true／分頁鈕=5
✅ 「參數設定」頁側欄看得到歸類底下的大分頁 — 大分頁 14 個、目前展開的小分頁 11 個
✅ 「資料檢視」頁仍有工具列與篩選列 — 工具列=true／篩選列=true／分頁鈕=5
✅ 「資料檢視」頁側欄看得到歸類底下的大分頁 — 大分頁 14 個、目前展開的小分頁 10 個
✅ 「車種組成」頁仍有工具列與篩選列 — 工具列=true／篩選列=true／分頁鈕=5
✅ 「車種組成」頁側欄看得到歸類底下的大分頁 — 大分頁 14 個、目前展開的小分頁 7 個
✅ 「24小時型態」頁仍有工具列與篩選列 — 工具列=true／篩選列=true／分頁鈕=5
✅ 「24小時型態」頁側欄看得到歸類底下的大分頁 — 大分頁 14 個、目前展開的小分頁 7 個
✅ 「歷季分析」頁仍有工具列與篩選列 — 工具列=true／篩選列=true／分頁鈕=5
✅ 「歷季分析」頁側欄看得到歸類底下的大分頁 — 大分頁 14 個、目前展開的小分頁 7 個
✅ 「同季平假日」頁仍有工具列與篩選列 — 工具列=true／篩選列=true／分頁鈕=5
✅ 「同季平假日」頁側欄看得到歸類底下的大分頁 — 大分頁 14 個、目前展開的小分頁 7 個
✅ 「可追溯明細」頁仍有工具列與篩選列 — 工具列=true／篩選列=true／分頁鈕=5
✅ 「可追溯明細」頁側欄看得到歸類底下的大分頁 — 大分頁 14 個、目前展開的小分頁 7 個
✅ 「時段車種分析」頁仍有工具列與篩選列 — 工具列=true／篩選列=true／分頁鈕=5
✅ 「時段車種分析」頁側欄看得到歸類底下的大分頁 — 大分頁 14 個、目前展開的小分頁 7 個
✅ 「成果交付」頁仍有工具列與篩選列 — 工具列=true／篩選列=true／分頁鈕=5
✅ 「成果交付」頁側欄看得到歸類底下的大分頁 — 大分頁 14 個、目前展開的小分頁 8 個
✅ 「批次輸出」頁仍有工具列與篩選列 — 工具列=true／篩選列=true／分頁鈕=5
✅ 「批次輸出」頁側欄看得到歸類底下的大分頁 — 大分頁 14 個、目前展開的小分頁 9 個
✅ 「資料異常檢查」頁仍有工具列與篩選列 — 工具列=true／篩選列=true／分頁鈕=5
✅ 「資料異常檢查」頁側欄看得到歸類底下的大分頁 — 大分頁 14 個、目前展開的小分頁 11 個
✅ 「還原與備份」頁仍有工具列與篩選列 — 工具列=true／篩選列=true／分頁鈕=5
✅ 「還原與備份」頁側欄看得到歸類底下的大分頁 — 大分頁 14 個、目前展開的小分頁 13 個
✅ 在一頁改日別，換頁之後條件還在 — 目前=假日
✅ 換頁之後的數字真的跟著那個條件走（不是只有下拉變了） — KPI 副標=輛／調查日・假日・全部方向

══ 四、匯出與結論草稿讀的是資料層，不是目前這一頁 ══
✅ 停在「關鍵數字」頁也匯得出 Excel — 全日交通量及車種組成_分頁測試計畫_歷季彙整_115Q1.xlsx
✅ 匯出檔含「本季交通量及PCU」（它屬於別的分頁） — 本季交通量及PCU／路口駛出交通量／路口轉向PCU係數／路口駛出對應／平假日比較／歷季趨勢／圖表說明／目前車種組成／歷季全日交通量／歷季車種組成／歷季組成圖表資料／每小時趨勢／PCU係數／可編輯圖表／原始來源追溯／匯入與版本紀錄／品質檢核／全調查時段車種分析／上午尖峰小時車種分析／下午尖峰小時車種分析
✅ 匯出檔含「歷季趨勢」（它屬於別的分頁） — 本季交通量及PCU／路口駛出交通量／路口轉向PCU係數／路口駛出對應／平假日比較／歷季趨勢／圖表說明／目前車種組成／歷季全日交通量／歷季車種組成／歷季組成圖表資料／每小時趨勢／PCU係數／可編輯圖表／原始來源追溯／匯入與版本紀錄／品質檢核／全調查時段車種分析／上午尖峰小時車種分析／下午尖峰小時車種分析
✅ 匯出檔含「PCU係數」（它屬於別的分頁） — 本季交通量及PCU／路口駛出交通量／路口轉向PCU係數／路口駛出對應／平假日比較／歷季趨勢／圖表說明／目前車種組成／歷季全日交通量／歷季車種組成／歷季組成圖表資料／每小時趨勢／PCU係數／可編輯圖表／原始來源追溯／匯入與版本紀錄／品質檢核／全調查時段車種分析／上午尖峰小時車種分析／下午尖峰小時車種分析
✅ 匯出的工作表數量不是只剩當前頁 — 20 張
✅ 結論草稿有實際內容（不是因為別頁沒渲染而變空） — 1115 字

══ 五、換頁之後要回到頁首 ══
✅ 從很長的頁切到很短的頁，畫面回到頂端（不是停在原本的捲動位置） — scrollY=0

══ 六、同一頁上的側欄項目要看得出反應 ══
✅ 前置：五個分區都在側欄上 — zone-import、zone-settings、zone-kpi、zone-charts、zone-output
✅ zone-import：每一個項目點下去都有一張卡片被點名 — 建立與管理計畫→block-projects；本季總覽→block-quality
✅ zone-import：被點名的那一張**畫得出外框**（CSS 真的吃到） — 建立與管理計畫→block-projects；本季總覽→block-quality
✅ zone-import：每一個項目點名的是**不同**的卡片 — block-projects / block-quality
✅ zone-import：同一時間只有一張被點名（點下一個時上一張要放掉） — block-projects / block-quality
✅ zone-import：側欄上被點到的那一顆也會亮起來，而且只有一顆 — 亮著：本季總覽，剛點的是「本季總覽」
✅ zone-settings：每一個項目點下去都有一張卡片被點名 — 路段／路口主檔管理→card-road-master；道路與流向管理→card-geometry；車種分類與當量管理→card-vehicle-class；PCU 當量係數→block-pcu
✅ zone-settings：被點名的那一張**畫得出外框**（CSS 真的吃到） — 路段／路口主檔管理→card-road-master；道路與流向管理→card-geometry；車種分類與當量管理→card-vehicle-class；PCU 當量係數→block-pcu
✅ zone-settings：每一個項目點名的是**不同**的卡片 — card-road-master / card-geometry / card-vehicle-class / block-pcu
✅ zone-settings：同一時間只有一張被點名（點下一個時上一張要放掉） — card-road-master / card-geometry / card-vehicle-class / block-pcu
✅ zone-settings：側欄上被點到的那一顆也會亮起來，而且只有一顆 — 亮著：PCU 當量係數，剛點的是「PCU 當量係數」
✅ zone-kpi：每一個項目點下去都有一張卡片被點名 — 全日實際交通量→card-kpi-daily；24小時PCU→card-kpi-pcu24；尖峰小時當量交通量→card-kpi-peak
✅ zone-kpi：被點名的那一張**畫得出外框**（CSS 真的吃到） — 全日實際交通量→card-kpi-daily；24小時PCU→card-kpi-pcu24；尖峰小時當量交通量→card-kpi-peak
✅ zone-kpi：每一個項目點名的是**不同**的卡片 — card-kpi-daily / card-kpi-pcu24 / card-kpi-peak
✅ zone-kpi：同一時間只有一張被點名（點下一個時上一張要放掉） — card-kpi-daily / card-kpi-pcu24 / card-kpi-peak
✅ zone-kpi：側欄上被點到的那一顆也會亮起來，而且只有一顆 — 亮著：尖峰小時當量交通量，剛點的是「尖峰小時當量交通量」
✅ zone-charts：每一個項目點下去都有一張卡片被點名 — 車種組成→block-composition；24小時型態→block-hourly；歷季分析→block-trend；同季平假日→block-comparison
✅ zone-charts：被點名的那一張**畫得出外框**（CSS 真的吃到） — 車種組成→block-composition；24小時型態→block-hourly；歷季分析→block-trend；同季平假日→block-comparison
✅ zone-charts：每一個項目點名的是**不同**的卡片 — block-composition / block-hourly / block-trend / block-comparison
✅ zone-charts：同一時間只有一張被點名（點下一個時上一張要放掉） — block-composition / block-hourly / block-trend / block-comparison
✅ zone-charts：側欄上被點到的那一顆也會亮起來，而且只有一顆 — 亮著：同季平假日，剛點的是「同季平假日」
✅ zone-output：每一個項目點下去都有一張卡片被點名 — 可追溯明細→block-detail；時段車種分析→periodAnalysis
✅ zone-output：被點名的那一張**畫得出外框**（CSS 真的吃到） — 可追溯明細→block-detail；時段車種分析→periodAnalysis
✅ zone-output：每一個項目點名的是**不同**的卡片 — block-detail / periodAnalysis
✅ zone-output：同一時間只有一張被點名（點下一個時上一張要放掉） — block-detail / periodAnalysis
✅ zone-output：側欄上被點到的那一顆也會亮起來，而且只有一顆 — 亮著：時段車種分析，剛點的是「時段車種分析」
✅ 這一段真的掃過側欄上全部的錨點項目（不是寫死的那幾個） — 共點過 15 個錨點項目

══ 七、換計畫的便利性 ══
✅ 工具列有「切換計畫」下拉（三支統一）
✅ 前置：真的建了很多計畫（不然下面幾項量不到東西） — 7 個
✅ 側欄只留目前這一個計畫（不再堆疊） — 側欄有 1 張卡
✅ 計畫再多，分區導覽仍在畫面上方（位置與計畫數量無關） — 導覽上緣 251px
✅ 點「建立與管理計畫」會到那一頁，而且清單真的在
✅ 那一頁列出全部計畫（不是只有目前這一個） — 列出 7 個 vs 下拉 7 個
✅ ⚠️ 清單沒有被壓成 0 高度（flex 欄向 + overflow 的老坑） — height=420、scrollHeight=444
✅ 清單有自己的捲動，不會把底下的區塊一路推下去 — height=420
✅ 只有一列標成「目前計畫」 — 1 列
✅ 進到那一頁時該區塊會被點名 — 1 個 .is-focused
✅ 非目前計畫的那幾列都有「切換到這個」
✅ 在那一頁按「切換到這個」，標題真的換了 — 側欄測試6 → 分頁測試計畫
✅ 前置：下拉裡有另一個可以切過去的計畫 — 7 個選項
✅ 工具列下拉也換得動（新增「建立與管理計畫」頁不可以把它弄壞） — 分頁測試計畫 → 側欄測試1
✅ 換完之後側欄那張卡片顯示的是新的計畫 — 側欄「側欄測試1」vs 標題「側欄測試1」
✅ 整段流程不可以留下未捕捉的例外

✅ 全部通過
✅ 建立計畫
✅ 檢核報告跳出時，原本的匯入視窗會自動關閉（只剩一個對話框） — 各次匯入時的對話框數量：1、1
✅ 匯入不再逐一詢問新車種當量，並提示新車種預設值為1 — 已追加匯入 96 筆並建立可復原版本；新車種「大貨車、聯結車、大客車」當量係數已預設為 1，請於「車種分類與新增當量」調整 ／ 已追加匯入 192 筆並建立可復原版本
   車種列： [["大客車","1/1/1/1"],["大貨車","1/1/1/1"],["小型車","1/1/1.3/1.5"],["機車","0.5/0.3/0.4/0.5"],["聯結車","1/1/1/1"]]
✅ 偵測到 3 個新車種（大貨車／聯結車／大客車） — 大客車、大貨車、聯結車
✅ 新車種一般/直行/右轉/左轉PCU全部預設為1
✅ 前置：每一列都讀得到「原四大類／新增車種」標記 — 大客車=新增車種・請確認歸類、大貨車=新增車種・請確認歸類、小型車=原四大類、機車=原四大類、聯結車=新增車種・請確認歸類
✅ 原四大類欄位維持鎖定不可編輯
✅ 修改前機車一般PCU顯示 0.5 — 0.5
✅ 外面改成 0.42 後，車種分類內的機車一般PCU同步顯示 0.42 — 0.42
✅ 時段車種分析面板存在且獨立於其他表單
✅ 四種時段全部呈現 — 全調查時段、全調查時段尖峰、上午尖峰小時、下午尖峰小時
✅ 路口四個支線與路段兩個方向都各自成列 — 雙向合計、方向A、方向B、全部支線合計、駛出路口A、駛出路口B、駛出路口C、駛出路口D
✅ 上午尖峰落在 12:00 之前 — 08:00～09:00
✅ 下午尖峰落在 12:00 之後 — 18:00～19:00
   上午尖峰列： ["中山路｜115-01・路段","雙向合計","上午尖峰小時｜單位：輛/hr","08:00～09:00","1,777","1,362","77","115","45","3,376"]
   下午尖峰列： ["中山路｜115-01・路段","雙向合計","下午尖峰小時｜單位：輛/hr","18:00～19:00","1,891","1,572","87","123","52","3,725"]
✅ 可切換成僅顯示上午尖峰時段 — 8 列
✅ 百分比模式合計為 100.0% — 100.0%
✅ 各車種百分比加總為 100% — 52.6+40.3+2.3+3.4+1.3
✅ 可切換成交通流量（PCU/hr） — 2,345.3
✅ 預設模式下，同一調查點的各方向尖峰時段完全相同 — 中山路｜115-:08:00～09:00 ｜ 中正路口｜115:08:00～09:00
✅ 預設模式下，各方向的 PCU 相加等於合計那一列 — 中山路｜115-01 各方向相加 2345.4 vs 合計 2345.3 ｜ 中正路口｜115-0 各方向相加 4181.0 vs 合計 4181.0
✅ 切成「各方向各自認定」後表格仍正常渲染 — 8 列（point 模式為 8 列）
   方向選單： ["全部顯示","雙向合計／全部支線合計","方向A／駛出路口A","方向B／駛出路口B","駛出路口C","駛出路口D"]
✅ 方向選單同時列出路段方向與路口支線（代碼重疊時併列名稱） — 全部顯示 / 雙向合計／全部支線合計 / 方向A／駛出路口A / 方向B／駛出路口B / 駛出路口C / 駛出路口D
✅ 可只顯示指定方向／支線 — 駛出路口C：4 列
✅ 切換到駛入路口視角後，時段分析改以駛入支線呈現 — 雙向合計、方向A、方向B、全部支線合計、駛入路口A、駛入路口B、駛入路口C、駛入路口D
✅ 報表勾選可存成範本
   匯出工作表： 上午尖峰小時車種分析 / 下午尖峰小時車種分析
✅ 匯出只包含勾選的兩張時段工作表 — 上午尖峰小時車種分析、下午尖峰小時車種分析
   欄位： ["調查點編號","調查點名稱","資料格式","方向／支線","分析時段","機車車輛數（輛/hr）","小型車車輛數（輛/hr）","大客車車輛數（輛/hr）","大貨車車輛數（輛/hr）","聯結車車輛數（輛/hr）","機車百分比（%）","小型車百分比（%）","大客車百分比（%）","大貨車百分比（%）","聯結車百分比（%）"]
   首列： ["115-01","中山路","路段","雙向合計","08:00～09:00",1777,1362,77,115,45,52.64,40.34,2.28,3.41,1.33]
✅ 欄位只含車輛數與百分比、不含交通流量
✅ 匯出列數＝所有調查點×方向（含合計） — 8 列
✅ 套用範本後勾選完整還原 — 上午尖峰小時、下午尖峰小時、車輛數（輛）、百分比（%）、跟隨畫面上的設定、跟隨畫面上的設定
✅ 重新開啟仍保存 0.42（已寫入 localStorage） — 0.42
✅ 「駛出＋駛入並列」不會把路段資料重複輸出 — 52 列、去重後 52 列
✅ 切成「僅顯示上午尖峰」後，每一列都真的是上午尖峰（沒有殘留舊列） — 上午尖峰小時單位、上午尖峰小時單位、上午尖峰小時單位、上午尖峰小時單位、上午尖峰小時單位、上午尖峰小時單位、上午尖峰小時單位、上午尖峰小時單位、上午尖峰小時單位、上午尖峰小時單位、上午尖峰小時單位、上午尖峰小時單位、上午尖峰小時單位
✅ 切換後沒有重複的列 — 13 列、去重後 13 列
✅ ⚠️ 動了這一區自己的條件之後，浮現「回到主工具列條件」 — 1 顆
✅ ⚠️ 主工具列同時出現「回歸全部」
✅ 「每小時趨勢」區塊有自己的篩選列 — 1 個
✅ 「平假日比較」區塊有自己的篩選列 — 1 個
✅ 「明細表」區塊有自己的篩選列 — 2 個
✅ 區塊內的季度與最上方一致（鏡子） — 115Q1 vs 115Q1
✅ 時段車種分析區塊內有「Quarter」篩選器
✅ 時段車種分析區塊內有「Day」篩選器
✅ 時段車種分析區塊內有「Road」篩選器
✅ ① 鏡子：在最上方改日別，區塊內的日別跟著變 — 假日
✅ ① 鏡子：改回平日，區塊也跟著回來 — 平日
✅ ② 脫離：在區塊內改日別，最上方**不可以**跟著變 — 最上方現在是 平日
✅ ② 脫離時要寫明「目前用本區塊自己的條件」
✅ ③ 回歸：按「回到主工具列條件」之後回到主工具列的值 — 平日
✅ ③ 回歸之後脫離說明要收掉
✅ 前置：結果含路口時，表格看得到路口列，而且「路口流量視角」可以選 — 含路口列=true、disabled=false、scope=has-intersection
✅ 前置：只勾路段之後，表格裡確實沒有路口列 — 含路口列=false
✅ 只剩路段時，「路口流量視角」要停用 — disabled=true
✅ 而且要說清楚為什麼停用（不是默默變灰） — 說明「本次結果只有路段，駛入／駛出僅適用於路口，所以這一項暫時停用。」
✅ 篩選放寬回來之後又可以選，說明也換回去 — disabled=false、scope=has-intersection
✅ A 計畫設定機車當量 0.5 — 0.5
✅ B 計畫設定機車當量 0.42 — 0.42
✅ 切換到「測試計畫A」
✅ 切回 A 計畫時，機車當量仍是 A 自己的 0.5（不會被 B 的 0.42 蓋掉） — 0.5
✅ 切換到「測試計畫B」
✅ 再切回 B 計畫時，機車當量仍是 B 自己的 0.42 — 0.42
✅ 轉向 PCU 係數也是每個計畫各存一組 — 7d751b1b-a2bd-45a3-a295-1d7efffe4591、dac83e6a-1543-4fc5-93b9-2e41ba595166
✅ 全程無 JS 錯誤

全部通過
── 時段車種分析・平日（12 列，前 2 列）──
   中山路 115-01・路段 | 雙向合計 | 全調查時段 單位：輛/日 | 24 小時 | 21,859 | 17,203 | 965 | 1,458 | 605 | 42,090
   中山路 115-01・路段 | 雙向合計 | 全調查時段尖峰 單位：輛/hr | 18:00～19:00 | 1,891 | 1,572 | 87 | 123 | 52 | 3,725
── 時段車種分析・假日（12 列，前 2 列）──
   中山路 115-01・路段 | 雙向合計 | 全調查時段 單位：輛/日 | 24 小時 | 17,101 | 13,212 | 757 | 1,129 | 476 | 32,675
   中山路 115-01・路段 | 雙向合計 | 全調查時段尖峰 單位：輛/hr | 18:00～19:00 | 1,462 | 1,193 | 69 | 97 | 44 | 2,865
✅ 頁面上找得到結論草稿產生器
✅ 展開之後出現條件面板與草稿框
✅ 一開始是空的
✅ 符合條件列數有算出來 — 符合條件 12 列

── 草稿前 1000 字 ──
【結論草稿】115Q1
計畫：結論測試計畫｜產生時間：2026-10-05 16:13｜系統版本：v20.98

統計範圍：1 個季度（115Q1）、1 個調查點、共 6 列；日別：平日、假日；時段：全調查時段。
說明：「全調查時段」是這份調查涵蓋時段的加總——完整 24 小時的調查標為輛/日、PCU/日，不足 24 小時的標為輛/調查時段、PCU/調查時段，兩者不可直接比較。尖峰欄位是某一小時的量（輛/hr、PCU/hr），與累計量不可混談；尖峰數值是率，不跨調查點、跨季度相加。
統計條件：尖峰時段認定＝整個調查點同一時段（可相加）（跟著主工具列）；路口流量視角＝駛出＋駛入都寫；數值小數 1 位。

1. 中山路（115-01）
　〔115Q1・平日・雙向合計〕
　　全調查時段：24 小時、42,090 輛/日
　　　車種組成：機車 21,859 輛/日（51.9%）、小型車 17,203 輛/日（40.9%）、大貨車 1,458 輛/日（3.5%）、大客車 965 輛/日（2.3%）、聯結車 605 輛/日（1.4%）。
　〔115Q1・假日・雙向合計〕
　　全調查時段：24 小時、32,675 輛/日
　　　車種組成：機車 17,101 輛/日（52.3%）、小型車 13,212 輛/日（40.4%）、大貨車 1,129 輛/日（3.5%）、大客車 757 輛/日（2.3%）、聯結車 476 輛/日（1.5%）。
──────────────
✅ 草稿產生出來了 — 619 字
✅ 標頭寫明範圍是 115Q1 — 【結論草稿】115Q1
✅ 只寫全調查時段，沒有寫尖峰段落
✅ 全調查時段的單位是「輛/日」而不是「輛/hr」
✅ 有寫車種組成與百分比
✅ 沒勾 PCU 就不出現 PCU 數值
✅ 沒有 NaN／undefined／Infinity
✅ 標頭寫明全調查時段與尖峰的單位規則 — 說明：「全調查時段」是這份調查涵蓋時段的加總——完整 24 小時的調查標為輛/日、PCU/日，不足 24 小時的標為輛/調查時
✅ 草稿有寫出全調查時段車輛數 — 42,090、32,675
✅ 草稿的全調查時段車輛數都能在時段車種分析表格上找到同一個值 — 全部對上｜表格上共 24 列
✅ 加勾 PCU 之後草稿有變
✅ PCU 的單位是 PCU/日
✅ 尖峰段落出現了
✅ 尖峰的單位是 /hr 不是 /日 — 　　上午尖峰小時：08:00～09:00、3,376 輛/hr、2,487.5 PCU/hr
✅ 季度區間的標頭寫出起訖 — 【結論草稿】115Q1～115Q2
✅ 兩季相同資料時變動幅度是 0.0%，不是 NaN
✅ 手改之後有提示會先詢問再覆蓋 — 您已手動修改過這份草稿；按「產生草稿」會先詢問再覆蓋。
✅ 範本存得起來
✅ 重新整理之後範本還在
✅ 挑不到資料時給的是說明而不是空白 — 【結論草稿】115Q1～115Q1
計畫：結論測試計畫｜產生時間：2026-10-05 16:13｜系統版本：v20.98

統計範圍：1 個季度（115Q1）、1 個調查點、共 
✅ 第四區同時列出駛出路口與駛入路口 — 合計（雙向／全部支線）｜方向A／駛出路口A｜方向B／駛出路口B｜駛出路口C｜駛出路口D｜駛入路口A｜駛入路口B｜駛入路口C｜駛入路口D
✅ 路段的方向只出現一次（駛入只適用於路口支線） — 方向A／駛出路口A
✅ 代碼重疊時把兩個名稱都列出來，不會只寫其中一個 — 方向A／駛出路口A
✅ 駛出與駛入的支線數量相同（同一批車只是換分組） — 駛出 4／駛入 4

══ 套用主工具列目前的條件 ══
✅ 結論草稿上有「套用主工具列目前的條件」
✅ 前置：量得到「符合條件 N 列」 — 24
✅ 按下去之後不可以變成 0 列 — 24 列 → 12 列（主工具列：上午＋下午並列、駛出＋駛入並列）
✅ 「上午＋下午並列」要被**攤成兩個真的時段**，不是原樣塞進去 — 目前勾到：上午尖峰小時｜下午尖峰小時｜平日
✅ 要**說出套用了什麼**（默默改掉整組條件，使用者會以為自己點錯） — 已套用主工具列：季度 115Q1、全部調查點、日別 平日、全部方向、時段 am、pm、路口流量視角 駛出＋駛入、尖峰時段認定 整個調查點同一時段（可相加）。（「顯示數值」不是結論草稿的條件——這一頁用的是自己的「要寫哪些數字」，維持原設定）
✅ 要點名沒有套進去的條件（尖峰時段認定、顯示數值不是結論草稿的條件） — 已套用主工具列：季度 115Q1、全部調查點、日別 平日、全部方向、時段 am、pm、路口流量視角 駛出＋駛入、尖峰時段認定 整個調查點同一時段（可相加）。（「顯示數值」不是結論草稿的條件——這一頁用的是自己的「要寫哪些數字」，維持原設定）
✅ 按下去之後統計範圍那一組真的換過（證明這一顆有作用，不是恆真） — 季度區間｜依路段分段（每個調查點一段） → 單一季度｜依路段分段（每個調查點一段）；24 → 12 列

══ 主控台錯誤 ══
✅ 沒有 JS 例外

✅ 全部通過
✅ 結論草稿產生器展得開
✅ 前置：按之前草稿框確實看不到 — 按之前可見 0px
✅ 草稿真的產生了 — 1286 字
✅ 量到的草稿框不是 0 高度 — 框高 452px
✅ 草稿框按完之後真的看得到 — 可見 452px／需要 113px（按之前 0px、top=316px、框高 452px、視窗 768px）
✅ 前置：草稿框整個看得見，而且畫面還捲得動 — 整個看得見=true、還捲得動=true（scrollY=1011）
✅ 草稿本來就看得到時，畫面不可以跳 — 捲動前 1011 → 捲動後 1011
✅ 沒有 JS 例外

✅ 全部通過
✅ 檔案拖到放置區外時會阻止瀏覽器開啟檔案
✅ 放置區外的檔案拖曳會顯示不可放置狀態
✅ 一般文字拖曳不受檔案防呆影響
✅ 前置：還沒開始匯入時，沒有處理中遮罩
✅ 匯入時看得到處理中遮罩 — 遮罩出現過 9 種文字
✅ 遮罩上有「第幾／共幾份」的進度 — 例：「正在處理資料…第 1／12 份：1_115T1-01_中山路.xlsx」
✅ 而且進度是會跳的（畫面真的在重畫，不是最後才一次跳完） — 抓到 8 種不同的進度文字
✅ 進度有標出總份數，使用者知道還剩多少 — 共 12 份；例：「正在處理資料…第 1／12 份：1_115T1-01_中山路.xlsx」
✅ 處理完之後遮罩要收掉，不可以一直掛著 — 遮罩 0 個
✅ rAF 不觸發時（分頁在背景）匯入仍然會完成，不會永遠卡住 — 313ms 內完成
✅ 前置：還沒按選擇檔案時，沒有「正在讀取」提示
✅ 按下選擇檔案之後，馬上看得到「正在讀取」的提示 — 「正在讀取您選擇的檔案，請稍候…」
✅ 按了取消之後，提示要自己收掉 — 提示 0 個
✅ 真的選了檔之後，提示也要收掉 — 提示 0 個
✅ 沒有 JS 例外

✅ 全部通過
✅ 匯入期間畫面上有處理中遮罩 — 取樣 901 次、遮罩出現 4 次
✅ 遮罩是真的擋住底下的操作（不是只有視覺） — 遮罩 4 次、其中真正擋住 4 次
✅ 第一次匯入之後確實有資料 — 紀錄 288 筆、調查點 2 個
✅ 第一次匯入的檢核報告寫的是「新增」，覆蓋 0 筆 — 新增 288 筆、覆蓋 0 筆
✅ 第二次匯入的檢核報告要明講是「覆蓋」，而且新增 0 筆 — 新增 0 筆、覆蓋 288 筆（第一次寫入 288 筆）
✅ 同一批檔案匯第二次，紀錄數不可以翻倍 — 第一次 288 筆 → 第二次 288 筆
✅ 同一批檔案匯第二次，調查點數不可以增加 — 第一次 2 個 → 第二次 2 個
✅ 每一筆紀錄的主鍵都是唯一的（沒有同一份調查存成兩筆） — 紀錄 288 筆、相異主鍵 288 個
✅ 沒有 JS 例外

✅ 全部通過
✅ 匯入之後看得到資料 — 1 列
✅ 平日＋假日的明細各自成列 — 平日、假日
✅ 全日交通量 KPI 也分成平日與假日，不顯示兩天相加值 — 平日42,090｜假日32,675
✅ 24小時 PCU KPI 也分成平日與假日 — 平日31,160.5｜假日24,124.5
✅ 切回平日後數值與原先完全相同
✅ 複選清單列得出調查點 — 中山路
✅ 只勾一個調查點時，表格只剩它 — ["中山路 115-01 原始檔讀不到日期"]
✅ 按「全部調查點」之後逐格回到原狀
✅ 方向複選清單至少有兩個方向 — 方向A（A）、方向B（B）
✅ 只勾一個方向時，數字會變（篩選真的有作用） — 22,631 vs 全部方向 42,090
✅ 兩個方向都勾＝一個都不勾（逐格相同，證明複選沒有動到計算） — 42,090 / 31,160.5 / 2,779.5｜全部：42,090 / 31,160.5 / 2,779.5
✅ 把方向全部取消勾選＝回到全部（不是變空白） — 1 列
✅ 只勾一條時，「管理名稱」預設就是那一條 — 中山路（115-01）｜勾的是 中山路
✅ 沒有 JS 例外

✅ 全部通過
✅ 前置：方向複選裡至少有兩個方向 — 方向A（A）／方向B（B）
✅ 前置：全部方向時面板有逐列數字 — 1 列、平日合計 42090
✅ 勾單一方向時，平假日比較的數字必須改變（這就是壞掉的那一項） — 全部方向 42090／只勾 方向A（A） 22631
✅ 換一個方向，數字也要跟著換 — 方向A（A） 22631／方向B（B） 19459
✅ 方向A ＋ 方向B ＝ 全部方向（證明篩的是分組，不是重新算了一套） — 22631 + 19459 = 42090｜全部 42090
✅ 一個都不勾 ＝ 全部方向（空陣列的語意不可以被改壞） — 不勾 42090／全部 42090
✅ 平日與假日兩邊都還在（沒有順手把日別也套進去） — 同季平假日 各路段平日與假日比較 實際交通量 PCU 下載高解析圖片（PNG） 只有圖，不含說明文字 季度（起） 115Q1 季度（迄） 115Q1 期別顯示：
✅ 匯出檔有「平假日比較」工作表
✅ 匯出的平假日比較找得到「平日實際量」欄 — 調查點編號｜調查點名稱｜季別｜平日實際量（輛）｜假日實際量（輛）｜平日PCU（PCU）｜假日PCU（PCU）｜平日調查涵蓋｜假日調查涵蓋｜平假日差（輛）｜假日相較平日（%）
✅ 匯出的平假日比較也套用了方向篩選（不是畫面對、檔案錯） — Excel 合計 22631／畫面 22631
✅ 整段流程不可以留下未捕捉的例外

✅ 全部通過

══ 多寬度 × 五個分頁掃描 ══
✅ 寬度 640px・匯入頁 乾淨
✅ 寬度 640px・設定頁 乾淨
✅ 寬度 640px・數字頁 乾淨
✅ 寬度 640px・圖表頁 乾淨
✅ 寬度 640px・明細頁 乾淨
✅ 寬度 760px・匯入頁 乾淨
✅ 寬度 760px・設定頁 乾淨
✅ 寬度 760px・數字頁 乾淨
✅ 寬度 760px・圖表頁 乾淨
✅ 寬度 760px・明細頁 乾淨
✅ 寬度 900px・匯入頁 乾淨
✅ 寬度 900px・設定頁 乾淨
✅ 寬度 900px・數字頁 乾淨
✅ 寬度 900px・圖表頁 乾淨
✅ 寬度 900px・明細頁 乾淨
✅ 寬度 1024px・匯入頁 乾淨
✅ 寬度 1024px・設定頁 乾淨
✅ 寬度 1024px・數字頁 乾淨
✅ 寬度 1024px・圖表頁 乾淨
✅ 寬度 1024px・明細頁 乾淨
✅ 寬度 1100px・匯入頁 乾淨
✅ 寬度 1100px・設定頁 乾淨
✅ 寬度 1100px・數字頁 乾淨
✅ 寬度 1100px・圖表頁 乾淨
✅ 寬度 1100px・明細頁 乾淨
✅ 寬度 1280px・匯入頁 乾淨
✅ 寬度 1280px・設定頁 乾淨
✅ 寬度 1280px・數字頁 乾淨
✅ 寬度 1280px・圖表頁 乾淨
✅ 寬度 1280px・明細頁 乾淨
✅ 寬度 1440px・匯入頁 乾淨
✅ 寬度 1440px・設定頁 乾淨
✅ 寬度 1440px・數字頁 乾淨
✅ 寬度 1440px・圖表頁 乾淨
✅ 寬度 1440px・明細頁 乾淨
✅ 寬度 1500px・匯入頁 乾淨
✅ 寬度 1500px・設定頁 乾淨
✅ 寬度 1500px・數字頁 乾淨
✅ 寬度 1500px・圖表頁 乾淨
✅ 寬度 1500px・明細頁 乾淨
✅ 寬度 1680px・匯入頁 乾淨
✅ 寬度 1680px・設定頁 乾淨
✅ 寬度 1680px・數字頁 乾淨
✅ 寬度 1680px・圖表頁 乾淨
✅ 寬度 1680px・明細頁 乾淨
✅ 寬度 1920px・匯入頁 乾淨
✅ 寬度 1920px・設定頁 乾淨
✅ 寬度 1920px・數字頁 乾淨
✅ 寬度 1920px・圖表頁 乾淨
✅ 寬度 1920px・明細頁 乾淨
✅ 1536×864・匯入頁 乾淨
✅ 1536×864・設定頁 乾淨
✅ 1536×864・數字頁 乾淨
✅ 1536×864・圖表頁 乾淨
✅ 1536×864・明細頁 乾淨
✅ 1366×768・匯入頁 乾淨
✅ 1366×768・設定頁 乾淨
✅ 1366×768・數字頁 乾淨
✅ 1366×768・圖表頁 乾淨
✅ 1366×768・明細頁 乾淨
✅ 沒有 JS 例外

✅ 全部通過
✅ A 日期在季度內時檢核報告沒有期別提示
✅ A 日期在季度內時「確認匯入」不跳期別確認框
✅ B 檢核報告顯眼標示日期與季度不一致 — ⚠️ 調查日期與你選的「115Q1」不一致 B_8月.xlsx【平日】：檔案裡是 2026-08-05（屬 115Q3），你選的是 115Q1。 來源 平日!F3「監測日期：115年08月05日(平日)」 按「確認匯入」時會再問一次；確認無誤才會以你選的季度寫入。 改用檔案日期的季別（115Q3）
✅ B 提示裡寫出檔案裡的日期 — ⚠️ 調查日期與你選的「115Q1」不一致 B_8月.xlsx【平日】：檔案裡是 2026-08-05（屬 115Q3），你選的是 115Q1。 來源 平日!F3「監測日期：115年08月05日(平日)」 按「確認匯入」時會再問一次；確認無誤才會以你選的季度寫入。 改用檔案日期的季別（115Q3）
✅ B 提示裡寫出日期屬於哪一季 — ⚠️ 調查日期與你選的「115Q1」不一致 B_8月.xlsx【平日】：檔案裡是 2026-08-05（屬 115Q3），你選的是 115Q1。 來源 平日!F3「監測日期：115年08月05日(平日)」 按「確認匯入」時會再問一次；確認無誤才會以你選的季度寫入。 改用檔案日期的季別（115Q3）
✅ B 提示裡寫出來源儲存格 — ⚠️ 調查日期與你選的「115Q1」不一致 B_8月.xlsx【平日】：檔案裡是 2026-08-05（屬 115Q3），你選的是 115Q1。 來源 平日!F3「監測日期：115年08月05日(平日)」 按「確認匯入」時會再問一次；確認無誤才會以你選的季度寫入。 改用檔案日期的季別（115Q3）
✅ B 提供一鍵改成檔案日期的季別 — 改用檔案日期的季別（115Q3）
✅ B 那顆按鈕上要寫出要改成哪一季（不可以只寫「改用檔案日期」） — 改用檔案日期的季別（115Q3）
✅ B 按下去之後季度欄位真的變成 115Q3 — 欄位值：115Q3
✅ B 切換之後提示跟著更新成「一致」（不是停在舊的警告）
✅ B 改回 115Q1 之後警告回來（證明上一項不是恆真）
✅ B 按「確認匯入」會跳二次確認框 — ⚠️ 調查日期與你選擇的期別不一致（1 份）

「B_8月.xlsx【平日】」
　檔案裡的調查日期：民國115年08月05日（屬於 115Q3）
　你選擇的期別：　　115Q1
　日期來源：平日!F3「監測日期：115年08月05日(平日)」

請確認是不是選錯期別、或拿錯檔案。
按「確定」＝我確認無誤，仍要以這個期別
✅ B 二次確認按「取消」之後沒有寫進去 — 1 個調查點
✅ B 二次確認按「確定」之後才寫得進去 — 1 → ?
✅ C 讀不到日期時用使用者指定的字句提醒 — 有 1 份資料無法辨別日期，所以無法幫忙確認是否符合期別，請自行確認正確性：C_沒有日期.xlsx【平日】
✅ C 讀不到日期不跳期別確認框
✅ C 讀不到日期照樣匯得進去（不阻擋） — 2 → ?
✅ C2 平日有日期、假日無日期時，仍明確提醒假日無法辨別 — 有 1 份資料無法辨別日期，所以無法幫忙確認是否符合期別，請自行確認正確性：C2_一張缺日期.xlsx【假日】
✅ C2 部分工作表缺日期不得誤報為期別不一致 — 有 1 份資料無法辨別日期，所以無法幫忙確認是否符合期別，請自行確認正確性：C2_一張缺日期.xlsx【假日】
✅ E-1 檢核報告就寫出「指向 2 個不同的期別」 — ⚠️ 調查日期與你選的「115Q1」不一致 E2_8月.xlsx【平日】：檔案裡是 2026-08-05（屬 115Q3），你選的是 115Q1。 來源 平日!F3「監測日期：115年08月05日(平日)」 這一批檔案的調查日期指向 2 個不同的期別，「確認追加」已停用。無論寫進哪一個期別，都一定有一批是錯的，所以這裡沒有「確認無誤」這個選項。請按「取消，資料不變」，把它們分成各自的期別分批匯入。
✅ E-1 而且寫明確認鈕已停用 — ⚠️ 調查日期與你選的「115Q1」不一致 E2_8月.xlsx【平日】：檔案裡是 2026-08-05（屬 115Q3），你選的是 115Q1。 來源 平日!F3「監測日期：115年08月05日(平日)」 這一批檔案的調查日期指向 2 個不同的期別，「確認追加」已停用。無論寫進哪一個期別，都一定有一批是錯的，所以這裡沒有「確認無誤」這個選項。請按「取消，資料不變」，把它們分成各自的期別分批匯入。
✅ E-1 說明要講清楚為什麼沒有「確認無誤」這條路 — ⚠️ 調查日期與你選的「115Q1」不一致 E2_8月.xlsx【平日】：檔案裡是 2026-08-05（屬 115Q3），你選的是 115Q1。 來源 平日!F3「監測日期：115年08月05日(平日)」 這一批檔案的調查日期指向 2 個不同的期別，「確認追加」已停用。無論寫進哪一個期別，都一定有一批是錯的，所以這裡沒有「確認無誤」這個選項。請按「取消，資料不變」，把它們分成各自的期別分批匯入。
✅ E-1 混批時不可以再印「按確認匯入時會再問一次」（那句對混批是錯的） — ⚠️ 調查日期與你選的「115Q1」不一致 E2_8月.xlsx【平日】：檔案裡是 2026-08-05（屬 115Q3），你選的是 115Q1。 來源 平日!F3「監測日期：115年08月05日(平日)」 這一批檔案的調查日期指向 2 個不同的期別，「確認追加」已停用。無論寫進哪一個期別，都一定有一批是錯的，所以這裡沒有「確認無誤」這個選項。請按「取消，資料不變」，把它們分成各自的期別分批匯入。
✅ E-1 混批時也不可以給「改用檔案日期的季別」（指向好幾季，一顆按鈕表達不出改哪一個）
✅ E-1 找得到確認鈕（前置）
✅ E-1 確認鈕真的停用了 — disabled=true
✅ E-1 而且停用時說得出原因（不是按了沒反應） — 這一批檔案的調查日期指向兩個以上的期別，無論寫進哪一個都一定有一批是錯的。請分成各自的期別分批匯入。
✅ E-1 去按那顆停用的確認鈕，一個調查點都不會被寫進去 — 3 個調查點
✅ E-1 而且不會跳出任何確認框
✅ E-2 同一批同一個期別時不可以出現混批的說明
✅ E-2 確認鈕要按得下去 — disabled=false
✅ E-2 而且真的寫得進去 — 3 → ?
✅ 有期別顯示切換鈕
✅ 預設顯示季別 — 期別顯示：季別
✅ 季別模式下季度下拉顯示 115Q1 — 115Q1
✅ 切到「調查月份」 — 期別顯示：調查月份
✅ 季度下拉改成實際調查月份，三個月都列出來 — 115年1、3、8月
✅ 切換前後畫面上的數字完全相同（只有期別文字變了） — （長度不同）
✅ 有年份顯示切換鈕
✅ 預設顯示民國年 — 年份顯示：民國年
✅ 民國年模式下季度下拉是 115Q1 — 115Q1
✅ 切到「西元年」 — 年份顯示：西元年
✅ 季度下拉改成 2026Q1，而且不再出現民國年寫法 — 2026Q1
✅ 切換年份寫法前後畫面上的數字完全相同（只有年份文字變了） — （長度不同）
✅ 量到的畫面確實有內容（不是拿空白畫面當通過） — 732 字
✅ 切成西元年之後畫面上看不到民國年寫法的季度
✅ 切回民國年後畫面與切換前逐字相同
✅ 可追溯明細裡每一列看得到自己的調查日 — 調查日 115年1月19日 ／ 調查日 115年1月12日 ／ 調查日 115年3月9日
✅ 調查日寫的就是匯入檔表頭那一天（民國年） — 調查日 115年1月19日 ／ 調查日 115年1月12日 ／ 調查日 115年3月9日
✅ 切到西元年之後調查日跟著寫成 2026 年（不會一頁兩種年份寫法） — 調查日 2026年1月19日 ／ 調查日 2026年1月12日 ／ 調查日 2026年3月9日
✅ 沒有 JS 例外

✅ 全部通過
✅ 畫面停在完整 24 小時的 115Q1 — 實際「115Q1」
   匯出工作表： 本季交通量及PCU / 路口轉向PCU係數 / 平假日比較 / 歷季趨勢 / 圖表說明 / 目前車種組成 / 歷季全日交通量 / 歷季車種組成 / 歷季組成圖表資料 / 每小時趨勢 / PCU係數 / 可編輯圖表 / 原始來源追溯 / 匯入與版本紀錄 / 品質檢核 / 全調查時段車種分析 / 上午尖峰小時車種分析 / 下午尖峰小時車種分析
✅ 歷季全日交通量 存在
✅ 歷季全日交通量 的標題不帶時間範圍
✅ 歷季全日交通量 有「調查涵蓋」欄 — 季度 | 日別 | 調查點編號 | 調查點名稱 | 調查涵蓋 | 方向A（輛・僅路段） | 方向B（輛・僅路段） | 合計（輛） | 方向A（PCU・僅路段） | 方向B（PCU・僅路段） | 合計（PCU）
✅ 歷季全日交通量：115Q1 平日標成完整 24 小時 — 實際「完整24小時」
✅ 歷季全日交通量：115Q1 假日標成部分時段 4 小時 — 實際「部分時段 4 小時（07:00～09:00、17:00～19:00）」
✅ 歷季全日交通量：115Q2 平日標成部分時段 4 小時 — 實際「部分時段 4 小時（07:00～09:00、17:00～19:00）」
✅ 歷季全日交通量：115Q2 假日標成完整 24 小時 — 實際「完整24小時」
✅ 歷季車種組成 存在
✅ 歷季車種組成 的標題不帶時間範圍
✅ 歷季車種組成 有「調查涵蓋」欄 — 季度 | 日別 | 調查點編號 | 調查點名稱 | 調查涵蓋 | 機車（輛） | 小型車（輛） | 大客車（輛） | 大貨車（輛） | 聯結車（輛） | 機車（%） | 小型車（%） | 大客車（%） | 大貨車（%） | 聯結車（%）
✅ 歷季車種組成：115Q1 平日標成完整 24 小時 — 實際「完整24小時」
✅ 歷季車種組成：115Q1 假日標成部分時段 4 小時 — 實際「部分時段 4 小時（07:00～09:00、17:00～19:00）」
✅ 歷季車種組成：115Q2 平日標成部分時段 4 小時 — 實際「部分時段 4 小時（07:00～09:00、17:00～19:00）」
✅ 歷季車種組成：115Q2 假日標成完整 24 小時 — 實際「完整24小時」
✅ 歷季趨勢存在
✅ 歷季趨勢分列平日調查涵蓋 — 季度 | 平日 全日實際交通量（輛） | 假日 全日實際交通量（輛） | 平日調查涵蓋 | 假日調查涵蓋
✅ 歷季趨勢分列假日調查涵蓋 — 季度 | 平日 全日實際交通量（輛） | 假日 全日實際交通量（輛） | 平日調查涵蓋 | 假日調查涵蓋
✅ 歷季趨勢：115Q1 平日完整、假日部分時段 — 完整24小時 / 部分時段 4 小時（07:00～09:00、17:00～19:00）
✅ 歷季趨勢：115Q2 平日部分時段、假日完整 — 部分時段 4 小時（07:00～09:00、17:00～19:00） / 完整24小時
✅ 平假日比較存在
✅ 平假日比較分列兩種日別的調查涵蓋 — 調查點編號 | 調查點名稱 | 季別 | 平日實際量（輛） | 假日實際量（輛） | 平日PCU（PCU） | 假日PCU（PCU） | 平日調查涵蓋 | 假日調查涵蓋 | 平假日差（輛） | 假日相較平日（%）
✅ 平假日比較使用中性數量單位 — 調查點編號 | 調查點名稱 | 季別 | 平日實際量（輛） | 假日實際量（輛） | 平日PCU（PCU） | 假日PCU（PCU） | 平日調查涵蓋 | 假日調查涵蓋 | 平假日差（輛） | 假日相較平日（%）
✅ 涵蓋不同時，各日別仍顯示自己的調查範圍 — 完整24小時 / 部分時段 4 小時（07:00～09:00、17:00～19:00）
✅ 涵蓋不同時，不計算平假日差與百分比 — 差值= / 百分比=
✅ 找得到單季工作表 — 本季交通量及PCU / 路口轉向PCU係數 / 平假日比較 / 歷季趨勢 / 圖表說明 / 目前車種組成 / 歷季全日交通量 / 歷季車種組成 / 歷季組成圖表資料 / 每小時趨勢 / PCU係數 / 可編輯圖表 / 原始來源追溯 / 匯入與版本紀錄 / 品質檢核 / 全調查時段車種分析 / 上午尖峰小時車種分析 / 下午尖峰小時車種分析
✅ ① 涵蓋不一致時，單季工作表「本季交通量及PCU」不可以用單一時間單位 — 雙向合計尖峰（PCU/小時）、方向A尖峰（PCU/小時）、方向B尖峰（PCU/小時）
✅ ① 而且要多一欄「調查涵蓋」，逐列寫出它自己的涵蓋 — 季度 | 日別 | 路段編號 | 路段名稱 | 方向A實際量（輛） | 方向B實際量（輛） | 方向A（PCU） | 方向B（PCU） | 調查時段實際交通量（輛） | 調查時段PCU（PCU） | 雙向合計尖峰（PCU/小時） | 雙向尖峰時段 | 方向A尖峰（PCU/小時） | 方向A尖峰時段 | 方向B尖峰（PCU/小時） | 方向B尖峰時段 | 調查涵蓋（本列自己的） | 機車（輛） | 小型車（輛） | 大客車（輛） | 大貨車（輛） | 聯結車（輛） | 機車比例（%） | 小型車比例（%） | 大客車比例（%） | 大貨車比例（%） | 聯結車比例（%）

══ 日別篩掉的那一欄要說明原因 ══
✅ ⚠️ 日別選「平日」時，假日調查涵蓋要寫「未選此日別」而不是「—」 — 實際寫的是「未選此日別（目前日別：平日）」——寫「—」會讓人以為根本沒做假日調查
✅ 而且被選到的那一邊仍然照實寫出調查涵蓋 — 實際「完整24小時」
✅ ② 涵蓋一致時找得到單季工作表 — 本季交通量及PCU / 路口轉向PCU係數 / 平假日比較 / 歷季趨勢 / 圖表說明 / 目前車種組成 / 歷季全日交通量 / 歷季車種組成 / 歷季組成圖表資料 / 每小時趨勢 / PCU係數 / 可編輯圖表 / 原始來源追溯 / 匯入與版本紀錄 / 品質檢核 / 全調查時段車種分析 / 上午尖峰小時車種分析 / 下午尖峰小時車種分析
✅ ② 涵蓋一致時，單季工作表仍要標明「輛/日」 — 季度 | 日別 | 路段編號 | 路段名稱 | 方向A實際量（輛/日） | 方向B實際量（輛/日） | 方向A（PCU/日） | 方向B（PCU/日） | 全日實際交通量（輛/日） | 24小時PCU（PCU/日） | 雙向合計尖峰（PCU/小時） | 雙向尖峰時段 | 方向A尖峰（PCU/小時） | 方向A尖峰時段 | 方向B尖峰（PCU/小時） | 方向B尖峰時段 | 機車（輛/日） | 小型車（輛/日） | 大客車（輛/日） | 大貨車（輛/日） | 聯結車（輛/日） | 機車比例（%） | 小型車比例（%） | 大客車比例（%） | 大貨車比例（%） | 聯結車比例（%）
✅ ② 涵蓋一致時不得誤標成部分時段
✅ ② 涵蓋一致時不可以多出「調查涵蓋」欄（那代表程式沒在判斷）
✅ 沒有 JavaScript 例外

✅ 歷季各表的單位逐季標示，單季工作表未受影響。
✅ 前置：兩季檔名確實不同（只差場次號） — 999999T1501示範北路示範一路口.xlsx vs 999999T1601示範北路示範一路口.xlsx
✅ 前置：第一季確實寫進去了 — 明細 96 筆、路段 999999T1501示範北路示範一路口｜示範北路示範一路口
✅ 路段名稱不可以還帶著案號與場次前綴 — 路段 999999T1501示範北路示範一路口｜示範北路示範一路口
✅ 第二季不可以跳出「無法確定是否屬於既有路段」的詢問視窗 — 沒有跳詢問
✅ 第二季要併進同一條路段，路段數不可以變成兩條 — 路段 999999T1501示範北路示範一路口｜示範北路示範一路口
✅ 前置：第二季確實寫進去了（否則上一項是 1→1 的恆真檢查） — 季度 115Q1、115Q2、明細 96 → 192 筆
✅ 沒有 JS 例外

✅ 全部通過
✅ 第一季匯入新路口時，幾何確認視窗要跳出來
✅ 視窗上有「儲存設定」可以按（按下去才會真的存起來）
✅ 按下「儲存設定」之後，支線設定要真的存進瀏覽器 — 存了 4 支支線
✅ 第二季匯入同一個路口時，幾何確認視窗**不可以**再跳 — 沒有跳
✅ 換一個沒設定過的路口，視窗仍然要跳（不可以改成永遠不跳） — 有跳
✅ 整段流程不可以留下未捕捉的例外

✅ 全部通過
✅ 匯入新的三岔路口時，幾何確認視窗要跳出來
✅ 視窗要說明角度與流向是依調查表反推預填的 — 道路與流向管理 多支線角度、轉向圖與流向確認 選擇路口 示範路段01（00-01） 支援多支線及不規則角度（常見 3～7 支，不以 7 支為上限）。角度以正東 0°、正南 90°、正西 180°、正北 270° 表示；系統以起點正對面 ±45° 判定直行，對向一側判定左轉、另一側
✅ 視窗要把調查表寫的缺口講出來（A 沒有右轉、B 沒有直進、C 沒有左轉） — 道路與流向管理 多支線角度、轉向圖與流向確認 選擇路口 示範路段01（00-01） 支援多支線及不規則角度（常見 3～7 支，不以 7 支為上限）。角度以正東 0°、正南 90°、正西 180°、正北 270° 表示；系統以起點正對面 ±45° 判定直行，對向一側判定左轉、另一側判定右轉，並可逐筆人工修正。 ⚠️ 系統已依這份調查表預填角度與流向：路口A 沒有右轉、路口B 沒有直進、路口C 沒有左
✅ 視窗要請使用者確認後按「儲存設定」，不是自動套用
✅ 預填角度應為 A=-90、B=0、C=90（預設的 C=180 會讓 A 的直進沒有目的地） — 實際角度 [-90,0,90]
✅ 按下「儲存設定」之後，三支支線的設定要真的存進瀏覽器 — 存了 3 支
✅ 存起來的路口C 角度是反推的 90 度 — 實際 90
✅ 前置：找得到「駛出路口（起點）」視角
✅ 前置：找得到「駛入路口（終點）」視角
✅ 切到駛入視角後，不可以出現「未指定駛入路口」 — 仍有車流沒有目的地——支線幾何與調查表對不起來
✅ 駛入與駛出的總量必須相同（車不可以被吃掉，也不可以憑空多出來） — 駛出 4104／駛入 4104
✅ 整段流程不可以留下未捕捉的例外

✅ 全部通過
✅ 前置：趨勢圖的畫布要在畫面上
✅ 畫布不可以整張都是白的 — 白色佔 94.13%
✅ 平日折線的顏色要出現在畫布裡 — 青色像素 3972
✅ 假日折線的顏色要出現在畫布裡 — 橘色像素 3216
✅ 圖例要畫在畫布裡面（下載成圖片時才看得出哪一條是平日、哪一條是假日） — 底部青 188、橘 180
✅ 要有指標選單 — 全日實際交通量、全日 PCU、單一車種車輛數、單一車種佔比、大車比例、尖峰小時交通量、尖峰小時 PCU
✅ 指標選單要不只「實際交通量／PCU」兩種 — 7 項
✅ 前置：縱軸那一條要真的有字（沒有字的話下一項會變成恆真） — 876 / 759
✅ 縱軸要寫「名稱（單位）」——換一個單位相同但名稱不同的指標，軸上的字要跟著變
✅ 圖旁邊要有說明欄位 — 1064 字
✅ 說明要有「這張圖在說什麼」這一段
✅ 說明要有「重點變化」這一段
✅ 說明要有「怎麼看這張圖」這一段
✅ 說明要有「要先講清楚的」這一段
✅ 說明裡要帶出指標名稱與單位 — 這張圖在說什麼 這是「全部路段合計」在 平日＋假日 的「全日實際交通量」歷季變化。 整個調查涵蓋時間內實際數到的車輛
✅ 說明不可以使用「個百分點」的講法
✅ 換成「大車比例」之後，說明裡的指標與單位要跟著變（而且不可以再出現舊名「大型車比例」） — 這張圖在說什麼 這是「全部路段合計」在 平日＋假日 的「大車比例」歷季變化。 非機車、非小型車的車種合計佔全部車輛數
✅ 換指標之後折線仍然畫得出來
✅ 報表草稿的歷季趨勢要跟著目前選擇顯示大車比例（%） — 歷季趨勢（大車比例，依「歷季分析」面板的 平日＋假日／全部路段合計）：平日：113Q1 7.3%、113Q2 7.2%、113Q3 7.3%、113Q4 7.2%、114Q1 —、114Q2 —、114Q3 7.1%、114Q4 7.3%、115Q1 7.4%、115Q2 7.1%；假日：113Q1 7.2%、113Q2 7.1%、113Q3 7.3%、113Q4 7.3%、114Q1 —、114Q2 —、114Q3 7.2%、114Q4 7.4%、115Q1 7.2%、115Q2 7.1%。
✅ 報表草稿的平日＋假日要分成兩組，不可以相加成虛構的一日數值 — 歷季趨勢（大車比例，依「歷季分析」面板的 平日＋假日／全部路段合計）：平日：113Q1 7.3%、113Q2 7.2%、113Q3 7.3%、113Q4 7.2%、114Q1 —、114Q2 —、114Q3 7.1%、114Q4 7.3%、115Q1 7.4%、115Q2 7.1%；假日：113Q1 7.2%、113Q2 7.1%、113Q3 7.3%、113Q4 7.3%、114Q1 —、114Q2 —、114Q3 7.2%、114Q4 7.4%、115Q1 7.2%、115Q2 7.1%。
✅ 「peakHour」要真的畫得出折線（不可以是一張空圖） — 青色像素 3754
✅ 「peakHourPcu」要真的畫得出折線（不可以是一張空圖） — 青色像素 3779
✅ 尖峰小時的說明要提醒「各季尖峰不一定是同一個小時」或說明落在哪個小時 — 這張圖在說什麼 這是「全部路段合計」在 平日＋假日 的「尖峰小時交通量」歷季變化。 一天之中最忙
✅ 按下 PNG 下載鈕要真的下載到檔案
✅ 下載的檔案要是 PNG（不是空檔或壞檔） — 216232 bytes
✅ 前置：要真的攔到下載動作（攔不到的話下一項會變成恆真） — 攔到 1 次
✅ 下載的檔名要帶指標與日別，兩種條件匯出才不會同名互相覆蓋 — 全日實際交通量_平日＋假日_歷季趨勢.png
✅ 前置：畫布上要找得到平日折線的顏色（找不到的話下一項會變成恆真） — 最上緣的青色在 y=41
✅ 最高的資料點不可以貼著最上面那條格線（圓點會被切掉一半） — 青色最上緣 y=41，繪圖區頂端 y=29，留白 12px
✅ 前置：要真的讀得到趨勢講稿 — 讀到 1064 個字
✅ 整季沒有資料的 114Q1 要出現在圖上（補成空格、折線斷開）
✅ 整季沒有資料的 114Q2 要出現在圖上（補成空格、折線斷開）
✅ 缺季要正好是兩季，不可以多補或少補 — 有 2 季平日與假日都沒有資料
✅ 缺少 114Q1、114Q2 時，畫布在兩季位置要真的斷線 — 兩個空季的折線色像素：0、0
✅ 整段流程不可以留下未捕捉的例外

✅ 全部通過

══ 一、五個分頁 ══
✅ 分區導覽有五顆分區按鈕 — 實測 5 顆
✅ 五顆按鈕各自對應一個分區 id — zone-import／zone-settings／zone-kpi／zone-charts／zone-output
✅ 側欄列得出全部大分頁 — 14 個
✅ 目前這一頁的小分頁有展開（手風琴不可以連目前這一頁都收起來） — 2 個
✅ 按「1」之後畫面上只有一個分頁（page-projects） — 實測 1 個：page-projects
✅ 按「1」之後高亮跟著換到第 1 顆 — 實測高亮第 1 顆
✅ 按「1」之後回到頁首（不是停在上一頁的捲動位置） — scrollY=0
✅ 按「2」之後畫面上只有一個分頁（page-settings） — 實測 1 個：page-settings
✅ 按「2」之後高亮跟著換到第 2 顆 — 實測高亮第 2 顆
✅ 按「2」之後回到頁首（不是停在上一頁的捲動位置） — scrollY=0
✅ 按「3」之後畫面上只有一個分頁（page-kpi） — 實測 1 個：page-kpi
✅ 按「3」之後高亮跟著換到第 3 顆 — 實測高亮第 3 顆
✅ 按「3」之後回到頁首（不是停在上一頁的捲動位置） — scrollY=0
✅ 按「4」之後畫面上只有一個分頁（page-composition） — 實測 1 個：page-composition
✅ 按「4」之後高亮跟著換到第 4 顆 — 實測高亮第 4 顆
✅ 按「4」之後回到頁首（不是停在上一頁的捲動位置） — scrollY=0
✅ 按「5」之後畫面上只有一個分頁（page-detail） — 實測 1 個：page-detail
✅ 按「5」之後高亮跟著換到第 5 顆 — 實測高亮第 5 顆
✅ 按「5」之後回到頁首（不是停在上一頁的捲動位置） — scrollY=0

══ 二、圖旁邊的說明文字 ══
✅ 「車種組成」這一頁上的解讀說明段數要等於圖的組數 — 實測 2 段、應為 2 段：平日・全部調查點・全部方向／平日・全部調查點・全部方向
✅ 「24小時型態」這一頁上的解讀說明段數要等於圖的組數 — 實測 1 段、應為 1 段：每小時實際交通量與PCU
✅ 「歷季分析」這一頁上的解讀說明段數要等於圖的組數 — 實測 1 段、應為 1 段：全日交通量平日／假日趨勢
✅ 「同季平假日」這一頁上的解讀說明段數要等於圖的組數 — 實測 1 段、應為 1 段：各路段平日與假日比較
✅ 四張圖旁邊都有解讀說明（車種組成拆組時一組一段） — 實測 5 段：平日・全部調查點・全部方向／平日・全部調查點・全部方向／每小時實際交通量與PCU／全日交通量平日／假日趨勢／各路段平日與假日比較
✅ 「平日・全部調查點・全部方向」的說明有講出內容 — 4 段、204 字
✅ 「平日・全部調查點・全部方向」的說明有講出內容 — 4 段、205 字
✅ 「每小時實際交通量與PCU」的說明有講出內容 — 7 段、281 字
✅ 「全日交通量平日／假日趨勢」的說明有講出內容 — 7 段、394 字
✅ 「各路段平日與假日比較」的說明有講出內容 — 3 段、223 字
✅ 車種組成說明裡的「最多的是…」與畫面上最大的那一項相同 — 畫面最大：機車
✅ 車種組成說明裡的輛數與畫面上的數字相同 — 畫面 21,859 輛
✅ 車種組成說明裡的總量與圓心的數字相同 — 圓心 42,090
✅ 寬螢幕（1600px）圖旁說明都排在圖的右側 — 右側 4／4
✅ 窄螢幕（1000px）圖旁說明都自動移到圖的下方 — 下方 4／4

══ 三、匯出的圖上不可以有說明文字 ══
✅ 說明文字全部落在圖本體與畫布之外

══ 四、文字對比（AA 4.5:1）══
✅ 有量到足夠多的文字節點（不是空跑） — 實測 547 個節點
✅ 所有量到的文字對比都 ≥ 4.5:1

══ 五、圖說第 3、4 級 ══
✅ 前置：這一頁**量得到圖說**（沒有的話下面每一條都變成恆真） — 2 份圖說
✅ ⚠️ 每一份圖說都有第 3 級「代表什麼狀況」
✅ ⚠️ 第 3 級帶得出數字，不是「本圖顯示各項數值之分布」這種空話
✅ 有第 4 級時它不是空標題（沒有第 4 級本來就允許）
✅ ⚠️ 沒有任何一段文字撐出說明框外 — 2 份都在框內
✅ 說明框沒有水平捲軸（有的話字會被切掉）
✅ ⚠️ 寬視窗下，圖仍然釘在畫面上（讀說明時看得見圖） — 實際 position=sticky
✅ 沒有 JS 例外

✅ 全部通過
══ 一、釘住區必須放得進視窗 ══
    {"viewport":900,"position":"sticky","panel":{"top":233,"bottom":1180,"height":948},"pinned":{"top":234,"bottom":612,"height":379},"head":{"top":234,"bottom":312,"height":79},"unit":null,"canvas":{"top":312,"bottom":612,"height":300},"script":{"top":662,"bottom":1179,"height":517},"scrollY":0}
✅ 前置：找得到釘住區
✅ 前置：講稿在（沒有它就沒有「捲說明」這件事）
✅ 釘住區是 sticky — sticky
✅ ⚠️ 釘住區的高度不可以超過視窗（超過就一定會切掉標題） — 釘住區 379px／視窗 900px

══ 二、捲到講稿底部時，標題仍然要在視窗內 ══
    {"viewport":900,"position":"sticky","panel":{"top":-86,"bottom":861,"height":948},"pinned":{"top":61,"bottom":440,"height":379},"head":{"top":61,"bottom":140,"height":79},"unit":null,"canvas":{"top":140,"bottom":440,"height":300},"script":{"top":343,"bottom":860,"height":517},"scrollY":319}
✅ 捲動真的發生了（沒捲的話下面全部是恆真） — 0 → 319
✅ ⚠️ 圖的**標題**仍然在視窗內（這就是使用者回報壞掉的那一項） — 標題 61～140／視窗 0～900
✅ 折線圖本身也整張在視窗內 — 圖 140～440

══ 三、包含區塊限制在這一塊（＝捲出去自動放開）══
    {"viewport":900,"position":"sticky","panel":{"top":-97,"bottom":850,"height":948},"pinned":{"top":61,"bottom":440,"height":379},"head":{"top":61,"bottom":140,"height":79},"unit":null,"canvas":{"top":140,"bottom":440,"height":300},"script":{"top":332,"bottom":849,"height":517},"scrollY":330}
✅ ⚠️ 釘住區的下緣不會超出 .trend-panel（捲出去就自動放開，不需要按鈕） — 釘住區下緣 440／面板下緣 850
✅ 沒有出現「取消固定」之類的按鈕（正確做法是修範圍，不是加按鈕）

══ 四、釘住區裡就能換路段，不必捲回最上面 ══
✅ 釘住區裡有路段選擇器
✅ 路段選擇器至少有兩個選項 — 平日＋假日／平日／假日
✅ ⚠️ 換路段之後不會被彈回頁首 — 330 → 392
✅ 換路段之後圖的標題仍然在視窗內

══ 五、螢幕矮的時候不啟用 ══
✅ 視窗高度 620px 時不啟用 sticky（矮螢幕釘住只會把講稿擠到看不見） — {"position":"static","innerHeight":620}
✅ 整段流程不可以留下未捕捉的例外

✅ 全部通過

══ 一、兩個調查點單獨看時的值 ══
✅ ① 單選中山路時講稿有數字 — 9 個
✅ ① 單選中正路口時講稿有數字 — 9 個
✅ ⚠️ ① 兩個調查點的值不一樣（分列與相加才分得出來） — 中山路獨有 3 個、中正路口獨有 3 個

══ 二、兩個都選時，圖上是一個調查點一條線 ══
✅ ② 畫面上有一句話說明「改成一個調查點一條線、不畫合計」 — 已選 2 個調查點，本圖改為一個調查點一條線，不畫合計：不同調查點的全日實際交通量相加不對應任何一條路的實際流量。要看單
✅ ⚠️ ② 畫布上真的畫出兩個調查點各自的線（hover 標籤認得出來） — 圖上的線：中正路口、中山路
✅ ⚠️ ② 畫出來的值就是單選時的那幾個（不是把合計拆成兩半） — 圖上讀到 2 個值

══ 三、合計那個數字整個不可以出現 ══
✅ ⚠️ ③ 講稿裡找不到任何「A＋B」的合計數字
✅ ⚠️ ③ 圖上也找不到任何「A＋B」的合計線
✅ ③ 標題那一行不可以再寫「合計」

══ 四、講稿與圖同一份 ══
✅ ④ 講稿逐條線各講一次，而且線名就是調查點名稱
✅ ⚠️ ④ 講稿明說「不可以相加、所以不畫合計」

══ 五、佔比逐調查點各自計算，不做跨點合併 ══
✅ ⚠️ ⑤ 切到「大車比例」時仍要顯示逐點分列、不合計
✅ ⚠️ ⑤ 大車比例是一個調查點一條線，不是跨點合併的平日／假日線 — 中正路口、中山路
✅ ⑤ 大車比例每條線都有自己的有限百分比資料點 — 中正路口=7.275388639659543；中山路=7.1941078641007365
✅ 沒有任何 JavaScript 例外

✅ 歷季趨勢「一個調查點一條線」全部通過

══ 前置 ══
✅ 前置：車種組成那一塊畫得出數字 — 平日・全部調查點・全部方向
✅ 前置：抬頭寫著目前的日別（平日） — 平日・全部調查點・全部方向

══ 一、區塊脫離之後，抬頭要描述區塊自己的條件 ══
✅ ⚠️ ① 數字真的變了（否則「標題跟著變」是恆真的） — 脫離前 42,090|21,859|17,203|965|1,458|605|42,09｜脫離後 115|32,675|17,101|13,212|757|1,129|476|3
✅ ⚠️ ① 抬頭跟著寫「假日」，不是主工具列的「平日」 — 假日・全部調查點・全部方向
✅ ⚠️ ① 圖旁邊那一段說明也跟著寫「假日」 — 這張圖在說什麼複製說明文字這張圖是「假日・全部調查點・全部方向」的車種組成：全部 32,675 輛裡，各車種各佔多少。最多的是機車，17,101 輛（52.3%

══ 二、結論草稿不跟著區塊脫離走 ══
✅ 前置：草稿產生得出來 — 2287 字
✅ ⚠️ ② 草稿的車種組成那一句**標籤**寫的是主工具列的日別（平日） — 車種組成（全調查時段，各調查點、各日別分別統計，不相加）： ・中山路・平日：機車 51.9%（21,859 輛）、小型車 40.9%（17,
✅ ⚠️ ② 車種組成那一句裡的**數字**也是主工具列那一份 — 比對過 5 個假日獨有的值

══ 三、回歸之後要跟回去 ══
✅ ③ 脫離時那一塊上面有「回到主工具列條件」的鈕
✅ ③ 按了之後抬頭與數字都回到主工具列那一份 — 平日・全部調查點・全部方向｜42,090|21,859|17,203|965|1,458|605|42,09
✅ 沒有任何 JavaScript 例外

✅ 範圍說明與數字同一邊：畫面照區塊、交付物照主工具列

══ 一、CSS 變數要跟著實際高度走 ══
✅ 前置：主工具列真的畫得出來（高度 > 0，量不到的話下面全部恆真） — 高度 217px
✅ ① 展開時 --main-toolbar-h ＝ 實際高度 — 變數 217px vs 實際 217px
✅ 前置：真的捲到主工具列黏住了（沒捲的話下一條恆真） — scrollY=400
✅ ① 黏住之後，主工具列停在內容區上緣（這一支的標題列不是 sticky，所以是 0） — 工具列上緣 0px
✅ ② 收合之後高度真的變矮了（沒變的話收合鈕是壞的，下一條會假綠） — 展開 217px → 收合 49px
✅ ② 收合時 --main-toolbar-h 也跟著變 — 變數 49px vs 實際 49px
✅ ③ 視窗變窄（欄位換行）之後，變數仍等於實際高度 — 變數 255px vs 實際 255px（寬 1000px）

══ 二、捲動之後圖仍然完整看得到（不被工具列蓋住）══
   展開狀態： {"stickyRoom":569,"usable":340,"figureTop":229,"figureBottom":608,"barBottom":217,"viewport":900,"sticky":"sticky","scrollY":498}
✅ 前置：釘住區找得到，而且真的設成 sticky — position: sticky
✅ 前置：真的捲動了（沒捲的話下面幾條驗不到吸頂行為） — scrollY=498
✅ 前置：扣掉 top 位移之後仍然有「可以黏」的範圍——沒有的話 sticky 本來就不會生效 — 講稿比圖長 569px、扣掉位移後可黏 340px
✅ 前置：捲動之後圖還在畫面上（沒黏住的話會被捲出去，那時下一條紅的原因是別的事） — top=229、bottom=608
✅ ⚠️ 捲動時圖的上緣在主工具列**下面**（不可以被它切掉） — 圖上緣 229px、工具列下緣 217px（差 12px）
   收合狀態： {"stickyRoom":569,"usable":508,"figureTop":61,"figureBottom":440,"barBottom":49,"viewport":900,"sticky":"sticky","scrollY":330}
✅ ⚠️ 收合之後圖的上緣同樣在工具列下面，而且不會留一大段空白 — 圖上緣 61px、工具列下緣 49px（差 12px，要在 0～24 之間）
✅ ⚠️ 展開狀態：sticky 的 top 是**當場量**主工具列算出來的，不是寫死的數字 — top=229px、工具列 217px＋留白 12px = 229px（表頭 0px 不算，它不是 sticky）
✅ ⚠️ 收合狀態：sticky 的 top 是**當場量**主工具列算出來的，不是寫死的數字 — top=61px、工具列 49px＋留白 12px = 61px（表頭 0px 不算，它不是 sticky）
✅ ⚠️ 而且兩種狀態的 top **真的不一樣**（一樣的話上面那兩條可能是巧合） — 展開 229px、收合 61px
✅ 整段沒有 JS 例外

✅ 吸頂高度跟著主工具列走，捲動時圖不會被切掉

══ 一、寬視窗（1920px）：左右並排 ＋ 圖固定 ══
✅ 前置：畫面上真的有「圖＋說明」的區塊（0 塊的話整支恆真） — 1 塊：block-composition
✅ ① block-composition：說明是圖的**兄弟**，不是被包在圖裡 — 兄弟關係正確
✅ ② block-composition：說明真的在圖的右邊 — 整塊 1414px、圖 1044px、說明 320px
✅ ② block-composition：圖是 sticky — sticky
✅ ③ block-composition：sticky 的 top ＝ 主工具列＋留白（不是寫死的數字） — 實際 61px vs 應該 61px

══ 二、斷點兩側的行為要和改版前一致 ══
✅ ④ 視窗 1280px：仍然並排（與改版前相同） — 這一區寬 974px、圖 664px、說明 260px
✅ ④ 視窗 1240px：收成單欄（與改版前相同） — 這一區寬 934px、圖 898px、說明 898px

══ 三、窄視窗（900px）：上下排，而且**不可以**釘住 ══
✅ 前置：block-composition 在窄視窗真的窄了（沒窄的話下面兩條恆真） — 657px
✅ ⑤ block-composition：窄的時候不並排（說明在圖的下面） — 圖 621px、說明 621px
✅ ⑤ block-composition：窄的時候圖**不可以**釘住（會蓋住說明） — static

══ 四、側欄跳轉之後標題不可以被工具列遮住 ══
✅ 前置：找得到跳轉目標（找不到的話下面每一條都恆真） — 共 6 個落點
✅ 前置：落點不只一個（只有一個的話「逐塊」等於沒改） — 共 6 個落點：import/block-projects、settings/block-managers、settings/block-pcu、kpi/block-kpi、charts/block-composition、output/block-detail
── 逐塊落點（先印再斷言）──
　import #block-projects：上緣 239px、工具列下緣 143px、scroll-margin-top 61px
　settings #block-managers：上緣 231px、工具列下緣 143px、scroll-margin-top 61px
　settings #block-pcu：上緣 328px、工具列下緣 143px、scroll-margin-top 61px
　kpi #block-kpi：上緣 235px、工具列下緣 143px、scroll-margin-top 61px
　charts #block-composition：上緣 233px、工具列下緣 143px、scroll-margin-top 61px
　output #block-detail：上緣 239px、工具列下緣 143px、scroll-margin-top 61px
✅ ⑥ 每一塊跳轉落點的上緣都在主工具列下面（不是躲在它後面） — 6 塊全部讓開了
✅ 整段沒有 JS 例外

✅ 圖與說明左右並排、圖固定、斷點行為與改版前一致；窄的時候自動改上下排且不釘住

══ 一、缺季在畫面、講稿、Excel 三處一致 ══
✅ 匯出的活頁簿裡有「歷季趨勢」工作表
✅ 歷季趨勢把中間缺的那一季也列出來（不是把它整列跳過） — Excel 共 3 季：115Q1／115Q2／115Q3
✅ 缺季那一列的數值欄是空白，不是 0 — 空白列 1 列：115Q2
✅ 沒有任何一季被寫成 0（0 會在折線圖上畫成真實資料點）
✅ 講稿裡也提到了季度（不是空講稿） — 講稿 684 字

══ 二、切換趨勢指標之後，匯出的是新指標 ══
✅ 趨勢指標下拉有多個選項 — 7 個
✅ 切換指標之後畫面上的講稿跟著換了 — 全日實際交通量 → 全日 PCU
✅ 第二次匯出也有「歷季趨勢」工作表
✅ Excel 的欄位標題換成了新指標的名稱 — 舊：季度｜中山路 全日實際交通量（輛）｜中正路口 全日實際交通量（輛）｜平日調查涵蓋｜假日調查涵蓋／新：季度｜中山路 全日 PCU（PCU）｜中正路口 全日 PCU（PCU）｜平日調查涵蓋｜假日調查涵蓋
✅ Excel 裡的數值也換成了新指標（不是沿用舊指標的快取） — 舊：42090/73783,－/－,42090/－…／新：31160.5/54376.1,－/－,31160.5/－…
✅ Excel 的每一個數值都找得到對應的畫面數值（容許四捨五入 ±1） — Excel 3 個數值，對得上 3 個｜Excel 31160.5、54376.1、31160.5
✅ 換了指標之後缺季那一列仍然是空白 — 空白列 1 列
✅ 沒有 JS 例外

✅ 全部通過
✅ 建立計畫
✅ 草稿有 11 個可勾選段落，且預設全部勾起 — 11 段／勾選 11
✅ 草稿含「各調查點分項結果」段落 — 本次分析範圍（建議保留）｜本季交通量、PCU與平假日比較｜每小時實際量與PCU｜時段車種分析｜各調查點分項結果｜車種組成與歷季比例｜歷季全日量與趨勢｜歷季異常提醒｜PCU、車種與路口設定｜來源追溯、品質與版本紀錄｜7張可編輯原生圖表
✅ 匯出中心的 7 個勾選項目，草稿裡都有同名段落 — 本次分析範圍（建議保留）｜本季交通量、PCU與平假日比較｜每小時實際量與PCU｜時段車種分析｜各調查點分項結果｜車種組成與歷季比例｜歷季全日量與趨勢｜歷季異常提醒｜PCU、車種與路口設定｜來源追溯、品質與版本紀錄｜7張可編輯原生圖表
✅ 時段車種分析涵蓋全範圍（不是只取第一個調查點） — 全日逐點相加 115873 vs 時段逐點相加 115873
✅ ⚠️ 時段車種分析不可以再出現「實際車輛數合計」 — 沒有出現
✅ ⚠️ 時段車種分析逐點列出每一個調查點 — 全調查時段：中山路・24 小時，當量交通量 31,160.5 PCU/日、實際車輛數 42,090 輛/日；中正路口・24 小時，當量交通量 54,376.1 PCU/日、實際車輛
✅ ⚠️ 草稿裡不可以再出現跨調查點的「全日實際交通量合計」 — 沒有出現
✅ ⚠️ 多個調查點時，草稿逐點敘述並說明為什麼不給合計 — 本範圍有 2 個調查點，上述數字各自獨立；不同調查點的交通量不可以相加，所以不列合計。
✅ 兩個調查點都被算進來 — 本次分析範圍：115Q1、平日、全部調查點、全部方向；路口流量以「駛出」視角統計。
✅ 分項結果有寫出條件（尖峰認定、流量視角、統計範圍、輸出數值） — 找不到
✅ 每個調查點各有一段標題 — 【中山路】、【中正路口】
✅ 名稱不重複時標題不會被硬加上調查點編號 — 【中山路】、【中正路口】
✅ 分項結果逐時段列出，且全日的單位是「輛/日」不是「輛/hr」
✅ 尖峰時段的單位是「輛/hr」
✅ 分項結果沒有出現 NaN／undefined
✅ 每個調查點的合計列＝該點各方向／各支線之和 — 中山路 合計 42090 vs 分項 42090；中正路口 合計 73783 vs 分項 73783
✅ 各調查點分項的合計列，與逐點敘述的數字對得起來 — 分項合計 115873 vs 逐點相加 115873
✅ 前置：有第二個季度可以拿來製造脫離 — 115Q1、115Q2
✅ 前置：那一區真的脫離了（掛出「目前用本區塊自己的條件」）
✅ 某一塊脫離之後，草稿裡兩個段落的口徑仍然一致（脫離不可以滲進文件） — 全日逐點相加 115873 vs 時段 115873（那一塊脫離到 115Q2，主工具列是 115Q1）
──── 草稿全文 ────
測試計畫A 115Q1 交通量分析報告草稿

本次分析範圍：115Q1、平日、全部調查點、全部方向；路口流量以「駛出」視角統計。
本範圍共 2 個調查點（其中 1 個為路口格式），144 筆時段紀錄。
統計條件：尖峰時段認定＝整個調查點同一時段；路口流量視角＝駛出；數值小數 1 位（車輛數為整數）。
本數值不適用「顯示數值」條件：草稿裡每一句各自標明自己的單位（輛、PCU、%），不跟著主工具列的「顯示數值」切換。

中山路全日實際交通量 42,090 輛，換算當量交通量 31,160.5 PCU；中正路口全日實際交通量 73,783 輛，換算當量交通量 54,376.1 PCU。
本範圍有 2 個調查點，上述數字各自獨立；不同調查點的交通量不可以相加，所以不列合計。
中正路口平日 73,783 輛、假日 59,457 輛，假日較平日減少 19.4%；中山路平日 42,090 輛、假日 32,675 輛，假日較平日減少 22.4%。
（平假日比較一律同時統計兩種日別，不受上述「日別」範圍限制；各調查點各自獨立，不列跨調查點的合計。）

全調查時段尖峰逐調查點如下（各調查點的尖峰小時不同，不列合計）：
・中山路（平日）：尖峰出現於 18:00～19:00，該時段當量交通量 2,779.5 PCU/hr。
・中正路口（平日）：尖峰出現於 18:00～19:00，該時段當量交通量 4,812.9 PCU/hr。

時段車種分析（分析時段：全調查時段、上午尖峰小時、下午尖峰小時；統計範圍：全部方向／支線；輸出數值：車輛數、百分比、交通流量；尖峰時段認定：整個調查點同一時段；路口流量視角：駛出；工作表配置：每個時段各一張）。
全調查時段：中山路・24 小時，當量交通量 31,160.5 PCU/日、實際車輛數 42,090 輛/日；中正路口・24 小時，當量交通量 54,376.1 PCU/日、實際車輛數 73,783 輛/日。
（上述數字各自獨立：不同調查點的交通量不可以相加，所以不列合計。）
上午尖峰小時：中山路・08:00～09:00，當量交通量 2,487.5 PCU/hr、實際車輛數 3,376 輛/hr；中正路口・08:00～09:00，當量交通量 4,181.0 PCU/hr、實際車輛數 5,704 輛/hr。
（上述數字各自獨立：不同調查點的交通量不可以相加，所以不列合計。）
下午尖峰小時：中山路・18:00～19:00，當量交通量 2,779.5 PCU/hr、實際車輛數 3,725 輛/hr；中正路口・18:00～19:00，當量交通量 4,812.9 PCU/hr、實際車輛數 6,500 輛/hr。
（上述數字各自獨立：不同調查點的交通量不可以相加，所以不列合計。）

各調查點分項結果（尖峰時段認定：整個調查點同一時段；路口流量視角：駛出；統計範圍：全部方向／支線；輸出數值：車輛數、百分比、交通流量）：
（下列單位依各調查點自己的實際調查時數標示；Excel 工作表的欄名為整張表統一的單位，兩者若不同以本文與各列的時段標籤為準。）
【中山路】
・雙向合計｜全調查時段（24 小時）：車輛數 42,090 輛/日、交通流量 31,160.5 PCU/日；機車 51.9%、小型車 40.9%、大貨車 3.5%、大客車 2.3%、聯結車 1.4%。
・雙向合計｜上午尖峰小時（08:00～09:00）：車輛數 3,376 輛/hr、交通流量 2,487.5 PCU/hr；機車 52.6%、小型車 40.3%、大貨車 3.4%、大客車 2.3%、聯結車 1.3%。
・雙向合計｜下午尖峰小時（18:00～19:00）：車輛數 3,725 輛/hr、交通流量 2,779.5 PCU/hr；機車 50.8%、小型車 42.2%、大貨車 3.3%、大客車 2.3%、聯結車 1.4%。
・方向A｜全調查時段（24 小時）：車輛數 22,631 輛/日、交通流量 16,756.0 PCU/日；機車 51.9%、小型車 40.8%、大貨車 3.5%、大客車 2.3%、聯結車 1.4%。
・方向A｜上午尖峰小時（08:00～09:00）：車輛數 1,837 輛/hr、交通流量 1,357.5 PCU/hr；機車 52.2%、小型車 40.8%、大貨車 3.4%、大客車 2.3%、聯結車 1.4%。
・方向A｜下午尖峰小時（18:00～19:00）：車輛數 1,994 輛/hr、交通流量 1,490.0 PCU/hr；機車 50.6%、小型車 42.4%、大貨車 3.3%、大客車 2.4%、聯結車 1.4%。
・方向B｜全調查時段（24 小時）：車輛數 19,459 輛/日、交通流量 14,404.5 PCU/日；機車 52.0%、小型車 40.9%、大貨車 3.4%、大客車 2.3%、聯結車 1.4%。
・方向B｜上午尖峰小時（08:00～09:00）：車輛數 1,539 輛/hr、交通流量 1,130.0 PCU/hr；機車 53.2%、小型車 39.8%、大貨車 3.4%、大客車 2.3%、聯結車 1.3%。
・方向B｜下午尖峰小時（18:00～19:00）：車輛數 1,731 輛/hr、交通流量 1,289.5 PCU/hr；機車 51.0%、小型車 42.0%、大貨車 3.3%、大客車 2.3%、聯結車 1.4%。
【中正路口】
・全部支線合計｜全調查時段（24 小時）：車輛數 73,783 輛/日、交通流量 54,376.1 PCU/日；機車 52.2%、小型車 40.5%、大貨車 3.5%、大客車 2.3%、聯結車 1.4%。
・全部支線合計｜上午尖峰小時（08:00～09:00）：車輛數 5,704 輛/hr、交通流量 4,181.0 PCU/hr；機車 52.6%、小型車 39.9%、大貨車 3.5%、大客車 2.4%、聯結車 1.5%。
・全部支線合計｜下午尖峰小時（18:00～19:00）：車輛數 6,500 輛/hr、交通流量 4,812.9 PCU/hr；機車 51.8%、小型車 41.1%、大貨車 3.4%、大客車 2.3%、聯結車 1.5%。
・駛出路口A｜全調查時段（24 小時）：車輛數 22,513 輛/日、交通流量 16,545.9 PCU/日；機車 52.4%、小型車 40.2%、大貨車 3.6%、大客車 2.4%、聯結車 1.4%。
・駛出路口A｜上午尖峰小時（08:00～09:00）：車輛數 1,695 輛/hr、交通流量 1,223.5 PCU/hr；機車 54.0%、小型車 38.3%、大貨車 3.7%、大客車 2.5%、聯結車 1.5%。
・駛出路口A｜下午尖峰小時（18:00～19:00）：車輛數 1,877 輛/hr、交通流量 1,374.1 PCU/hr；機車 52.7%、小型車 39.7%、大貨車 3.5%、大客車 2.6%、聯結車 1.5%。
・駛出路口B｜全調查時段（24 小時）：車輛數 19,732 輛/日、交通流量 14,586.8 PCU/日；機車 51.9%、小型車 40.8%、大貨車 3.5%、大客車 2.3%、聯結車 1.5%。
・駛出路口B｜上午尖峰小時（08:00～09:00）：車輛數 1,501 輛/hr、交通流量 1,124.8 PCU/hr；機車 50.6%、小型車 41.8%、大貨車 3.6%、大客車 2.5%、聯結車 1.5%。
・駛出路口B｜下午尖峰小時（18:00～19:00）：車輛數 1,877 輛/hr、交通流量 1,383.0 PCU/hr；機車 52.4%、小型車 41.1%、大貨車 3.1%、大客車 2.0%、聯結車 1.4%。
・駛出路口C｜全調查時段（24 小時）：車輛數 17,051 輛/日、交通流量 12,555.8 PCU/日；機車 52.3%、小型車 40.5%、大貨車 3.5%、大客車 2.3%、聯結車 1.5%。
・駛出路口C｜上午尖峰小時（08:00～09:00）：車輛數 1,318 輛/hr、交通流量 957.0 PCU/hr；機車 53.5%、小型車 39.0%、大貨車 3.7%、大客車 2.4%、聯結車 1.4%。
・駛出路口C｜下午尖峰小時（18:00～19:00）：車輛數 1,429 輛/hr、交通流量 1,072.5 PCU/hr；機車 50.5%、小型車 42.0%、大貨車 3.8%、大客車 2.2%、聯結車 1.5%。
・駛出路口D｜全調查時段（24 小時）：車輛數 14,487 輛/日、交通流量 10,687.6 PCU/日；機車 52.1%、小型車 40.7%、大貨車 3.4%、大客車 2.3%、聯結車 1.4%。
・駛出路口D｜上午尖峰小時（08:00～09:00）：車輛數 1,190 輛/hr、交通流量 875.7 PCU/hr；機車 52.4%、小型車 40.9%、大貨車 2.9%、大客車 2.4%、聯結車 1.3%。
・駛出路口D｜下午尖峰小時（18:00～19:00）：車輛數 1,317 輛/hr、交通流量 983.3 PCU/hr；機車 51.1%、小型車 42.1%、大貨車 3.0%、大客車 2.4%、聯結車 1.4%。

車種組成（全調查時段，各調查點、各日別分別統計，不相加）：
・中山路・平日：機車 51.9%（21,859 輛）、小型車 40.9%（17,203 輛）、大客車 2.3%（965 輛）、大貨車 3.5%（1,458 輛）、聯結車 1.4%（605 輛）。
・中正路口・平日：機車 52.2%（38,509 輛）、小型車 40.5%（29,906 輛）、大客車 2.3%（1,722 輛）、大貨車 3.5%（2,579 輛）、聯結車 1.4%（1,067 輛）。

歷季趨勢（全日實際交通量，依「歷季分析」面板的 平日／全部路段（逐點分列，不合計））：中山路：115Q1 42,090.0 輛／調查日、115Q2 63,195.0 輛／調查日；中正路口：115Q1 73,783.0 輛／調查日、115Q2 —。
中山路最新一季 115Q2 較前一季 115Q1，增加 50.1%。
中正路口最新一季 115Q2 較前一季 115Q1，其中一期讀不到數值，變動幅度無法計算。

歷季異常提醒共 8 項：
・中山路／平日／方向A 115Q1→115Q2 全日量變動 50.1%
・中山路／平日／方向A 115Q1→115Q2 PCU變動 50.2%
・中山路／平日／方向B 115Q1→115Q2 全日量變動 50.2%
・中山路／平日／方向B 115Q1→115Q2 PCU變動 50.2%
・中山路／假日／方向A 115Q1→115Q2 全日量變動 50.2%
・中山路／假日／方向A 115Q1→115Q2 PCU變動 50.2%
・中山路／假日／方向B 115Q1→115Q2 全日量變動 50.2%
・中山路／假日／方向B 115Q1→115Q2 PCU變動 50.2%

本計畫採用的 PCU 當量係數：機車 0.5、小型車 1、大型車 1.5、特種車 2.5、大貨車 1、聯結車 1、大客車 1。
本範圍含路口格式資料，路口幾何與轉向當量設定會影響 PCU 換算結果。

資料來源共 2 個原始檔；資料品質檢查未發現未滿 24 小時的方向。
本季狀態：尚未完成人工檢核。

本次匯出附圖：全日實際交通量、全日當量交通量（PCU）、平假日比較、歷季全日量趨勢、車種組成圓餅、車種歷季比例、每小時實際量與PCU，均為 Excel 可編輯的原生圖表。

本段文字由系統依目前畫面的分析結果自動產生，僅供撰寫報告時參考；正式引用前請核對原始調查檔、當量係數設定與現地情況。
檢查結果區塊： {
 "heading": "檢查結果（全部季度）",
 "filters": [
  "起始季度",
  "結束季度",
  "調查點",
  "日別"
 ],
 "chips": [
  "全日量變動（4）",
  "PCU變動（4）",
  "尖峰時段位移（0）",
  "車種占比變動（0）",
  "零流量時段（0）",
  "方向名稱不成對（0）",
  "調查日期不只一個（0）",
  "調查格距異常（0）",
  "調查格距混用（0）",
  "平假日涵蓋不一致（0）",
  "PCU係數全為0（0）",
  "調查涵蓋無法判斷（0）",
  "清除篩選"
 ],
 "rows": 8,
 "resolutionHeader": true,
 "resolutionCells": 8
}
✅ 檢查結果在資料維護頁上找得到 — [object Object]
✅ 檢查結果有季度區間、調查點、日別四個篩選 — 起始季度、結束季度、調查點、日別
✅ 檢查結果有分類型的筆數統計與清除篩選 — 全日量變動（4） PCU變動（4） 尖峰時段位移（0） 車種占比變動（0） 零流量時段（0） 方向名稱不成對（0） 調查日期不只一個（0） 調查格距異常（0） 調查格距混用（0） 平假日涵蓋不一致（0） PCU係數全為0（0） 調查涵蓋無法判斷（0） 清除篩選
✅ ⚠️ 每一種異常類型都有自己的標籤（少一顆＝那一類篩不出來） — 12 種都有
✅ 檢查結果改成表格呈現 — 8 列
✅ 檢查結果有「解決方式」欄
✅ 而且每一列都真的填了解決方式 — 8 格／8 列
✅ 點說明文字不會誤觸「已完成人工檢核」勾選框 — {"before":false,"after":false,"noteInsideLabel":false,"labelWidth":572}

全部通過
   匯出檔大小： 68688 bytes
✅ 匯出檔非空 — 68688 bytes
   part 數： 39 ／圖表數： 7
✅ 7 張原生圖表都有產生 — 7 張
✅ Excel 開檔不會跳出修復提示（OOXML 結構全部合規）
✅ 歷季組成圖表資料有調查點與日別維度 — 期別標籤｜季度｜調查點編號｜調查點｜日別｜機車（%）｜小型車（%）｜大客車（%）｜大貨車（%）｜聯結車（%）
✅ 平日＋假日匯出時，每個調查點的兩種日別各自成列，不跨點也不跨日相加 — 4 列／4 組：115-01｜中山路｜平日、115-01｜中山路｜假日、115-02｜中正路口｜平日、115-02｜中正路口｜假日
✅ 找得到路口格式的調查點可以單獨篩選 — 中正路口
   已篩選為： 中正路口
✅ 只有路口格式時，匯出檔結構仍然合規
   chart1 參照： ["'路口駛出交通量'!$F$2:$F$9","'路口駛出交通量'!$G$2:$G$9"] 資料點 8
   chart2 參照： ["'路口駛出交通量'!$F$2:$F$9","'路口駛出交通量'!$H$2:$H$9"] 資料點 8
✅ 整季只有路口格式時，第 1 張圖改參照「路口…交通量」工作表 — '路口駛出交通量'!$F$2:$F$9 ｜ '路口駛出交通量'!$G$2:$G$9
✅ 整季只有路口格式時，第 2 張圖改參照「路口…交通量」工作表 — '路口駛出交通量'!$F$2:$F$9 ｜ '路口駛出交通量'!$H$2:$H$9
✅ 這兩張圖確實有資料點（不再是空白圖） — chart1 8 點、chart2 8 點
   產出保留於： D:\Users\95108\AppData\Local\Temp\traffic-xlsx-xHASh6
✅ 全程無 JS 錯誤

全部通過
✅ 前置：係數面板上找得到範圍選擇器
✅ ① 預設停在「全季別 × 全路段」（不碰它就等於改版前） — *／*
✅ ① 摘要一開始寫「全部套用同一組」
✅ 前置：兩個季度都讀得到明細（沒有對照組的話 ③ 等於恆真） — 3 格：115Q1#0、115Q1#1、115Q2#0
✅ 前置：季別下拉列出實際有資料的季別（不是空的、也不是憑空捏造的） — 全季別、115Q2、115Q1
✅ 前置：路段下拉也列得出實際有資料的路段 — 全路段、中山路
✅ ② 選了具體路段之後，畫面要說明這一格目前是沿用上層設定
✅ ② 指定的那一季，數字確實變了 — 變了 1 格
✅ ③ ⚠️ 沒被指定到的季別，數字必須一格都沒動 — 共 3 格，變了 1 格、沒變 2 格
✅ ③ ⚠️ 變動的格子必須**全部**屬於被指定的那一季 — 115Q1#0
✅ ③ ⚠️ 另一季的每一格都與改動前逐字相同
✅ ④ 摘要列出這一組專屬係數 — 係數套用範圍

除了全計畫預設之外，另有 1 組專屬係數：

115Q1 × 全路段
機車 1／小型車 1／大型車 1.5／特種車 2.5
還原成預設
✅ ④ 摘要寫得出「哪一段、哪一季」 — 係數套用範圍

除了全計畫預設之外，另有 1 組專屬係數：

115Q1 × 全路段
機車 1／小型車 1／大型車 1.5／特種車 2.5
還原成預設
✅ ④ 每一組都有「還原成預設」
✅ ⑥ ⚠️ 重新整理之後設定還在（真的寫進瀏覽器儲存了，不是只在畫面上）
✅ ⑥ 重新整理之後數字與套用當下相同
✅ ⑤ ⚠️ 還原之後每一格都回到原值（不是回到某個中間值） — （無差異）
✅ ⑤ 還原之後摘要回到「全部套用同一組」

══ 主控台 ══
✅ 整段流程沒有 JS 例外

✅ 全部通過

══ ⓪ 預設：全季別 × 全路段，沒有任何標註 ══
✅ ⓪ 前置：兩季都讀到車種組成（讀不到的話下面全部是在比空陣列） — 115Q1 5 列／115Q2 5 列
✅ ⓪ 還沒設任何覆寫時，圖上沒有標註
✅ ⓪ 管理視窗打得開
✅ ⓪ 預設停在「全計畫預設」

══ ① 只改 115Q2 的歸類 ══
✅ ① 選得到一個季別範圍 — 選到「115Q2」
✅ ① 改得動「大貨車 → 歸類至特種車」 — 選到 special
✅ ① 「composition」這張圖出現標註
✅ ① 「trend」這張圖出現標註
✅ ① 標註寫出是哪一個車種
✅ ① 標註寫出「不同季別之間」與「不可以直接比較」

══ ② 反面：115Q1 一格都沒動 ══
   改動前 115Q1： ["機車51.9%21,859 輛","小型車40.9%17,203 輛","大客車2.3%965 輛","大貨車3.5%1,458 輛","聯結車1.4%605 輛"]
   改動後 115Q1： ["機車51.9%21,859 輛","小型車40.9%17,203 輛","特種車0.0%0 輛","大客車2.3%965 輛","大貨車3.5%1,458 輛","聯結車1.4%605 輛"]
✅ ② 115Q1 原有的每一列一字不差（任何一個數字變了都算缺陷）
✅ ② 多出來的列只能是 0 輛（多出一個有數字的類別＝別季的設定污染了這一季）
✅ ② 前置：115Q2 真的變了（沒變的話上面那一條證明不了任何事）

══ ★③ 圖版面淨空：移除畫面上的標註，圖檔要逐位元相同 ══
✅ ★③ 前置：標註還在畫面上，而且下載得到圖檔
✅ ★③ 把標註整個移除之後，圖檔逐位元相同（＝標註從來沒進過繪圖路徑）

══ ④ 重新整理之後覆寫還在 ══
✅ ④ 重新整理後標註還在（設定真的寫進瀏覽器儲存）

══ ⑤ 反面：改回一致之後標註要消失 ══
✅ ⑥ 正式 xlsx「歷季車種組成」有歸類提醒
✅ ⑥ 正式 xlsx「歷季車種組成」逐列寫出不可比較
✅ ⑥ 正式 xlsx「方向別車種組成」有歸類提醒
✅ ⑥ 正式 xlsx「方向別車種組成」逐列寫出不可比較
✅ ⑥ 正式 xlsx 原生比例趨勢縱軸為百分比
✅ ⑥ 正式 xlsx 原生趨勢具有可見連線
✅ ⑥ 正式 xlsx 甜甜圈使用圖例及旁表，沒有凍結選單切換前的標籤狀態
✅ ⑥ 正式 xlsx 歸類設定包含季別與路段維度
✅ ⑥ 正式 xlsx 保留套用到特種車的季別設定
✅ ⑤ 歸類改回一致之後，標註整塊消失（恆亮的標註等於沒有標註）
✅ ⑤ 115Q1 從頭到尾一格都沒被動過
✅ 過程中沒有 JS 例外

✅ 全部通過
✅ 指定季別的門檻確實保存
✅ 計畫預設門檻未被專屬設定改動
✅ 重新整理後專屬門檻仍是 93
✅ 單一計畫備份攜帶完整門檻覆寫
✅ 全部計畫備份攜帶該計畫自己的門檻覆寫
✅ 舊備份缺少門檻覆寫時清除目的計畫殘留
✅ 單一計畫還原完整門檻覆寫
✅ 全部計畫還原寫到新計畫且完整保留門檻覆寫
✅ 兩小時格的匯入預覽有阻擋說明
✅ 兩小時格的確認按鈕停用
✅ 完整操作沒有 JavaScript 例外

══ 前置：三條判準都真的抓得到 ══
✅ ① 重疊判準抓得到刻意重疊的兩塊
✅ ② 相鄰判準抓得到間距 0px 的兩顆按鈕
✅ ③ 貼邊判準抓得到距左邊 2px 的按鈕
✅ 前置：側欄找得到大分頁（找不到的話下面只驗了一頁） — 14 個大分頁

══ 視窗 1500×1000 ══
   ✅ page-projects：1 塊面板、6 顆互動元素，沒有碰撞
   ✅ page-quarter：0 塊面板、4 顆互動元素，沒有碰撞
   ✅ page-settings：0 塊面板、16 顆互動元素，沒有碰撞
   ✅ page-kpi：0 塊面板、3 顆互動元素，沒有碰撞
   ✅ page-composition：1 塊面板、8 顆互動元素，沒有碰撞
   ✅ page-hourly：1 塊面板、13 顆互動元素，沒有碰撞
   ✅ page-trend：1 塊面板、8 顆互動元素，沒有碰撞
   ✅ page-comparison：1 塊面板、13 顆互動元素，沒有碰撞
   ✅ page-detail：2 塊面板、18 顆互動元素，沒有碰撞
   ✅ page-period：1 塊面板、15 顆互動元素，沒有碰撞
   ✅ page-delivery：1 塊面板、4 顆互動元素，沒有碰撞
   ✅ page-batch：2 塊面板、10 顆互動元素，沒有碰撞
   ✅ page-check：4 塊面板、13 顆互動元素，沒有碰撞
   ✅ page-backup：6 塊面板、10 顆互動元素，沒有碰撞

══ 視窗 1180×1000 ══
   ✅ page-projects：1 塊面板、6 顆互動元素，沒有碰撞
   ✅ page-quarter：0 塊面板、4 顆互動元素，沒有碰撞
   ✅ page-settings：0 塊面板、16 顆互動元素，沒有碰撞
   ✅ page-kpi：0 塊面板、3 顆互動元素，沒有碰撞
   ✅ page-composition：1 塊面板、8 顆互動元素，沒有碰撞
   ✅ page-hourly：1 塊面板、13 顆互動元素，沒有碰撞
   ✅ page-trend：1 塊面板、8 顆互動元素，沒有碰撞
   ✅ page-comparison：1 塊面板、13 顆互動元素，沒有碰撞
   ✅ page-detail：2 塊面板、18 顆互動元素，沒有碰撞
   ✅ page-period：1 塊面板、15 顆互動元素，沒有碰撞
   ✅ page-delivery：1 塊面板、4 顆互動元素，沒有碰撞
   ✅ page-batch：2 塊面板、10 顆互動元素，沒有碰撞
   ✅ page-check：4 塊面板、13 顆互動元素，沒有碰撞
   ✅ page-backup：6 塊面板、10 顆互動元素，沒有碰撞

══ 視窗 900×1000 ══
   ✅ page-projects：1 塊面板、6 顆互動元素，沒有碰撞
   ✅ page-quarter：0 塊面板、4 顆互動元素，沒有碰撞
   ✅ page-settings：0 塊面板、16 顆互動元素，沒有碰撞
   ✅ page-kpi：0 塊面板、3 顆互動元素，沒有碰撞
   ✅ page-composition：1 塊面板、8 顆互動元素，沒有碰撞
   ✅ page-hourly：1 塊面板、13 顆互動元素，沒有碰撞
   ✅ page-trend：1 塊面板、8 顆互動元素，沒有碰撞
   ✅ page-comparison：1 塊面板、13 顆互動元素，沒有碰撞
   ✅ page-detail：2 塊面板、18 顆互動元素，沒有碰撞
   ✅ page-period：1 塊面板、15 顆互動元素，沒有碰撞
   ✅ page-delivery：1 塊面板、4 顆互動元素，沒有碰撞
   ✅ page-batch：2 塊面板、10 顆互動元素，沒有碰撞
   ✅ page-check：4 塊面板、13 顆互動元素，沒有碰撞
   ✅ page-backup：6 塊面板、10 顆互動元素，沒有碰撞

══ 視窗 1536×864 ══
   ✅ page-projects：1 塊面板、6 顆互動元素，沒有碰撞
   ✅ page-quarter：0 塊面板、4 顆互動元素，沒有碰撞
   ✅ page-settings：0 塊面板、16 顆互動元素，沒有碰撞
   ✅ page-kpi：0 塊面板、3 顆互動元素，沒有碰撞
   ✅ page-composition：1 塊面板、8 顆互動元素，沒有碰撞
   ✅ page-hourly：1 塊面板、13 顆互動元素，沒有碰撞
   ✅ page-trend：1 塊面板、8 顆互動元素，沒有碰撞
   ✅ page-comparison：1 塊面板、13 顆互動元素，沒有碰撞
   ✅ page-detail：2 塊面板、18 顆互動元素，沒有碰撞
   ✅ page-period：1 塊面板、15 顆互動元素，沒有碰撞
   ✅ page-delivery：1 塊面板、4 顆互動元素，沒有碰撞
   ✅ page-batch：2 塊面板、10 顆互動元素，沒有碰撞
   ✅ page-check：4 塊面板、13 顆互動元素，沒有碰撞
   ✅ page-backup：6 塊面板、10 顆互動元素，沒有碰撞

══ 視窗 1366×768 ══
   ✅ page-projects：1 塊面板、6 顆互動元素，沒有碰撞
   ✅ page-quarter：0 塊面板、4 顆互動元素，沒有碰撞
   ✅ page-settings：0 塊面板、16 顆互動元素，沒有碰撞
   ✅ page-kpi：0 塊面板、3 顆互動元素，沒有碰撞
   ✅ page-composition：1 塊面板、8 顆互動元素，沒有碰撞
   ✅ page-hourly：1 塊面板、13 顆互動元素，沒有碰撞
   ✅ page-trend：1 塊面板、8 顆互動元素，沒有碰撞
   ✅ page-comparison：1 塊面板、13 顆互動元素，沒有碰撞
   ✅ page-detail：2 塊面板、18 顆互動元素，沒有碰撞
   ✅ page-period：1 塊面板、15 顆互動元素，沒有碰撞
   ✅ page-delivery：1 塊面板、4 顆互動元素，沒有碰撞
   ✅ page-batch：2 塊面板、10 顆互動元素，沒有碰撞
   ✅ page-check：4 塊面板、13 顆互動元素，沒有碰撞
   ✅ page-backup：6 塊面板、10 顆互動元素，沒有碰撞

══ 結果 ══
✅ 真的走過每一個大分頁 × 每一個尺寸 — 70 次
✅ 真的量到足夠多的面板 — 累計 105 塊
✅ 真的量到足夠多的互動元素 — 累計 705 顆
✅ 過程中沒有 JS 例外

✅ 全部通過

══ 前置：這支掃描器真的抓得到沒有規則的 class ══
✅ 塞一個不存在的 class 進去，掃描器抓得到

══ 逐頁掃描（別頁的 DOM 不存在，只掃首頁等於只掃五分之一）══
   資料匯入：全部都有規則
   參數設定：全部都有規則
   資料檢視：全部都有規則
   圖表：全部都有規則
   資料產出與維護：全部都有規則

══ 空狀態（乾淨的瀏覽器，一個計畫都沒有）══
✅ 乾淨環境真的停在「還沒有任何計畫」的空狀態
   空狀態：全部都有規則
✅ 「還沒有任何計畫」那一句與面板邊線之間，左右下都留得出 12px 以上 — 左 18.0px／右 18.0px／下 18.0px
✅ 讀取錯誤提示維持原有內距、顏色、字重及外距 — {"padding":"12px 14px","color":"rgb(116, 42, 29)","background":"rgb(255, 240, 236)","weight":"700","margin":"0px 0px 12px"}

══ 結果 ══
✅ 畫面上每一個 class 在樣式表裡都找得到規則
✅ 過程中沒有 JS 例外
✅ 有真的打字進搜尋框（否則 .search-hint 這類「只在某狀態下出現」的樣式沒被掃到）

✅ 全部通過

══ 一、資料少也不標在圖上，hover 才顯示 ══
✅ 前置：圖真的畫出來了（沒畫出來的話下面那條是恆真的） — 0 個可 hover 的點
✅ ⚠️ ① 資料少時**靜止畫面上一個數字標籤都沒有**（規則已統一成 hover 才顯示） — 0 個：
✅ ⚠️ ① 滑鼠移到最左那一季的點上，標籤要出現（出不來的話等於沒有數值可看） — 平日 75,986
✅ ⚠️ ① hover 出來的標籤不可以壓到縱軸刻度，也不可以被右緣切掉
✅ ⚠️ ① 一次只出現**一個**標籤（一次冒出好幾個就會回到重疊問題） — 出現 1 個：平日 75,986
✅ ⚠️ ① 標籤上印的數字與那個點自己記的值一致（不是印到別的點的值） — 印出 平日 75,986｜點上記的值 75986
✅ ⚠️ ① 滑鼠移開之後標籤要消失 — 還剩 0 個

══ 二、資料多：靜止沒有標籤，滑鼠移上去才顯示 ══
✅ 前置：畫布真的畫了東西（不是拿一張空白圖當通過） — 有顏色的像素 23632
✅ 資料多時，靜止畫面上一個標籤都沒有
✅ 滑鼠移到某一個資料點上時，數值出現 — 平日 95,821
✅ 只顯示滑鼠停的那一個，不是整排都亮起來 — 出現 1 個
✅ 印出來的數字就是那一個點的值 — 印出 平日 95,821｜點上記的值 95821
✅ 滑鼠移開之後標籤要消失

══ 三、匯出的圖一律淨空 ══
✅ 前置：這一頁畫面上真的有標籤（否則下一條是恆真的） — 1 個標籤
✅ 畫布（＝匯出來源）不受標籤影響：藏不藏標籤，像素逐格相同
✅ 而且畫布不是空的 — PNG 資料長度 33182
✅ 過程中沒有 JS 例外

✅ 全部通過

══ ③ 匯入資料視窗只做匯入，不兼做還原 ══
✅ 前置：匯入視窗開得起來
✅ 還是收得了 Excel 調查檔（沒有把該有的功能一起拿掉） — 1 個 Excel 選檔欄
✅ 視窗裡沒有任何還原備份的選檔欄了
✅ 視窗裡也沒有「還原完整備份」這種字樣

══ ① 側欄的備份項目點下去不會當場產檔 ══
✅ 側欄有「備份本計畫」這一項
✅ 側欄有「備份全部計畫」這一項
✅ 側欄有「還原計畫」這一項
✅ 點過三項之後，一個檔案都沒有被下載

══ ② 三張卡片與側欄用同一個詞 ══
✅ 卡片 #backup-one 的抬頭就是「備份本計畫」 — 實際抬頭「備份本計畫」
✅ 卡片 #backup-all 的抬頭就是「備份全部計畫」 — 實際抬頭「備份全部計畫」
✅ 卡片 #backup-restore 的抬頭就是「還原計畫」 — 實際抬頭「還原計畫」

══ ④ 全部計畫的備份檔內容 ══
✅ 取得兩個計畫的 id（下一條要靠它分別設定不同的係數） — ffbacf17-c279-4fe7-bdb5-a0fd948d3b16、a210e318-dde3-4451-b0be-9c69228fea15
✅ 按「下載全部計畫備份」真的產生了檔案（也證明上面①抓得到下載） — 1 個檔案
✅ 檔案格式標成「全部計畫」 — format=traffic-analysis-backup-all
✅ 兩個計畫都在檔案裡 — 2 個
✅ 計畫名稱對得上 — 備份測試乙、備份測試甲
✅ 每個計畫都有自己的紀錄（不是只有目前那一個有） — 甲 96 筆、乙 192 筆
✅ 兩個計畫帶的是各自的季度，沒有互相混到 — 甲 115Q1／乙 115Q2
✅ 兩份內容不相同（相同就代表兩份都是同一個計畫的複本）
✅ 每個計畫帶的是自己的 PCU 係數（不是目前畫面上那個計畫的）

══ ⑤ 還原全部計畫 ══
✅ 還原是「新增」：原本的計畫一個都沒有不見 — 備份測試乙、備份測試甲（還原 2026-10-05）、備份測試乙（還原 2026-10-05）、備份測試甲
✅ 計畫數從 2 變成 4（兩個計畫各新增一份） — 現在 4 個：備份測試乙、備份測試甲（還原 2026-10-05）、備份測試乙（還原 2026-10-05）、備份測試甲
✅ 同名的還原計畫有加上日期以便分辨 — 備份測試乙、備份測試甲（還原 2026-10-05）、備份測試乙（還原 2026-10-05）、備份測試甲

══ ⑥ 還原回來的資料要逐筆相同 ══
✅ 重新匯出一次全部計畫 — 1 個檔案
✅ 現在檔案裡有 4 個計畫 — 4 個
✅ 「備份測試甲」與它的還原副本都找得到 — 原 有／副本 備份測試甲（還原 2026-10-05）
✅ 「備份測試甲」的紀錄筆數還原後相同 — 原 96 筆、還原 96 筆
✅ 「備份測試甲」的資料內容還原後逐筆相同
✅ 「備份測試乙」與它的還原副本都找得到 — 原 有／副本 備份測試乙（還原 2026-10-05）
✅ 「備份測試乙」的紀錄筆數還原後相同 — 原 192 筆、還原 192 筆
✅ 「備份測試乙」的資料內容還原後逐筆相同
✅ 整段沒有 JS 例外

✅ 備份與還原全部合格

══ 視窗裡並排欄位的對齊 ══
✅ 前置：視窗裡有並排的欄位可以量 — 計畫編號／業主
✅ 第 1 排並排欄位的輸入框上緣齊平（計畫編號／業主） — 計畫編號 y=217、業主 y=217
✅ 第 1 排並排欄位的輸入框高度相同（沒有被格線拉長） — 計畫編號 h=34、業主 h=34
✅ 前置：三個計畫都在清單上 — 計畫甲、計畫乙、計畫丙
✅ 每一列都有「修改」 — 計畫甲[切換到這個/修改/刪除]、計畫乙[切換到這個/修改/刪除]、計畫丙[修改/刪除]
✅ 前置：找得到一個不是「目前計畫」的列可以測 — 要改的「計畫甲」／目前是「計畫丙」
✅ 視窗開得起來
✅ ⚠️ 視窗的抬頭寫的是**按下那一列**的計畫，不是目前計畫 — 抬頭「修改或刪除「計畫甲」」，按的是「計畫甲」，目前是「計畫丙」
✅ 欄位帶入的是那一個計畫現有的名稱 — 欄位「計畫甲」
✅ ⚠️ 改到的是那一列的計畫（名稱與編號都換了） — Z-999／改過的計畫名稱、未編號／計畫乙、未編號／計畫丙
✅ ⚠️ 目前計畫**沒有**被改到（這正是舊路徑踩過的坑） — 目前計畫現在是「計畫丙」，原本是「計畫丙」
✅ 計畫數量沒有變（是修改，不是多建一個） — 3 → 3
✅ 哪一個是「目前計畫」沒有被改動（修改不等於切換） — 改過的計畫名稱、計畫乙、計畫丙（目前）
✅ 重新整理之後改動還在（真的存起來了） — 未編號／計畫乙、未編號／計畫丙、Z-999／改過的計畫名稱
✅ 讀取未完成時明示正在讀取
✅ 讀取未完成時不可以斷定尚無計畫
✅ 讀取期間建立入口停用
✅ 讀取期間匯入入口停用
✅ 讀取期間還原備份入口停用
✅ 讀取完成後既有計畫回來，沒有卡在載入中
✅ 真正空的計畫清單仍顯示建立指引
✅ 正常讀完後建立入口可用
✅ 讀取失敗時留下不會消失的說明
✅ toast 消失後錯誤說明仍留在畫面
✅ 讀取失敗時建立入口仍停用
✅ 整段沒有 JS 例外

✅ 每一列都能修改，而且改到的是那一列的計畫
✅ 前置：第一季匯進去了 — 5d03b11c-3615-44b3-9d29-c022b33d6ddf
✅ 前置：一開始沒有任何別名

══ ① 改名之後自動記住舊名 ══
✅ 路段管理視窗開得起來
✅ ① 改名之後自動記了一筆別名 — 中山路→115-01
✅ ① 記的是改名前那個名字 — 記到的是「中山路」，改名前是「中山路」

══ ② 畫面上看得到 ══
✅ 路段管理視窗裡有「現有別名」清單
✅ ② 清單上寫得出剛剛那個舊名 — 清單內容：現有別名中山路

══ ③ 下一季匯入同一份檔案（重點）══
✅ ③ 兩季都併到**同一個**調查點（沒有多長出一個） — 中山路（改名後）[115Q1,115Q2]
✅ ③ 那一個調查點確實含兩季 — 115Q1、115Q2
✅ ③ 而且用的是改名後的名字，連全形括號都原樣保留 — 目前名稱「中山路（改名後）」，輸入的是「中山路（改名後）」
✅ ③ 匯入時沒有再問一次「要不要併入」

══ ④ 備份 → 還原 ══
✅ 備份檔下載得下來 — 1 個檔案
✅ ④ 備份檔裡帶著別名 — [{"projectId":"5d03b11c-3615-44b3-9d29-c022b33d6ddf","aliasKey":"中山路","aliasName":"中山路","roadId":"115-01"}]
✅ 整段沒有 JS 例外

✅ 別名會自動記住，而且下一季匯入同一份檔案真的自動併入
（挑到最長的大分頁：資料異常檢查，可捲 553px）
✅ 前置：「資料異常檢查」捲得動（不然這支測試測不到東西） — 可捲 553px
✅ 前置：在「資料異常檢查」捲到 553px — 實際 553px
✅ ① 第一次點進「資料檢視」，從最上面開始（這正是使用者踩到的那一下） — scrollY = 0px（前一頁停在 553px）
✅ ② 回到「資料異常檢查」，停在上次中斷的地方（不是回到最上面） — 回來是 553px，離開時是 553px
✅ ③ 第二次進「資料檢視」也停在上次的位置（第二次就不算第一次了） — 回來是 0px，離開時是 0px
✅ ④ 沒去過的「可追溯明細」照樣從最上面開始（不是只有那兩頁被特別處理） — scrollY = 0px
✅ 前置：側欄列得出全部大分頁（0 個的話下一條恆真） — 14 個
✅ ⚠️ ⑤ 每一個大分頁第一次進去都停在最上面 — 14 頁都在最上面
✅ 整段沒有 JS 例外

✅ 第一次進分頁從最上面，回頭接著上次看
✅ ① 圖表頁上每一張圖旁邊都有下載鈕 — composition、hourly、trend、comparison
✅ ① 四張圖都在（車種組成、24小時型態、歷季趨勢、平假日比較） — composition、hourly、trend、comparison
✅ ① 每一顆都看得見（不是藏在收合裡） — 全部看得見
✅ ① 每一顆都註明「只有圖，不含說明文字」（下載下來不應該有講稿） — composition：下載高解析圖片（PNG）只有圖，不含說明文字 ｜ hourly：下載高解析圖片（PNG）只有圖，不含說明文字 ｜ trend：下載高解析圖片（PNG）只有圖，不含說明文字 ｜ comparison：下載高解析圖片（PNG）只有圖，不含說明文字
✅ ② composition：按下去真的下載得到檔案 — 1 個
✅ ② composition：下載的是真的 PNG（不是空檔或壞檔） — 242691 bytes、2880×1620
✅ ③ composition：解析度是版面的 3 倍（不是把畫面放大） — 寬 2880px（期望 2880px）
✅ ③ composition：四個角落都是不透明的白（透明底貼進深色投影片會看不到字） — 255,255,255,255 ｜ 255,255,255,255 ｜ 255,255,255,255 ｜ 255,255,255,255（色彩型態 6）
✅ ② hourly：按下去真的下載得到檔案 — 1 個
✅ ② hourly：下載的是真的 PNG（不是空檔或壞檔） — 236123 bytes、2880×1620
✅ ③ hourly：解析度是版面的 3 倍（不是把畫面放大） — 寬 2880px（期望 2880px）
✅ ③ hourly：四個角落都是不透明的白（透明底貼進深色投影片會看不到字） — 255,255,255,255 ｜ 255,255,255,255 ｜ 255,255,255,255 ｜ 255,255,255,255（色彩型態 6）
✅ ② trend：按下去真的下載得到檔案 — 1 個
✅ ② trend：下載的是真的 PNG（不是空檔或壞檔） — 136668 bytes、2880×1620
✅ ③ trend：解析度是版面的 3 倍（不是把畫面放大） — 寬 2880px（期望 2880px）
✅ ③ trend：四個角落都是不透明的白（透明底貼進深色投影片會看不到字） — 255,255,255,255 ｜ 255,255,255,255 ｜ 255,255,255,255 ｜ 255,255,255,255（色彩型態 6）
✅ ② comparison：按下去真的下載得到檔案 — 1 個
✅ ② comparison：下載的是真的 PNG（不是空檔或壞檔） — 69138 bytes、2880×540
✅ ③ comparison：解析度是版面的 3 倍（不是把畫面放大） — 寬 2880px（期望 2880px）
✅ ③ comparison：四個角落都是不透明的白（透明底貼進深色投影片會看不到字） — 255,255,255,255 ｜ 255,255,255,255 ｜ 255,255,255,255 ｜ 255,255,255,255（色彩型態 6）

══ ④ 檔名 ══
✅ ④ composition：有設定檔名，而且帶得出目前的條件 — 車種組成_115Q1・全部調查點.png
✅ ④ composition：檔名沒有空掉的段落（例如「_・」這種缺字） — 車種組成_115Q1・全部調查點.png
✅ ④ hourly：有設定檔名，而且帶得出目前的條件 — 每小時實際交通量與PCU_115Q1・全部調查點.png
✅ ④ hourly：檔名沒有空掉的段落（例如「_・」這種缺字） — 每小時實際交通量與PCU_115Q1・全部調查點.png
✅ ④ trend：有設定檔名，而且帶得出目前的條件 — 全日實際交通量_平日_歷季趨勢.png
✅ ④ trend：檔名沒有空掉的段落（例如「_・」這種缺字） — 全日實際交通量_平日_歷季趨勢.png
✅ ④ comparison：有設定檔名，而且帶得出目前的條件 — 各路段平日與假日比較_實際交通量_115Q1・全部調查點.png
✅ ④ comparison：檔名沒有空掉的段落（例如「_・」這種缺字） — 各路段平日與假日比較_實際交通量_115Q1・全部調查點.png
✅ ④ 四張圖的檔名彼此不同（同名的話會互相覆蓋） — 車種組成_115Q1・全部調查點.png、每小時實際交通量與PCU_115Q1・全部調查點.png、全日實際交通量_平日_歷季趨勢.png、各路段平日與假日比較_實際交通量_115Q1・全部調查點.png

══ ⑤ 一鍵下載全部圖檔 ══
✅ ⚠️ 清單項目數 ＝ 圖表頁上的下載鈕數（新增一張圖卻忘了加進清單，這一條會紅） — 清單 4 項、圖表頁 4 顆
✅ ⑤ 多張圖只發一個下載（不可以一次發好幾個，會被瀏覽器擋掉） — 下載 1 個
✅ ⑤ 下載的是壓縮檔，而且檔名帶得出目前的條件 — 全日交通量_圖檔_115Q1・全部調查點.zip
✅ ⑤ 壓縮檔裡真的有 4 張圖（空壓縮檔也會「下載成功」） — 4 個：車種組成_115Q1・全部調查點.png、每小時實際交通量與PCU_115Q1・全部調查點.png、全日實際交通量_平日_歷季趨勢.png、各路段平日與假日比較_實際交通量_115Q1・全部調查點.png
✅ ⑤ 裡面每一個都是 .png，而且不是 0 位元組 — 車種組成_115Q1・全部調查點.png、每小時實際交通量與PCU_115Q1・全部調查點.png、全日實際交通量_平日_歷季趨勢.png、各路段平日與假日比較_實際交通量_115Q1・全部調查點.png
✅ 整段沒有 JS 例外

✅ 每一張圖都下載得到高解析 PNG；多張圖打包成一個壓縮檔

══ ③ 說明講不講得清楚 ══
✅ 有「清除本機資料」這一區
✅ ③ 說明寫出它和「刪除計畫」差在哪 — 和「刪除計畫」差在哪？刪計畫會連同那一個計畫的 PCU 當量、車種分類、 路段與流向設定一起刪掉，所以不會影響你下一個計
✅ ③ 說明寫出什麼時候該用它 — 和「刪除計畫」差在哪？刪計畫會連同那一個計畫的 PCU 當量、車種分類、 路段與流向設定一起刪掉，所以不會影響你下一個計
✅ ③ 沒有把殘留講成「會影響數字」（查證過：不會，說得比實際嚴重比不講更糟） — 和「刪除計畫」差在哪？刪計畫會連同那一個計畫的 PCU 當量、車種分類、 路段與流向設定一起刪掉，所以不會影響你下一個計

══ ② 沒下載過備份 ══
✅ ② 還沒備份過就按，會先被提醒一次 — 這次開啟程式之後還沒有下載過備份。 清除之後沒有任何方式可以救回來。 要先關掉這個視窗、去上面按「備份全部計畫」嗎？ （
✅ ② 在提醒視窗按「取消」＝不清除（提醒是提醒，不是走完流程） — 之後又問了 0 次

══ ① 確認視窗寫不寫得出代價 ══
✅ ① 確認視窗寫出會刪掉幾個計畫 — 確定清除這個瀏覽器裡的全日交通量資料？ 將刪除 2 個計畫、0 筆交通量資料， 以及 PCU 當量、車種分類、路段與流向設定、結論範本、工作流程狀態與匯入紀錄。
✅ ① 確認視窗寫出會刪掉幾筆資料 — 確定清除這個瀏覽器裡的全日交通量資料？ 將刪除 2 個計畫、0 筆交通量資料， 以及 PCU 當量、車種分類、路段與流向設定、結論範本、工作流程狀態與匯入紀錄。
✅ ① 確認視窗寫明無法復原 — 確定清除這個瀏覽器裡的全日交通量資料？ 將刪除 2 個計畫、0 筆交通量資料， 以及 PCU 當量、車種分類、路段與流向設定、結論範本、工作流程狀態與匯入紀錄。

══ 真的清乾淨 ══
✅ ⚠️ traffic-* 的本機設定全部清光（只驗「有沒有問」的話，一支問完什麼都不做的程式也會全綠） — 清除前 1 個鍵、清除後剩 0 個
✅ 計畫全部不見了 — 還有 0 個
✅ 整段沒有 JS 例外

✅ 清除本機資料：問清楚代價、沒備份先攔、清得乾淨
✅ 前置：抓得到側欄的錨點型子項目 — 建立與管理計畫、本季總覽、車種組成、24小時型態、歷季分析、同季平假日、可追溯明細、時段車種分析

══ 空計畫（0 季度、0 筆資料）下逐項點過去 ══
✅ 「建立與管理計畫」點下去找得到對應的區塊並框起來 — #block-projects 外框 2px、高 177px
✅ 「建立與管理計畫」那一塊沒有資料時也說得出它是什麼／為什麼是空的 — PROJECTS建立與管理計畫每個計畫的季度、調查點、係數與匯出勾選都各自獨立，
✅ ⚠️ 「建立與管理計畫」那一塊上面看得到自己的標題 — PROJECTS／建立與管理計畫／未編號／空計畫／目前計畫
✅ 「本季總覽」點下去找得到對應的區塊並框起來 — #block-quality 外框 2px、高 126px
✅ 「本季總覽」那一塊沒有資料時也說得出它是什麼／為什麼是空的 — 一 建立與匯入本季總覽這一塊會顯示選定季度的資料收到什麼程度： 調查點數、平日／
✅ ⚠️ 「本季總覽」那一塊上面看得到自己的標題 — 一 建立與匯入／本季總覽／選定季度／「空計畫」還沒有任何季度資料／「匯入資料」
✅ 「車種組成」點下去找得到對應的區塊並框起來 — #block-composition 外框 2px、高 361px
✅ 「車種組成」那一塊沒有資料時也說得出它是什麼／為什麼是空的 — 車種組成平日・全部調查點・全部方向%・輛數下載高解析圖片（PNG）只有圖，不含說
✅ ⚠️ 「車種組成」那一塊上面看得到自己的標題 — 車種組成／平日・全部調查點・全部方向／路段／路口／全部調查點／車流方向／全部方向／0／這張圖在說什麼／目前的條件下沒有可統計的車輛數，所以畫不出組成。
✅ 「24小時型態」點下去找得到對應的區塊並框起來 — #block-hourly 外框 2px、高 493px
✅ 「24小時型態」那一塊沒有資料時也說得出它是什麼／為什麼是空的 — 24小時型態每小時實際交通量與PCU輛／小時・PCU／小時匯出完整 Excel下
✅ ⚠️ 「24小時型態」那一塊上面看得到自己的標題 — 24小時型態／每小時實際交通量與PCU／路段／路口／全部調查點／車流方向／全部方向／實際交通量／PCU／這張圖在說什麼／目前的條件下不足兩個時段，看不出一天之內的分布。
✅ 「歷季分析」點下去找得到對應的區塊並框起來 — #block-trend 外框 2px、高 782px
✅ 「歷季分析」那一塊沒有資料時也說得出它是什麼／為什麼是空的 — 歷季分析全日交通量平日／假日趨勢路段／路口全部路段▼平日＋假日平日假日全日實際交
✅ ⚠️ 「歷季分析」那一塊上面看得到自己的標題 — 歷季分析／全日交通量平日／假日趨勢／路段／路口／全部路段／這張圖在說什麼／重點變化／要先講清楚的
✅ 「同季平假日」點下去找得到對應的區塊並框起來 — #block-comparison 外框 2px、高 301px
✅ 「同季平假日」那一塊沒有資料時也說得出它是什麼／為什麼是空的 — 同季平假日各路段平日與假日比較實際交通量PCU下載高解析圖片（PNG）只有圖，不
✅ ⚠️ 「同季平假日」那一塊上面看得到自己的標題 — 同季平假日／各路段平日與假日比較／路段／路口／全部調查點／車流方向／全部方向／這張圖在說什麼／目前沒有任何一個調查點同時有平日與假日的資料，所以沒有可比較的對象。
✅ 「可追溯明細」點下去找得到對應的區塊並框起來 — #block-detail 外框 2px、高 266px
✅ 「可追溯明細」那一塊沒有資料時也說得出它是什麼／為什麼是空的 — 可追溯明細・路段格式雙向路段交通量、PCU、尖峰時段與各車種占比0 路段・維持方
✅ ⚠️ 「可追溯明細」那一塊上面看得到自己的標題 — 可追溯明細・路段格式／雙向路段交通量、PCU、尖峰時段與各車種占比／路段／路口／全部調查點／車流方向／全部方向／目前條件下的每一筆路段資料／目前的條件下一筆都沒有
✅ 「時段車種分析」點下去找得到對應的區塊並框起來 — #periodAnalysis 外框 2px、高 333px
✅ 「時段車種分析」那一塊沒有資料時也說得出它是什麼／為什麼是空的 — 時段車種分析（獨立區塊）全調查時段／上午尖峰／下午尖峰各車種車輛數、百分比與交通
✅ ⚠️ 「時段車種分析」那一塊上面看得到自己的標題 — 時段車種分析（獨立區塊）／全調查時段／上午尖峰／下午尖峰各車種車輛數、百分比與交通流量／本系統 以 PCU 為基準／「尖峰時段認定」選「整個調查點同一時段」時各方向才可相加／路段／路口／全部調查點／方向／支線
✅ 整段沒有 JS 例外

✅ 空計畫下，側欄每一項都找得到對應的那一塊
大分頁                 小分頁     畫面卡片      落差
────────────────────────────────────────────────────────────────────────
一建立與匯入              2       1         
二參數設定               4       4         
三資料檢視               3       3         
四圖表與比較              4       1         
五資料產出與維護            2       1         

✅ 每一個大分頁底下，畫面上有幾塊就列得出幾個小分頁
✅ 前置：找得到尖峰卡片

══ ① 平日與假日各一組 ══
✅ ⚠️ 抬頭有兩個日別，下面就要有兩組（舊版只列一組，而抬頭寫著平日與假日） — 抬頭 2 個日別、下面 2 組
✅ 每一組都標出是哪一個日別的哪一個小時 — 平日 07:00～08:00 ｜ 假日 07:00～08:00

══ ② 各方向加起來 ＝ 合計 ══
✅ 前置：「平日 07:00～08:00」這一組有分方向的列可以加 — 2 個方向、有合計
✅ ⚠️ 「平日 07:00～08:00」各方向相加 ＝ 合計（舊版兩者差了一整個峰值） — 方向A 50 ＋ 方向B 750 = 800.0，合計 800
✅ 「平日 07:00～08:00」合計那一列把算式整個寫出來（使用者要能自己按計算機核對） — 50 ＋ 750 ＝ 800
✅ 前置：「假日 07:00～08:00」這一組有分方向的列可以加 — 2 個方向、有合計
✅ ⚠️ 「假日 07:00～08:00」各方向相加 ＝ 合計（舊版兩者差了一整個峰值） — 方向A 30 ＋ 方向B 450 = 480.0，合計 480
✅ 「假日 07:00～08:00」合計那一列把算式整個寫出來（使用者要能自己按計算機核對） — 30 ＋ 450 ＝ 480

══ ③ 方向自己最忙的時段 ══
✅ ⚠️ 尖峰不同小時的那個方向，要註明它自己最忙是哪一段（不然會被讀成那就是它的尖峰） — 方向A：在同一個尖峰小時・自己最忙是 17:00～18:00（450） ｜ 方向B：在同一個尖峰小時 ｜ 全部方向合計：50 ＋ 750 ＝ 800

══ ④ 說明 ══
✅ ④ 卡片明講「不受車流方向篩選影響」 — 這一張不受上方「車流方向」篩選影響。駛出與駛入兩種視角的總計相同，所以換視角這個數字也不會變； 這張卡固定以 PCU／小
✅ ④ 也寫出為什麼（要同一個小時才加得起來） — 這一張不受上方「車流方向」篩選影響。駛出與駛入兩種視角的總計相同，所以換視角這個數字也不會變； 這張卡固定以 PCU／小時計算，不隨「顯示數值」變。一個尖峰小時
✅ ④ 並且說明平日與假日各有自己的尖峰小時（使用者把「同一時段」誤讀成平假日同時段） — 這一張不受上方「車流方向」篩選影響。駛出與駛入兩種視角的總計相同，所以換視角這個數字也不會變； 這張卡固定以 PCU／小時計算，不隨「顯示數值」變。一個尖峰小時要能拆給各方向、再加回來，各方向就必須取同一個小時——所以這裡固定用全部方向合計

══ ⑤ 選定方向要看得出來 ══
✅ ⑤ 選了一個方向之後，那個方向在下面被標出來 — 這份資料沒有方向可選，略過

══ ⑥ 上午＋下午並列要兩組 ══
✅ ⚠️ 並列時的組數 ＝ 只選上午時的兩倍（舊版把並列攤成上午，組數一樣） — 只選上午 2 組、並列 4 組
✅ ⚠️ 並列時每一組都標出自己是上午還是下午 — 上午尖峰小時 平日 07:00～08:00 ｜ 上午尖峰小時 假日 07:00～08:00 ｜ 下午尖峰小時 平日 17:00～18:00 ｜ 下午尖峰小時 假日 17:00～18:00
✅ ⚠️ 並列時上面的大數字也要一組一筆（不是只有一筆） — 只選上午 平日800／假日480；並列 上午尖峰小時・平日800／上午尖峰小時・假日480／下午尖峰小時・平日500／下午尖峰小時・假日300
✅ ⚠️ 上午那一組與下午那一組不是同一個時段（兩組不可以是同一批資料印兩次） — 上午尖峰小時 平日 07:00～08:00 ｜ 上午尖峰小時 假日 07:00～08:00 ｜ 下午尖峰小時 平日 17:00～18:00 ｜ 下午尖峰小時 假日 17:00～18:00

══ ⑦ 尖峰時段認定要真的作用 ══
✅ ⚠️ 切成「各方向各自認定」之後，說明文字要跟著換（不可以還寫全部方向同一時段） — 這一張不受上方「車流方向」篩選影響。駛出與駛入兩種視角的總計相同，所以換視角這個數字也不會變； 這張卡固定以 PCU／小時計算，不隨「顯示數值」變。目前的「尖峰
✅ ⚠️ 逐方向的註記要變成「自己最忙的…」（＝真的換了取值的視窗，不只換一句話） — 自己最忙的 17:00～18:00 ｜ 自己最忙的 07:00～08:00
✅ ⚠️ 各方向各自認定時**不印合計**（不同小時相加是一個不存在的數字） — 同一時段：合計 2 格；各自認定：改成說明 2 格
✅ 整段沒有 JS 例外

✅ 各方向加起來等於合計，平日假日各一組
✅ 前置：兩個路段都匯進來了，四張圖都畫得出來 — 比較圖 2 列、圓環中心 7,200｜72,000

══ ① 在上方改，圖要跟著變 ══
✅ 前置：上方功能列確實只剩一個路段 — 上方顯示「甲路段_115Q1▼」
✅ ① 車種組成的抬頭跟著上方變了（舊版它有自己一份，完全不動） — 抬頭「平日・甲路段_115Q1・全部方向」
✅ ⚠️ ① 車種組成的**數字**也跟著變（不是只換標籤） — 7,200｜72,000 → 7,200
✅ ① 歷季分析的抬頭跟著上方變了（舊版它也有自己一份） — 抬頭「全日交通量平日／假日趨勢」／講稿「這是「甲路段_115Q1」在 平日 的「全日實際交通量」歷季變化。」
✅ ① 同季平假日只剩選到的那一個路段 — 甲路段_115Q1

══ ② 在圖上改，上方也要跟著變 ══
✅ ⚠️ ② 在歷季分析的選擇器上加選，**上方共同功能列**也跟著變 — 上方由「甲路段_115Q1▼」變成「已選 2 個▼」
✅ ② 而且其他圖也一起跟著變（＝真的是同一份條件） — 乙路段_115Q1、甲路段_115Q1

══ ③ 日別 ══
✅ ③ 車種組成的日別跟著上方變成「假日」 — 抬頭「假日・2 個調查點・全部方向」
✅ ③ 歷季分析的日別也跟著變（舊版它有自己的 trendMode） — 講稿「這是「2 個調查點（逐點分列，不合計）」在 假日 的「全日實際交通量」歷季變化。」
✅ 整段沒有 JS 例外

✅ 四張圖與共同功能列是同一份條件，兩個方向都同步

══ ① 匯入時要跳出詢問視窗 ══
✅ ⚠️ ① 最忙的一小時橫跨中午時，匯入前會跳出詢問視窗
✅ ① 視窗上有「取消」這個選項 — 需要您決定有 1 筆資料，最忙的那一小時橫跨中午系統把上午尖峰定義為「中午 12:00 以前開始的那一小時」、下午 尖峰為「12:00 以後開始的那一小時」。以下列出的調查點，最忙的一小時剛好跨過中午
✅ ① 視窗上有「忽略這個時段」這個選項 — 需要您決定有 1 筆資料，最忙的那一小時橫跨中午系統把上午尖峰定義為「中午 12:00 以前開始的那一小時」、下午 尖峰為「12:00 以後開始的那一小時」。以下列出的調查點，最忙的一小時剛好跨過中午
✅ ① 視窗上有「上午尖峰」這個選項 — 需要您決定有 1 筆資料，最忙的那一小時橫跨中午系統把上午尖峰定義為「中午 12:00 以前開始的那一小時」、下午 尖峰為「12:00 以後開始的那一小時」。以下列出的調查點，最忙的一小時剛好跨過中午
✅ ① 視窗上有「下午尖峰」這個選項 — 需要您決定有 1 筆資料，最忙的那一小時橫跨中午系統把上午尖峰定義為「中午 12:00 以前開始的那一小時」、下午 尖峰為「12:00 以後開始的那一小時」。以下列出的調查點，最忙的一小時剛好跨過中午
✅ ⚠️ ① 視窗上要寫出「不選它的話上午／下午會是什麼」 — 只給四個選項而不給數字的話，使用者無從判斷
✅ ① 預設停在「忽略」（不可以預設幫使用者改數字，也不可以預設取消）

══ ② 選「忽略」 ══
✅ ② 忽略：上午 07:00～08:00（＝改版前的行為） — 上午是「07:00～08:00」
✅ ② 忽略：下午 12:00～13:00 — 下午是「12:00～13:00」

══ ③ 選「算上午」 ══
✅ ⚠️ ③ 上午換成橫跨中午的 11:45～12:45 — 上午是「11:45～12:45」
✅ ⚠️ ③ 下午**跳開**那一小時，變成 17:00～18:00（不可以重複計算同一批車） — 下午是「17:00～18:00」——若還是 12:00～13:00，代表 12:00～12:45 那三格被算了兩次

══ ④ 選「算下午」 ══
✅ ⚠️ ④ 下午換成 11:45～12:45 — 下午是「11:45～12:45」
✅ ④ 上午維持 07:00～08:00 — 上午是「07:00～08:00」

══ ⑤ 全調查時段尖峰不受任何選擇影響 ══
✅ ⑤ 忽略：全調查時段尖峰仍是 11:45～12:45 — 是「11:45～12:45」
✅ ⑤ 算上午：全調查時段尖峰仍是 11:45～12:45 — 是「11:45～12:45」
✅ ⑤ 算下午：全調查時段尖峰仍是 11:45～12:45 — 是「11:45～12:45」
✅ 整段沒有 JS 例外

✅ 橫跨中午的尖峰：會問、四個選項都在、選什麼就算什麼
✅ 前置：這批資料有調查日期，期別鈕可以按（不能按的話整支變成恆真）

── 四種組合逐一驗
✅ 季別 × 民國年：畫面上應該**還有**季別寫法（前置檢查，證明掃描真的掃得到） — 5 頁有
✅ 季別 × 西元年：畫面上應該**還有**季別寫法（前置檢查，證明掃描真的掃得到） — 5 頁有
✅ 調查月份 × 民國年：畫面上不應再有任何季別寫法 — 全部都是月份寫法
✅ 調查月份 × 西元年：畫面上不應再有任何季別寫法 — 全部都是月份寫法
✅ 整段沒有 JS 例外

✅ 期別與年份兩顆鈕，每一個期間欄位都跟著走
✅ 前置：匯入預覽出現「需注意」的逐筆清單

類型：未滿 24 小時×16、重複鍵值×2
✅ ① 標籤筆數加總 ＝ 全列時的列數 — 加總 18、列數 18
✅ ② 列數超過 12（證明舊的靜默截斷真的沒了） — 18 列・共 18 筆，全部列出
✅ ② 有兩種以上的類型可以篩 — 2 種
✅ ③ 點「未滿 24 小時」之後只剩該類型 — 16 列（該類型 16 筆）・顯示 16 / 共 18 筆（已篩選：未滿 24 小時）
✅ ③ 列出來的每一列都真的是那一個類型（不是只換了數字）
✅ ④ 再點「重複鍵值」之後兩類都在（可多選） — 18 列（16 ＋ 2）
✅ ⑤ 清除篩選之後全部回來 — 18 / 18
✅ ⑤ 清除之後沒有任何標籤還是按下的狀態
✅ 整段沒有 JS 例外

✅ 需注意清單：逐筆列出、類型標籤可多選、筆數對得上
zone-import ／ .filters ／「期別顯示：季別」  鈕 96×27（自然寬 96）  選單 78×34
zone-import ／ .filters ／「年份顯示：民國年」  鈕 106×27（自然寬 106）  選單 78×34
zone-settings ／ .filters ／「期別顯示：季別」  鈕 96×27（自然寬 96）  選單 78×34
zone-settings ／ .filters ／「年份顯示：民國年」  鈕 106×27（自然寬 106）  選單 78×34
zone-kpi ／ .filters ／「期別顯示：季別」  鈕 96×27（自然寬 96）  選單 78×34
zone-kpi ／ .filters ／「年份顯示：民國年」  鈕 106×27（自然寬 106）  選單 78×34
zone-charts ／ .filters ／「期別顯示：季別」  鈕 96×27（自然寬 96）  選單 78×34
zone-charts ／ .filters ／「年份顯示：民國年」  鈕 106×27（自然寬 106）  選單 78×34
zone-output ／ .filters ／「期別顯示：季別」  鈕 96×27（自然寬 96）  選單 78×34
zone-output ／ .filters ／「年份顯示：民國年」  鈕 106×27（自然寬 106）  選單 78×34
zone-output ／ .block-filters ／「期別顯示：季別」  鈕 94×26（自然寬 96）  選單 320×34
zone-output ／ .block-filters ／「年份顯示：民國年」  鈕 104×26（自然寬 106）  選單 320×34
zone-output ／ .block-filters ／「期別顯示：季別」  鈕 94×26（自然寬 96）  選單 320×34
zone-output ／ .block-filters ／「年份顯示：民國年」  鈕 104×26（自然寬 106）  選單 320×34

✅ 共量 14 顆：「期別顯示／年份顯示」都不比同排的下拉選單大，文字也沒被裁
✅ 畫面原始碼裡不再有「駛出目的支線」這個面板
✅ 樣式表裡也沒有殘留「駛出目的支線」面板的規則
✅ 不再有 targetField()（舊版靠它去讀 leftTarget/throughTarget/rightTarget）
✅ 不再有 bestMovementTarget()（它在多個候選裡會默默挑一支）
✅ legacy 欄位只在 buildArmSettings 裡被併進 routes，其他地方不讀
✅ 前置：路口設定視窗打得開
✅ 前置：「起點 → 終點轉向判定」面板在（否則下面都是恆真）
✅ 「駛出目的支線」面板已經不在畫面上
✅ 每一格都標出是系統判定還是人工修正 — 12 格：系統依角度判定
✅ 剛匯入時應該全部是「系統依角度判定」
✅ 前置：修正前沒有任何衝突提醒
✅ 前置：找得到「A → 路口C」那一列 — 路口B0°左轉直行右轉系統依角度判定 ｜ 路口C90°左轉直行右轉系統依角度判定 ｜ 路口D180°左轉直行右轉系統依角度判定
✅ 兩支判成同一個轉向之後，出現醒目提醒
✅ 提醒要指名是哪一支線的哪一個轉向、以及對到哪幾支 — ⚠️ 有 2 個轉向的判定對不上這個路口的調查表， 這些車量目前掛在「未指定駛入路口」，請在下表修正： 示範路段01 路口A 的「左轉」量到 864 輛，但轉向判定把 路口B、路口C 都判成左轉。調查表只寫了一欄左轉，代表只會有一個去向，所以這是判定失誤；這些車目前掛在「未指定駛入路口」。請到「路口設定」修正。 示範路
✅ 提醒要說出這些車現在在哪裡（未指定駛入路口）
✅ 有衝突的那一列要標記出來
✅ 改過的那一格要標成「已人工修正」
✅ 前置：量得到四支支線的角度 — [-90,0,90,180]
✅ 改了路口B 的角度之後，A → 路口C 的人工修正仍然是「左轉」 — 實得 left
✅ 而且那一格仍標成「已人工修正」
✅ 沒被人工改過的 A → 路口B 要跟著新角度重算（證明重算本身仍然有效） — A→B 判定為 through（角度由 0 改成 45）
✅ 把判定改回唯一解之後，提醒消失（不是固定顯示的一段紅字）
✅ 前置：轉向圖畫得出支線名稱與代碼圈 — {"labels":4,"circles":4,"hits":[]}
✅ 轉向圖的支線名稱沒有疊到代碼圈（4 個名稱）
✅ 沒取過名字的支線只印一次「路口X」，不會變成「路口X－路口X」
✅ 整段沒有 JS 例外

✅ 只剩轉向判定一個面板；人工修正優先、衝突會醒目提醒
✅ 前置：原始碼裡找得到視窗（否則下面整段是恆真） — 10 個視窗
✅ 每一個視窗都有動作列（<footer 或 .modal-actions）
✅ 樣式表裡有「動作列一律黏住」這條規則
✅ 「建立計畫」的動作列是 sticky — sticky
✅ 「建立計畫」捲到最上面時，動作列裡的每一顆按鈕都在畫面內（共 2 顆）
✅ 「建立計畫」的動作列裡確實有取消／確認／關閉類的按鈕 — 取消｜建立
✅ 「建立計畫」對比量測的探針有被抓到（否則這一段是恆綠的）
✅ 「建立計畫」量到了足夠多段文字（共 10 段）
✅ 「建立計畫」每一段文字都達 WCAG AA
✅ 「匯入季度資料」的動作列是 sticky — sticky
✅ 「匯入季度資料」捲到最上面時，動作列裡的每一顆按鈕都在畫面內（共 1 顆）
✅ 「匯入季度資料」的動作列裡確實有取消／確認／關閉類的按鈕 — 關閉
✅ 「匯入季度資料」對比量測的探針有被抓到（否則這一段是恆綠的）
✅ 「匯入季度資料」量到了足夠多段文字（共 8 段）
✅ 「匯入季度資料」每一段文字都達 WCAG AA
✅ 「匯入檢核報告」的動作列是 sticky — sticky
✅ 「匯入檢核報告」捲到最上面時，動作列裡的每一顆按鈕都在畫面內（共 2 顆）
✅ 「匯入檢核報告」的動作列裡確實有取消／確認／關閉類的按鈕 — 取消，資料不變｜確認追加
✅ 「匯入檢核報告」對比量測的探針有被抓到（否則這一段是恆綠的）
✅ 「匯入檢核報告」量到了足夠多段文字（共 31 段）
✅ 「匯入檢核報告」每一段文字都達 WCAG AA
✅ 「路口角度與轉向判定」的動作列是 sticky — sticky
✅ 「路口角度與轉向判定」捲到最上面時，動作列裡的每一顆按鈕都在畫面內（共 3 顆）
✅ 「路口角度與轉向判定」的動作列裡確實有取消／確認／關閉類的按鈕 — 取消｜依角度重新判定｜儲存設定
✅ 「路口角度與轉向判定」對比量測的探針有被抓到（否則這一段是恆綠的）
✅ 「路口角度與轉向判定」量到了足夠多段文字（共 97 段）
✅ 「路口角度與轉向判定」每一段文字都達 WCAG AA
✅ 「路口轉向當量」的動作列是 sticky — sticky
✅ 「路口轉向當量」捲到最上面時，動作列裡的每一顆按鈕都在畫面內（共 3 顆）
✅ 「路口轉向當量」的動作列裡確實有取消／確認／關閉類的按鈕 — 取消｜恢復轉向預設｜套用轉向係數
✅ 「路口轉向當量」對比量測的探針有被抓到（否則這一段是恆綠的）
✅ 「路口轉向當量」量到了足夠多段文字（共 15 段）
✅ 「路口轉向當量」每一段文字都達 WCAG AA
✅ 「動態車種管理」的動作列是 sticky — sticky
✅ 「動態車種管理」捲到最上面時，動作列裡的每一顆按鈕都在畫面內（共 2 顆）
✅ 「動態車種管理」的動作列裡確實有取消／確認／關閉類的按鈕 — 取消｜套用車種設定
✅ 「動態車種管理」對比量測的探針有被抓到（否則這一段是恆綠的）
✅ 「動態車種管理」量到了足夠多段文字（共 25 段）
✅ 「動態車種管理」每一段文字都達 WCAG AA
✅ 「永久調查點主檔」的動作列是 sticky — sticky
✅ 「永久調查點主檔」捲到最上面時，動作列裡的每一顆按鈕都在畫面內（共 2 顆）
✅ 「永久調查點主檔」的動作列裡確實有取消／確認／關閉類的按鈕 — 關閉｜儲存名稱設定
✅ 「永久調查點主檔」對比量測的探針有被抓到（否則這一段是恆綠的）
✅ 「永久調查點主檔」量到了足夠多段文字（共 16 段）
✅ 「永久調查點主檔」每一段文字都達 WCAG AA
✅ 「報表批次輸出中心」的動作列是 sticky — sticky
✅ 「報表批次輸出中心」捲到最上面時，動作列裡的每一顆按鈕都在畫面內（共 2 顆）
✅ 「報表批次輸出中心」的動作列裡確實有取消／確認／關閉類的按鈕 — 取消｜匯出所選內容
✅ 「報表批次輸出中心」對比量測的探針有被抓到（否則這一段是恆綠的）
✅ 「報表批次輸出中心」量到了足夠多段文字（共 92 段）
✅ 「報表批次輸出中心」每一段文字都達 WCAG AA
✅ 「計畫管理（修改或刪除）」的動作列是 sticky — sticky
✅ 「計畫管理（修改或刪除）」捲到最上面時，動作列裡的每一顆按鈕都在畫面內（共 3 顆）
✅ 「計畫管理（修改或刪除）」的動作列裡確實有取消／確認／關閉類的按鈕 — 刪除整個計畫｜取消｜儲存修改
✅ 「計畫管理（修改或刪除）」對比量測的探針有被抓到（否則這一段是恆綠的）
✅ 「計畫管理（修改或刪除）」量到了足夠多段文字（共 12 段）
✅ 「計畫管理（修改或刪除）」每一段文字都達 WCAG AA
✅ 前置：真的量到了幾個視窗 — 9 個（原始碼共 10 個，其中「需要您決定」由另一支負責）
✅ 前置：至少一個視窗真的長到需要捲（否則上面全部恆真） — 可捲 0px、可捲 0px、可捲 0px、可捲 642px、可捲 0px、可捲 0px、可捲 0px、可捲 1348px、可捲 0px
✅ 整段沒有 JS 例外

✅ 每一個視窗的取消／確認／關閉都在畫面內（捲到最上面時）
✅ ⓪ 剛載入時側欄不可以有看不見的空按鈕
✅ ⓪ 前置：側欄真的產出了收合鈕（否則上一條恆真） — 5 顆
✅ 前置：側欄有大分頁 — zone-import
✅ 前置：這個大分頁真的有小分頁（否則整支恆真） — 3 個
✅ 有小分頁的大分頁，右側看得到收合鈕
✅ 箭頭用的是 Big5 一定有的 ▼（不是畫不出來的 ▾／▸） — ▼
✅ 展開狀態下箭頭朝下（沒有轉角度） — 轉了 0 度
✅ ① 按收合鈕之後小分頁收起來 — 剩 0 個
✅ ③ 大分頁本身還在
✅ 收合後 aria-expanded 要是 false
✅ 收合狀態下箭頭改成朝右（轉 -90 度；字仍然是 ▼） — 轉了 -90 度、字是「▼」
✅ ④ 重新整理之後收合狀態還記得 — 剩 0 個
✅ ④-2 收合中點分類標題，底下要自動展開 — 3 / 3
✅ 收合鈕仍然收得起來 — 剩 0 個
✅ 再按一次展開回來 — 3 / 3
✅ ② 點大分頁的文字區只換頁、不收合 — 3 / 3
✅ ② 而且真的換過去了
✅ ⑤ 沒有小分頁的大分頁不可以出現收合鈕
✅ 前置：兩層的字級都量得到（量到 0 的話下面那條恆真） — 分類標題 16px、項目 12px
✅ ⚠️ 側欄兩層的字級差要看得出來（至少 3px，不是「大於就好」） — 分類標題 16px、項目 12px，差 4px
✅ 前置：量得到收合鈕裡的箭頭（0 顆的話下一條恆真） — 5 顆
✅ ⚠️ ⑥ 箭頭在收合鈕裡要置中（使用者回報偏一邊） — 最大偏移 橫 0px／縱 0.5px
✅ 整段沒有 JS 例外

✅ 小分頁可收合、可記住；大分頁的換頁一個字都沒改
✅ 前置①：側欄列得出分頁 — 21 個
✅ 前置②：真的量到設了 max-width 的文字（量到 0 個就是恆真） — 22 頁共 10 個
✅ 沒有任何「一句話的短說明」被自己的 max-width 逼到換行
✅ 整段沒有 JS 例外

✅ 短說明都在一行內，沒有被 max-width 不必要地折斷
✅ 前置：主工具列在畫面上（不在的話下面兩條恆真）
✅ ⚠️ ⓪-2c 一開機時主工具列是收合的（條件那一排高度為 0） — aria-expanded=false／條件列高 0px
✅ ⚠️ ⓪-2c 收合狀態下仍然看得到目前的條件（收合不可以把口徑一起藏掉） — 全部季度・平日・全部調查點・全調查時段・駛出路口（起點）
✅ ⓪ 主工具列在每一頁都看得到
✅ ⓪-2 使用者指定的每一個條件都在主工具列上（少一個就是掉功能）
✅ ⓪-3 調查時段五個選項（含「上午＋下午並列」） — 全調查時段／全調查時段尖峰／上午尖峰小時／下午尖峰小時／上午＋下午並列
✅ ⓪-4 路口流量視角三個選項（含「駛出＋駛入並列」） — 駛出路口（以該支線為起點）／駛入路口（以該支線為終點）／駛出＋駛入並列
✅ ⓪-5 顯示數值五個選項（含兩個組合） — 車輛數／交通流量／百分比／交通流量＋百分比／車輛數＋百分比
✅ 前置①：圖表區量得到數字
✅ ① 主工具列改成「假日」→ 圖表區的數字跟著變
✅ ① 24 小時型態那一塊的「日別」跟著變成假日（鏡子） — 假日
✅ ① 這時候**不該**出現「本區塊使用自己的條件」（它還跟著主工具列）
✅ ② 找得到車種組成那一塊自己的日別下拉
✅ ② 改了之後這一區的數字變了
✅ ② 出現「目前用本區塊自己的條件」與回歸鈕
✅ ② 那一行要寫出**主工具列現在是什麼**
✅ ② **主工具列自己不可以被帶著跑** — 平日
✅ ② **24 小時型態那一塊不受影響**（它是另一塊） — 平日
✅ ③ 按「回到主工具列條件」之後，數字回到跟著主工具列的那一份
✅ ③ 回歸之後那一條提示要消失
✅ ④ 前置：沒有人脫離時，主工具列**不可以**出現「回歸全部」（按下去沒反應的鈕＝壞掉的鈕）
✅ ④ 有區塊脫離之後，「回歸全部」才出現
✅ ④ 而且要寫出**有幾塊**（使用者才知道按下去影響多少） — 回歸全部（2 塊正在用自己的條件）
✅ ④ 按下去之後全部回到主工具列，那一顆鈕自己也收掉
✅ ④ 而且兩塊的下拉都真的回到主工具列的值 — 24小時型態=平日／車種組成=平日

══ ⑤ 一鍵把主工具列的條件回到預設 ══
✅ ⑤ 預設狀態下**不可以**出現「恢復預設條件」
✅ ⑤ 條件動過之後那一顆才出現
✅ ⚠️ ⑤ 按下去之後每一格都回到預設（這裡驗日別與調查時段） — 日別=平日／調查時段=all
✅ ⚠️ ⑤ 而且**不可以**動到脫離中的區塊（那是「回歸全部」的事，兩顆不同事） — 按之前 1 塊 → 按之後 1 塊
✅ ⑤ 回到預設之後那一顆又收起來
✅ ⑦ 主工具列固定在上方（sticky） — sticky
✅ ⑦ 前置：頁面真的捲得動（捲不動的話下面那條恆真） — scrollY=457
✅ ⚠️ ⑦ 捲到下面之後，主工具列**仍然黏在視窗上緣**（只驗 CSS 是 sticky 會假綠） — 捲到 457px 時，工具列上緣在 0px（高 231px、視窗 1100px）
✅ ⚠️ ⑦ 而且沒有被別的吸頂元素蓋住（蓋住等於看不到，和沒有 sticky 一樣） — 沒有被蓋住
✅ ⑦ 前置：展開時條件列有高度 — 171px
✅ ⑦ 收起來之後條件列**實際上看不見了**（只驗 hidden 屬性會假通過） — 171px → 0px
✅ ⑦ 收起來之後仍然看得到目前的條件 — 115Q2・平日・全部調查點・全調查時段・駛出路口（起點）
✅ ⑦ 再按一次展開回來 — 171px

══ D-2 季度區間拉開時的 KPI 卡 ══
✅ D-2 前置：有兩季以上可以拉開區間（只有一季的話下面全部恆真） — 115Q1／115Q2
✅ ⚠️ D-2 全日實際交通量**逐季分行**（行數變多，而且每一行標出季別） — 拉開前 2 行 → 拉開後 4 行：115Q1・甲路段_115Q115,000／115Q1・示範路段0112,441／115Q2・甲路段_115Q122,548／115Q2・示範路段0120,505
✅ ⚠️ D-2 24 小時 PCU 也逐季分行 — 4 行：115Q1・甲路段_115Q111,100／115Q1・示範路段0118,232.7／115Q2・甲路段_115Q116,698／115Q2・示範路段0130,059.9
✅ ⚠️ D-2 尖峰小時當量交通量**維持單季**（不跟著變多） — 拉開前 0 行 → 拉開後 0 行
✅ ⚠️ D-2 尖峰卡要**寫出為什麼只算一季**（三張卡口徑不同一定要講） — 季度區間已拉開（115Q1～115Q2）：「全日實際交通量」與 PCU 這兩項已經逐季分行，「尖峰小時當量交通量」仍然只算結束季度（115Q2）—— 它底下還要列出每一個方向在尖峰
✅ D-2 區間收回去之後回到原本的行數（升級當天一個數字都不會變） — 2 行
✅ 整段沒有 JS 例外

✅ 鏡子／脫離／回歸／全部回歸，四件事都對

══ 前置：讓一塊脫離主工具列 ══
✅ 前置：找得到車種組成那一塊自己的日別下拉
✅ 前置：真的有一塊脫離了（0 塊的話整支恆真） — 1 塊
✅ 前置：「回歸全部」那一顆出現了

══ ⓪ 脫離幾塊就要有幾條回歸鈕 ══
✅ 前置：歷季分析那一塊也真的改得動日別
✅ ⚠️ ⓪ 歷季分析脫離之後，**那一塊自己**要有「回到主工具列條件」 — 1 條
✅ ⚠️ ⓪ 每一個脫離的區塊，自己那一塊上都要有一條「回到主工具列條件」 — 兩塊各一條

══ 一、開小卡不可以把工具列撐大 ══
✅ ① 小卡打得開 — 高 140px
✅ ① 小卡是**浮起來**的（position: absolute） — absolute
✅ ⚠️ ① 開了小卡之後，主工具列的高度**完全不變**（使用者怕的就是被擠大） — 開之前 209px → 開之後 209px
✅ ② 清單列得出項目 — 列了 2 項：車種組成、歷季分析
✅ ② 列出來的是區塊名稱，不是內部代號 — 車種組成、歷季分析

══ 二、點名稱之後小卡要跟著關掉（使用者指名的那一條）══
✅ ⚠️ ③ 點了名稱之後，浮動小卡要**跟著關掉**（使用者指名要做的） — 小卡還開著：false、aria-expanded=false
✅ ③ 而且**真的跳過去了**：那一塊在畫面上，上緣沒有被主工具列蓋住 — #block-composition 上緣 386px、工具列下緣 296px（點的是「車種組成」）

══ 三、按 Esc、點外面、按回歸全部，都要關掉 ══
✅ 前置：小卡再打得開（打不開的話下面三條恆真）
✅ ④ 按 Esc 要關掉
✅ 前置：小卡再打得開
✅ ④ 點小卡以外的地方要關掉
✅ 前置：小卡再打得開
✅ ④ 按「回歸全部」之後要關掉（清單本身已經沒有意義了）
✅ ④ 而且真的全部回歸了（「回歸全部」那一顆要消失）
✅ 整段沒有 JS 例外

✅ 浮動小卡：不佔版面、列得出區塊名稱、點了跳過去並關掉
✅ 前置：名單上的大分頁都找得到
✅ ⚠️ B 日別 → 假日：寫著「不適用」的塊，數字不可以跟著變（說明不可以說謊） — 沒有說謊的說明
✅ B 日別 → 假日：每一區不是真的算了，就是寫明不適用 — 全部有交代
✅ ⚠️ B 日別 → 假日：逐**塊**看，每一塊不是真的算了，就是寫明不適用 — 全部有交代
✅ ⚠️ B2 平日＋假日 → 平日＋假日：寫著「不適用」的塊，數字不可以跟著變（說明不可以說謊） — 沒有說謊的說明
✅ B2 平日＋假日 → 平日＋假日：每一區不是真的算了，就是寫明不適用 — 全部有交代
✅ ⚠️ B2 平日＋假日 → 平日＋假日：逐**塊**看，每一塊不是真的算了，就是寫明不適用 — 全部有交代（另有宣告吃這個條件但數字剛好相同：card-kpi-peak（day））
✅ ⚠️ E 調查時段 → am：寫著「不適用」的塊，數字不可以跟著變（說明不可以說謊） — 沒有說謊的說明
✅ E 調查時段 → am：每一區不是真的算了，就是寫明不適用 — 全部有交代
✅ ⚠️ E 調查時段 → am：逐**塊**看，每一塊不是真的算了，就是寫明不適用 — 全部有交代（另有宣告吃這個條件但數字剛好相同：card-kpi-peak（period）、全調查時段／上午尖峰／下午尖峰各車種車輛數、百分（period））
✅ ⚠️ E2 上午＋下午並列 → AMPM：寫著「不適用」的塊，數字不可以跟著變（說明不可以說謊） — 沒有說謊的說明
✅ E2 上午＋下午並列 → AMPM：每一區不是真的算了，就是寫明不適用 — 全部有交代
✅ ⚠️ E2 上午＋下午並列 → AMPM：逐**塊**看，每一塊不是真的算了，就是寫明不適用 — 全部有交代（另有宣告吃這個條件但數字剛好相同：card-kpi-peak（period）、全調查時段／上午尖峰／下午尖峰各車種車輛數、百分（period））
✅ ⚠️ F 路口流量視角 → destination：寫著「不適用」的塊，數字不可以跟著變（說明不可以說謊） — 沒有說謊的說明
✅ F 路口流量視角 → destination：每一區不是真的算了，就是寫明不適用 — 全部有交代
✅ ⚠️ F 路口流量視角 → destination：逐**塊**看，每一塊不是真的算了，就是寫明不適用 — 全部有交代（另有宣告吃這個條件但數字剛好相同：每小時實際交通量與PCU（flowView）、各路段平日與假日比較（flowView）、雙向路段交通量、PCU、尖峰時段與各車種占比（flowView））
✅ ⚠️ F2 駛出＋駛入並列 → both：寫著「不適用」的塊，數字不可以跟著變（說明不可以說謊） — 沒有說謊的說明
✅ F2 駛出＋駛入並列 → both：每一區不是真的算了，就是寫明不適用 — 全部有交代
✅ ⚠️ F2 駛出＋駛入並列 → both：逐**塊**看，每一塊不是真的算了，就是寫明不適用 — 全部有交代（另有宣告吃這個條件但數字剛好相同：每小時實際交通量與PCU（flowView）、各路段平日與假日比較（flowView）、雙向路段交通量、PCU、尖峰時段與各車種占比（flowView））
✅ ⚠️ G 尖峰時段認定 → direction：寫著「不適用」的塊，數字不可以跟著變（說明不可以說謊） — 沒有說謊的說明
✅ G 尖峰時段認定 → direction：每一區不是真的算了，就是寫明不適用 — 全部有交代
✅ ⚠️ G 尖峰時段認定 → direction：逐**塊**看，每一塊不是真的算了，就是寫明不適用 — 全部有交代（另有宣告吃這個條件但數字剛好相同：card-kpi-peak（peakScope）、雙向路段交通量、PCU、尖峰時段與各車種占比（peakScope））
✅ ⚠️ H 顯示數值 → share：寫著「不適用」的塊，數字不可以跟著變（說明不可以說謊） — 沒有說謊的說明
✅ H 顯示數值 → share：每一區不是真的算了，就是寫明不適用 — 全部有交代
✅ ⚠️ H 顯示數值 → share：逐**塊**看，每一塊不是真的算了，就是寫明不適用 — 全部有交代（另有宣告吃這個條件但數字剛好相同：雙向路段交通量、PCU、尖峰時段與各車種占比（metric））
✅ 前置：季度有兩季以上可以拉開區間 — 2
✅ A 季度區間 → 115Q1：每一區不是真的算了，就是寫明不適用 — 全部有交代
✅ 回到預設之後，不適用說明要全部收掉（沒篩卻講話是噪音）
✅ ⚠️ 每一塊都對八個條件表態（宣告吃 ∪ 講明不適用 ＝ 八個，一個都不能少） — 全部塊都表態完整
✅ ⚠️ 產出型的塊各自掛著一句常駐說明（不吃主工具列條件） — 全部有
✅ 整段沒有 JS 例外

✅ 每一個條件在每一區上，不是真的算了就是寫明不適用

══ 一、結論草稿：尖峰時段認定與路口流量視角 ══
✅ ⚠️ ① 結論草稿有「尖峰時段認定」這個條件（以前它是悄悄跟著主工具列走的） — 找到：true
✅ ⚠️ ① 結論草稿有「路口流量視角」這個條件 — 找到：true
✅ 前置：小數位數這一格還在 — 找到：true
✅ ⚠️ ① 面板的說明不可以再寫「不受主工具列條件影響」那種一概而論的話（它其實吃尖峰時段認定） — 這一塊的條件由下方自己決定，不會跟著上方主工具列變動——包含尖峰時段認定與路口流量視角在內（2026-09-15起，這兩項在下方是看得到、選得到的條件；以前它們是悄悄跟著主工具列走
✅ 前置：草稿產生得出來（空的話下面全部恆真） — 2227 字
✅ ⚠️ ① 草稿要寫出**實際採用**的尖峰時段認定（報告上看不到畫面） — 統計條件：尖峰時段認定＝整個調查點同一時段（可相加）；路口流量視角＝駛出＋駛入都寫；數值小數 1 位。
✅ ⚠️ ② 「整個調查點同一時段」時**不可以**出現「不可以相加」那句警語 — 沒有多餘的警語
✅ ⚠️ ③ 換了尖峰時段認定之後，草稿**至少條件那一行要跟著換**（只加下拉不接資料是假功能） — 內容有變
   （參考）拿掉條件與警語之後的本文：兩種判定方式算出來相同——本守門的樣本每個調查點只有一組方向，這是預期的
✅ ⚠️ ② 「各方向各自認定」時，草稿要明講**不可以相加** — ⚠️ 本數值不適用「相加」：各方向的尖峰小時各自認定，不同方向的尖峰量並非同一時刻的量，合計沒有意義，請勿把各方向相加。
✅ ⚠️ ④ 小數位數選 0 位時，**百分比**也是 0 位（踩過的雷：只有數值變、百分比寫死 1 位） — 百分比的小數位：0
✅ ⚠️ ④ 小數位數選 2 位時，百分比也是 2 位 — 百分比的小數位：2

══ 二、報表草稿：小數位數與條件說明 ══
✅ ⚠️ ④ 報表草稿有「小數位數」（以前每一處都是寫死的 1 位） — 1 個
✅ ⚠️ ① 報表草稿也要寫出統計條件（尖峰時段認定、路口流量視角、小數位數） — 統計條件：尖峰時段認定＝整個調查點同一時段；路口流量視角＝不適用（本範圍沒有路口格式的調查點）；數值小數 1 位（車輛數為整數）。
✅ ⚠️ ④ 報表草稿的小數位數真的生效（PCU 數值） — PCU 的小數位：2
✅ ⚠️ ④ 報表草稿的**車種占比**也跟著小數位數走 — 百分比的小數位：2

══ 三、匯出中心的條件要真的有作用 ══
✅ 前置：匯出中心那一排條件找得到（0 個的話下面恆真） — 4 個下拉
✅ 前置：匯出中心的季度下拉列得出兩季以上（只有一季驗不到） — 115Q1／115Q2
✅ ⚠️ ⑤ 改了匯出中心的季度，**報表草稿真的跟著變**（舊版是空的接線：值變了、草稿沒變） — 草稿跟著換了
✅ ⚠️ ⑤ 「目前將匯出」那一行也跟著變 — 目前將匯出：115Q2・平日・全部調查點・全部方向 → 目前將匯出：115Q1・平日・全部調查點・全部方向
✅ ⚠️ ⑤ 說明要誠實：這一排就是主工具列，不可以宣稱會「只有這一區用自己的條件」 — 這一排就是主工具列的條件：在這裡改，等於在主工具列改，匯出的Excel與下方的報表草稿都會跟著變（畫面上其他圖表也會）。
✅ 整段沒有 JS 例外

✅ 兩個草稿產生器：條件齊備、口徑寫得出來、不可相加有警語、小數位數（含百分比）都生效，匯出中心的條件真的有作用
✅ 前置：畫面上有「可追溯明細・路口格式」那一張表
✅ ⚠️ X-17：這一塊**不可以**再有自己的「路口流量視角」（視角統一由主工具列決定）
✅ 前置：主工具列有「路口流量視角」可以切
✅ 前置：表頭裡讀得到支線欄（讀不到的話下面全部恆真） — 路口 / 駛出路口A（輛／調查日） / 駛出路口A（PCU／日） / 駛出路口A尖峰（PCU/小時） / 駛出路口B（輛／調查日）
✅ ⚠️ ① 主工具列切成「駛入路口」之後，**表頭真的改成駛入** — 駛入路口A（輛／調查日） / 駛入路口A（PCU／日） / 駛入路口A尖峰（PCU/小時）
✅ ⚠️ ① 而且**數值也真的換了**（只有表頭跟著換＝兩邊一起說謊） — 駛出 中正路口115-02原始檔讀不到日期｜22,513｜16,545.9｜1,374.118:00～19:00｜19,732｜14,586.8 → 駛入 中正路口115-02原始檔讀不到日期｜17,023｜12,477.3｜1,117.418:00～19:00｜16,771｜12,746.4

══ ② 駛出＋駛入並列：同一格上下兩行 ══
✅ ⚠️ ② 並列時列數**不變**（一列還是一個路口） — 駛出 1 列 → 並列 1 列
✅ ⚠️ ② 表頭要寫成「駛出／駛入」（看得出這一欄同時有兩種） — 駛出／駛入路口A（輛／調查日） / 駛出／駛入路口A（PCU／日） / 駛出／駛入路口A尖峰（PCU/小時）
✅ ⚠️ ② 同一格裡真的有**兩行**，而且各自標明駛出／駛入 — 駛出22,513 ／ 駛入17,023
✅ ⚠️ ② 兩行的數字**不一樣**（一樣就是又畫了同一份） — 駛出22,513 ／ 駛入17,023
✅ ② 兩行真的上下排（display:block；inline 會擠成一行） — block
✅ ② 並列時要有一句說明「先在主工具列選視角、再在這裡選車流方向」
✅ ⚠️ ② 切回單一視角時，表頭**只寫那一種**（不可以還掛著「／」） — 駛出路口A（輛／調查日） / 駛出路口A（PCU／日）

══ ③ 沒有資料時要留著區塊並說明 ══
✅ ⚠️ ③ 路段格式那一張**沒有資料也要留在畫面上**（整張消失會被當成程式壞了）
✅ ⚠️ ③ 而且要寫出**為什麼沒有**（只留一張空表等於什麼都沒說） — 這一張只列路段格式的調查點（雙向A／B）。目前這一塊選到的調查點裡沒有路段格式的資料，所以一列都列不出來——不是壞掉，也不是資料不見了。路口格式的資料請看「各支
✅ ③ 這一塊自己的工具列也要還在（不然使用者改不回來）

══ ④ 小卡上兩張可追溯明細的名字要分得出來 ══
✅ 前置：小卡上至少列出兩塊（少於兩塊的話下面那條恆真） — 可追溯明細（路段格式）、可追溯明細（路口格式）
✅ ⚠️ ④ 兩張可追溯明細在小卡上**名字不一樣**（一模一樣就分不出要回歸哪一張） — 可追溯明細（路段格式）、可追溯明細（路口格式）
✅ 整段沒有 JS 例外

✅ 可追溯明細（路口）：表頭跟著自己的視角換、數值也跟著換、並列有說明

══ 前置 ══
✅ 前置：主工具列列得出四個調查點（撐得過行數上限才驗得到第四節） — 中山路、中正路口、示範路段02、示範路段03

══ 一、單獨選一個調查點（對照組） ══
✅ ① 只選一個調查點時，行數就是日別數（平日、假日各一行） — [{"label":"平日","value":"42,090"},{"label":"假日","value":"32,675"}]
✅ ① 只有一個調查點時，標籤**只寫日別、不寫調查點名稱**（畫面不可以無故多字） — 平日／假日
✅ ① 換另一個調查點也是兩行 — [{"label":"平日","value":"73,783"},{"label":"假日","value":"59,457"}]
✅ ⚠️ ① 兩個調查點的數值**不相等**（相等的話「分行」與「相加」看起來都像對的） — 中山路=42090／中正路口=73783

══ 二、同時選兩個調查點 ══
✅ ② 兩個調查點 × 平日／假日 ＝ 四行 — [{"label":"中山路・平日","value":"42,090"},{"label":"中山路・假日","value":"32,675"},{"label":"中正路口・平日","value":"73,783"},{"label":"中正路口・假日","value":"59,457"}]
✅ ⚠️ ② 平日那兩行就是單獨選時的那兩個值（不是把合計拆成兩半） — 畫面上 42090／73783　應為 42090／73783
✅ ② 每一行都標出是哪一個調查點 — 中山路・平日／中山路・假日／中正路口・平日／中正路口・假日
✅ ⚠️ ② 相加出來的合計**整張卡都不出現** — 不可出現的數字：115,873
✅ ② 24小時PCU 也要分行（不可以只修了第一張卡） — [{"label":"中山路・平日","value":"31,160.5"},{"label":"中山路・假日","value":"24,124.5"},{"label":"中正路口・平日","value":"54,376.1"},{"label":"中正路口・假日","value":"43,757.4"}]

══ 三、尖峰小時當量交通量（多個調查點時不給數字） ══
✅ ③ 卡片**還在**（整塊消失會讓人以為系統壞了）
✅ ⚠️ ③ 沒有任何數值行 — []
✅ ③ 有一段說明講出為什麼不給數字 — 已選2個調查點，這張卡不給數字。尖峰小時當量交通量算的是一個調查點在同一個小時的量；不同調查點的尖峰小時常常不是同一個小
✅ ⚠️ ③ 逐方向明細與算式也要一起收掉（來源是同一份被加起來的資料） — 還留著 0 塊

══ 四、行數超過上限（四個調查點 × 平日／假日 ＝ 8 行） ══
✅ ④ 收成說明、不再逐行印 — []
✅ ④ 說明有出現 — 已選4個調查點，逐調查點列出會有8行。不同調查點的交通量不可以相加（那個總和不對應任何一條路的實際流量），所以這裡不給合
✅ ⚠️ ④ **一個合計數字都不給**（給了就是把錯的數字換個說法留著） — 不可出現的數字：115,873
✅ ④ 超過上限時要有「展開看全部」那一顆
✅ ⚠️ ④ 展開之後要列出全部（四個調查點 × 平日／假日 ＝ 8 行） — 實測 8 行
✅ ⚠️ ④ 展開之後**仍然**沒有合計（展開不是把規則放寬） — 不可出現的數字：115,873
✅ ④ 展開之後要能收回去
✅ ④ 收回去之後又變回「收起 ＋ 展開看全部」
✅ ④ 收回到一個調查點之後，逐行顯示要回來（平日／假日兩行） — ["平日","假日"]
✅ 整段沒有 JS 例外

✅ 總結小卡：多個調查點逐行列出、合計不出現、尖峰卡留說明不留數字

══ 前置 ══
✅ 前置：找得到可追溯明細（路段格式）那張表
✅ 前置：有兩季可用（只有一季的話季別那幾條恆真） — 115Q1、115Q2

══ 一、季別區間拉開 ══
✅ 前置：這一塊自己有季度區間的下拉
✅ ⚠️ ① 兩季就要兩列（沒有季別分組鍵的話會被加成一列） — 實測 2 列
✅ ⚠️ ① 表上要有「季別」欄（分了列卻看不出誰是誰，跟沒分一樣） — 路段｜季別｜方向A（輛／調查日）｜方向B（輛／調查日）｜方向A（PCU／日）｜方向B（PCU／日）｜全日（輛／調查日）｜24小時（PCU／日）｜雙向尖峰（PCU/小時）｜A尖峰（PCU/小時）｜B尖峰（PCU/小時）｜機車（%）｜小型車（%）｜大客車（%）｜大貨車（%）｜聯結車（%）
✅ ① 兩列分別標著兩個季度 — 中山路115-01原始檔讀不到日期 ／ 中山路115-01原始檔讀不到日期

══ 二、日別讀這一塊自己的工具列 ══
✅ 前置：這一塊自己有日別的下拉
✅ ⚠️ ② 這一塊選「平日＋假日」時就要依日別分列（不管主工具列選的是什麼） — 主工具列＝平日、這一塊＝平日＋假日；實測 4 列（前一步是 2 列）
✅ ⚠️ ② 表上要有「日別」欄 — 路段｜季別｜日別｜方向A（輛／調查日）｜方向B（輛／調查日）｜方向A（PCU／日）｜方向B（PCU／日）｜全日（輛／調查日）｜24小時（PCU／日）｜雙向尖峰（PCU/小時）｜A尖峰（PCU/小時）｜B尖峰（PCU/小時）｜機車（%）｜小型車（%）｜大客車（%）｜大貨車（%）｜聯結車（%）
✅ ⚠️ ② 日別欄要寫出**這一列真正的日別**，平日與假日兩種都要出現（舊版一律填主工具列那一個） — 中山路115-01原始檔讀不到日期／115Q1／平日 ｜ 中山路115-01原始檔讀不到日期／115Q1／假日 ｜ 中山路115-01原始檔讀不到日期／115Q2／平日 ｜ 中山路115-01原始檔讀不到日期／115Q2／假日
✅ 整段沒有 JS 例外

✅ 可追溯明細：一列一個調查點 × 一個季別 × 一個日別，欄位也標得出來

══ 一、舊的「品質與定稿」視窗不可以還開得出來 ══
✅ ⚠️ ① 工具列那顆已經改名叫「資料維護」（不再是「品質與定稿」）
✅ ⚠️ ① 按下去**不會開視窗**，而是跳到資料維護那一頁 — 視窗 0 個

══ 二、資料維護頁上該有的東西 ══
✅ ② 「刪除單一季度」在畫面上（#maintenance-delete-quarter）
✅ ② 「執行資料異常檢查」在畫面上（#quality-run）
✅ ② 「資料異常檢查摘要」在畫面上（#quality-summary）
✅ ② 「異常提醒門檻」在畫面上（#quality-thresholds）
✅ ② 「檢查結果」在畫面上（#quality-reasons）
✅ ② 側欄列得出「刪除單一季度」 — 本季總覽｜車種組成｜24小時型態｜歷季分析｜同季平假日｜可追溯明細｜時段車種分析｜季度改名｜刪除單一季度｜備份本計畫｜備份全部計畫｜還原計畫｜清除本機資料
✅ ② 側欄列得出「季度改名」 — 本季總覽｜車種組成｜24小時型態｜歷季分析｜同季平假日｜可追溯明細｜時段車種分析｜季度改名｜刪除單一季度｜備份本計畫｜備份全部計畫｜還原計畫｜清除本機資料
✅ ② 側欄列得出「資料異常檢查摘要」 — 本季總覽｜車種組成｜24小時型態｜歷季分析｜同季平假日｜可追溯明細｜時段車種分析｜執行資料異常檢查｜資料異常檢查摘要｜異常提醒門檻｜檢查結果
✅ ② 側欄列得出「異常提醒門檻」 — 本季總覽｜車種組成｜24小時型態｜歷季分析｜同季平假日｜可追溯明細｜時段車種分析｜執行資料異常檢查｜資料異常檢查摘要｜異常提醒門檻｜檢查結果
✅ ② 側欄列得出「檢查結果」 — 本季總覽｜車種組成｜24小時型態｜歷季分析｜同季平假日｜可追溯明細｜時段車種分析｜執行資料異常檢查｜資料異常檢查摘要｜異常提醒門檻｜檢查結果

══ 三、事後檢查要按了才跑 ══
✅ ⚠️ ③ 按之前，摘要一個數字都不給（給了等於說「已經檢查過而且是這樣」） — —／—／—／—／—／—
✅ ③ 按之前，檢查結果那一塊寫「尚未檢查」
✅ ⚠️ ③ 按下去之後才出現數字（按鈕要真的做一件事，不能是空殼） — 1／1／1／4／0／5／0 輛
✅ ③ 狀態列寫出這一次檢查的時間 — 上次檢查：2026/10/5 下午4:48:41　共 8 項需要注意。
✅ ⚠️ ③ 改了門檻之後，結果要標成「已過期」（安靜地留著舊數字更危險） — 上次檢查：2026/10/5 下午4:48:41　⚠️ 之後資料又變動過，結果已過期，請重新檢查。

══ 四、X-49：解決方式 ══
✅ ④ 檢查結果真的列出項目 — 8 列
✅ ⚠️ ④ 每一列都有解決方式，而且每一句都有實際內容 — 全日量變動:161字、PCU變動:137字、全日量變動:161字、PCU變動:137字、全日量變動:161字、PCU變動:137字、全日量變動:161字、PCU變動:137字
✅ ⚠️ ④ 每一列都標出處理類別（重新匯入／人工確認／畫面修正） — 人工確認
✅ ⚠️ ④ 標成「重新匯入」的那幾列，句子裡要真的寫出「重新匯入」
✅ ⚠️ ④ 不同種類的異常不可以共用同一句解決方式（那等於沒寫） — 2 種異常各寫各的
✅ ④ 至少有一列給了「前往某分頁」的按鈕
✅ ⚠️ ④ 按「前往…」真的跳到那一塊（換頁或把那一塊框起來，不是按了沒反應） — zone-output → zone-output；點名 1 塊

══ 五、刪除單一季度要真的刪得掉 ══
✅ 前置：有兩季可以刪（只有一季的話下面恆真） — 115Q1、115Q2
✅ ⚠️ ⑤ 預設選的是**最早一季**（最新一季通常是正在處理的那一季，當刪除鈕的預設值太危險） — 預設 115Q1／最早 115Q1
✅ ⚠️ ⑤ 按下去之後那一季**真的不見了**（只驗鈕能按＝什麼都沒驗到） — 115Q1、115Q2 → 115Q2
✅ ⚠️ ⑤ 其餘季度還在（一次刪光也算「不見了」，但那是功能壞掉） — 115Q2

══ 六、X-49：重按檢查，已解決的要消失 ══
✅ ⚠️ ⑥ 少掉一季之後重按檢查，項目數真的變少（檢查不可以吃快取） — 8 筆 → 0 筆
✅ ⑥ 剩下的項目種類仍然是原本那幾種（不可以冒出新的種類） — (沒有剩下)
✅ 前置：找得到異常提醒門檻的輸入框（找不到的話下面全部恆真）
✅ ⚠️ 門檻輸入框要有看得見的框線（使用者：看不出哪裡可以輸入） — 寬 1px、與面板底對比 1.48:1｜框 1px rgb(202, 214, 223)／底 rgb(246, 249, 250)／面板底 rgb(255, 255, 255)
✅ ⚠️ 門檻輸入框的底色要與面板底色不同（同色＝看起來像純文字） — 框 1px rgb(202, 214, 223)／底 rgb(246, 249, 250)／面板底 rgb(255, 255, 255)
✅ ⚠️ 點下去要有反應（focus 之後框色要變）
✅ 前置：這一頁真的有控制項可以掃（0 個的話下一條恆真） — 9 個
✅ ⚠️ 面板裡不可以有「看不出是控制項」的欄位（沒有框線或底色透明） — 9 個都看得出來
✅ 前置：這一頁真的有「文字＋同一行控制項」可以量（0 個的話下一條恆真） — 1 個
✅ ⚠️ X-82 欄位與它左邊的說明文字至少隔 6px（不可以黏在一起或壓過去） — 1 個都有間距
✅ 整段沒有 JS 例外

✅ 資料維護：舊視窗收掉了、五塊都在、按了才跑、解決方式寫得出來、刪得掉季度
✅ 前置：有兩季可用（只有一季的話 C 那幾條恆真） — 115Q1、115Q2

══ C 同季平假日比較 ══
✅ 前置：單季時畫得出列（0 列的話下面全部恆真） — 1 列
✅ 前置：這一塊自己有季度區間的下拉
✅ ⚠️ C 拉開兩季之後列數要變成兩倍（沒有季別分組鍵的話會被加成同樣的列數） — 單季 1 列 → 兩季 2 列
✅ ⚠️ C 每一列都要看得出是哪一季（分了列卻看不出誰是誰，跟沒分一樣） — 中山路115-01・115Q1平日42,090 輛／日假日32,675 輛／日-22.4% ｜ 中山路115-01・115Q2平日42,090 輛／日假日32,675 輛／日-22.4%

══ ① 車種組成逐調查點 ══
✅ ⚠️ ① 兩個調查點時要拆成兩組（單一圓環＝把兩個斷面的車加起來） — 2 組：中山路42,090 輛下載中山路高解析圖片只有圖，不含說明文字 ／ 中正路口73,783 輛下載中正路口高解析圖片只有圖，不含說明文字
✅ ⚠️ ① 每一組的抬頭要寫出是哪一個調查點 — 中山路42,090 輛下載中山路高解析圖片只有圖，不含說明文字 ／ 中正路口73,783 輛下載中正路口高解析圖片只有圖，不含說明文字
✅ ⚠️ ① 每一組都有自己的輛數，而且各組不相同（相同＝其實還是同一份資料） — 中山路42,090 輛下載中山路高解析圖片只有圖，不含說明文字=42,090 ／ 中正路口73,783 輛下載中正路口高解析圖片只有圖，不含說明文字=73,783
✅ ⚠️ ① 底下不可以再有任何合計行（跨調查點或平日＋假日相加都沒有應用意義） — （沒有合計行）
✅ ⚠️ ① 對照組：只剩一個調查點時**不可以**再拆（永遠拆也是錯的） — 0 組：
✅ 整段沒有 JS 例外

✅ 平假日比較逐季分列、車種組成逐調查點分組

══ ① 三個調查點（圖例分得出來）══
   畫布 1262×300，繪圖區右緣 1234，最右邊的墨在 1239（超出繪圖區 5px）
✅ ⚠️ ① 繪圖區右邊沒有任何字（線尾不再寫路段名稱） — 超出繪圖區 5px
✅ ① 識別沒有跟著不見：底下的講稿／圖例仍然逐條寫出線名 — 1305 個字

══ ② 九個調查點（超過配色數）══
   繪圖區右緣 1234，最右邊的墨在 1239（超出繪圖區 5px）
✅ ⚠️ ② 九條線時線尾也不可以有名稱（識別靠圖例：顏色＋線型） — 超出繪圖區 5px
✅ ⚠️ ② 九條線不可以退成一色深灰：繪圖區裡至少有 4 種以上有彩度的顏色 — 量到 72 種
✅ 沒有任何 JavaScript 例外

✅ 線尾名稱：任何情況都不畫；超過配色數時靠顏色循環＋線型分辨，不退成深灰

══ ① 單一調查點（升級當天的畫面不可以變）══
✅ ① 只有一個調查點時**不是**拆的版面（一張圖就是一張圖） — 拆版面 0 個
✅ ① 前置：單選第一個調查點時圖與講稿都出得來 — 115／960／960
✅ ① 前置：單選第二個調查點時圖與講稿都出得來 — 115／3508／3508
✅ ⚠️ ① 前置：兩個調查點的量**真的不一樣**（一樣的話「加」與「拆」都會過） — 甲獨有 960／960；乙獨有 3508／3508

══ ② 兩個調查點（要拆，不加總）══
✅ ⚠️ ② 兩個調查點時改成拆的版面
✅ ⚠️ ② 一個調查點一張圖（兩張） — 2 張
✅ ⚠️ ② 每一張圖都有自己的調查點名稱（沒有名稱的話兩張一樣的折線更容易看錯） — 甲路段下載甲路段高解析圖片只有圖，不含說明文字／乙路段下載乙路段高解析圖片只有圖，不含說明文字
✅ ⚠️ ② 拆開之後講的**就是**單選時的那兩份（不是把合計拆成兩半） — 拆後 960／960／3508／3508
✅ ⚠️ ② 合計那個數字整個不出現（只驗正面的話「拆兩張＋再寫一句合計」也會過） — 合計會是 4468／4468／4468
✅ ⚠️ ② 畫面上有一行交代為什麼變成好幾張（不然使用者不知道發生什麼事）
✅ ⚠️ ② 但畫面上**不再**掛整段理由（使用者指定移到手冊）
✅ ⚠️ ② 講稿也跟著逐點分段，不可以還留著「N 個調查點合起來算」
✅ 沒有任何 JavaScript 例外

✅ 24 小時型態：一個調查點一張圖，不加總、不平均
