TAP version 13
# Subtest: 前置：真的用語法樹掃到 className，而且大多數 class 在樣式表裡找得到規則
ok 1 - 前置：真的用語法樹掃到 className，而且大多數 class 在樣式表裡找得到規則
  ---
  duration_ms: 0.5774
  type: 'test'
  ...
# Subtest: 每一個元素的 className 裡至少要有一個 class 在樣式表裡有規則
ok 2 - 每一個元素的 className 裡至少要有一個 class 在樣式表裡有規則
  ---
  duration_ms: 7.9964
  type: 'test'
  ...
# Subtest: INTENTIONALLY_UNSTYLED 裡的每一個名稱都要還在用，而且確實沒有規則
ok 3 - INTENTIONALLY_UNSTYLED 裡的每一個名稱都要還在用，而且確實沒有規則
  ---
  duration_ms: 0.2902
  type: 'test'
  ...
# Subtest: 面板裡的 .inline-note 要有左右內距與下內距，而且 .project-load-error 不可以被它蓋掉
ok 4 - 面板裡的 .inline-note 要有左右內距與下內距，而且 .project-load-error 不可以被它蓋掉
  ---
  duration_ms: 0.2618
  type: 'test'
  ...
# Subtest: 建置出來的樣式表也要有這兩條（改了原始碼卻沒重建資產一樣是壞的）
ok 5 - 建置出來的樣式表也要有這兩條（改了原始碼卻沒重建資產一樣是壞的）
  ---
  duration_ms: 4.1322
  type: 'test'
  ...
1..5
# tests 5
# suites 0
# pass 5
# fail 0
# cancelled 0
# skipped 0
# todo 0
# duration_ms 591.2153
