TAP version 13
# Subtest: 前置：真的用語法樹掃到 className，而且大多數 class 在樣式表裡找得到規則
ok 1 - 前置：真的用語法樹掃到 className，而且大多數 class 在樣式表裡找得到規則
  ---
  duration_ms: 1.0725
  type: 'test'
  ...
# Subtest: 每一個元素的 className 裡至少要有一個 class 在樣式表裡有規則
ok 2 - 每一個元素的 className 裡至少要有一個 class 在樣式表裡有規則
  ---
  duration_ms: 9.7785
  type: 'test'
  ...
# Subtest: INTENTIONALLY_UNSTYLED 裡的每一個名稱都要還在用，而且確實沒有規則
ok 3 - INTENTIONALLY_UNSTYLED 裡的每一個名稱都要還在用，而且確實沒有規則
  ---
  duration_ms: 0.355
  type: 'test'
  ...
# Subtest: 面板裡的 .inline-note 要有左右內距與下內距，而且 .project-load-error 不可以被它蓋掉
ok 4 - 面板裡的 .inline-note 要有左右內距與下內距，而且 .project-load-error 不可以被它蓋掉
  ---
  duration_ms: 14.7697
  type: 'test'
  ...
# Subtest: 建置出來的樣式表也要有這兩條（改了原始碼卻沒重建資產一樣是壞的）
ok 5 - 建置出來的樣式表也要有這兩條（改了原始碼卻沒重建資產一樣是壞的）
  ---
  duration_ms: 19.5889
  type: 'test'
  ...
# Subtest: 手冊HTML title須為本版正式名稱及版號
ok 6 - 手冊HTML title須為本版正式名稱及版號
  ---
  duration_ms: 3.221
  type: 'test'
  ...
# Subtest: 正式PDF內部Title須為本版正式名稱及版號
ok 7 - 正式PDF內部Title須為本版正式名稱及版號
  ---
  duration_ms: 1029.2599
  type: 'test'
  ...
# Subtest: package.json 與 package-lock.json 的版本號和程式顯示的一致
ok 8 - package.json 與 package-lock.json 的版本號和程式顯示的一致
  ---
  duration_ms: 10.878
  type: 'test'
  ...
# Subtest: 畫面上的手冊連結檔名帶著目前版本
ok 9 - 畫面上的手冊連結檔名帶著目前版本
  ---
  duration_ms: 7.7228
  type: 'test'
  ...
# Subtest: 手冊裡有本版的更新說明區塊
ok 10 - 手冊裡有本版的更新說明區塊
  ---
  duration_ms: 3.0669
  type: 'test'
  ...
# Subtest: GitHub Pages 根目錄建置產物與目前版本一致
ok 11 - GitHub Pages 根目錄建置產物與目前版本一致
  ---
  duration_ms: 8.2383
  type: 'test'
  ...
# Subtest: 驗證報告檔名與目前版本一致，不得殘留舊版
ok 12 - 驗證報告檔名與目前版本一致，不得殘留舊版
  ---
  duration_ms: 2.718
  type: 'test'
  ...
# Subtest: 更新說明的「如何更新」段落沒有殘留舊版號與舊資產檔名
ok 13 - 更新說明的「如何更新」段落沒有殘留舊版號與舊資產檔名
  ---
  duration_ms: 4.626
  type: 'test'
  ...
# Subtest: 更新說明裡寫出來的每一個 SHA-256 都要與實際檔案相符
ok 14 - 更新說明裡寫出來的每一個 SHA-256 都要與實際檔案相符
  ---
  duration_ms: 15.3083
  type: 'test'
  ...
# Subtest: 更新說明與驗證報告都不可以有兩段共用同一個版號
ok 15 - 更新說明與驗證報告都不可以有兩段共用同一個版號
  ---
  duration_ms: 8.6364
  type: 'test'
  ...
#   ℹ️ 與最後一次建置逐位元相同、時間戳不列入比較：index-D4xu9QK7.js、index-CTPKCkkc.css
#   ℹ️ 主程式與樣式兩個產物都與最後一次建置逐位元相同，不需要再比 mtime（逐位元相同是比時間更強的證據）。
# Subtest: 根目錄的建置產物不可以比原始碼舊
ok 16 - 根目錄的建置產物不可以比原始碼舊
  ---
  duration_ms: 8.3541
  type: 'test'
  ...
#   ℹ️ v20.97 已正式發布，本版直接建在它之上，沒有「未發布候選區間」可寫——改成要求現況文件寫明前一正式版是哪一版。
# Subtest: 未發布候選版的區間與數量，三份現況文件都要寫到本版前一版
ok 17 - 未發布候選版的區間與數量，三份現況文件都要寫到本版前一版
  ---
  duration_ms: 10.355
  type: 'test'
  ...
# Subtest: 驗證報告寫的手冊頁數與字元數要與 PDF 相符（缺工具時跳過並說明）
ok 18 - 驗證報告寫的手冊頁數與字元數要與 PDF 相符（缺工具時跳過並說明）
  ---
  duration_ms: 2382.966
  type: 'test'
  ...
# Subtest: 文件寫的測試條數必須等於那支檔案裡 test() 的數量
ok 19 - 文件寫的測試條數必須等於那支檔案裡 test() 的數量
  ---
  duration_ms: 326.993
  type: 'test'
  ...
1..19
# tests 19
# suites 0
# pass 19
# fail 0
# cancelled 0
# skipped 0
# todo 0
# duration_ms 2925.8376
