TAP version 13
# Subtest: 前置：真的用語法樹掃到 className，而且大多數 class 在樣式表裡找得到規則
ok 1 - 前置：真的用語法樹掃到 className，而且大多數 class 在樣式表裡找得到規則
  ---
  duration_ms: 1.0256
  type: 'test'
  ...
# Subtest: 每一個元素的 className 裡至少要有一個 class 在樣式表裡有規則
ok 2 - 每一個元素的 className 裡至少要有一個 class 在樣式表裡有規則
  ---
  duration_ms: 9.5638
  type: 'test'
  ...
# Subtest: INTENTIONALLY_UNSTYLED 裡的每一個名稱都要還在用，而且確實沒有規則
not ok 3 - INTENTIONALLY_UNSTYLED 裡的每一個名稱都要還在用，而且確實沒有規則
  ---
  duration_ms: 1.2199
  type: 'test'
  location: 'D:\\Users\\95108\\AppData\\Local\\Temp\\dailytraffic-v2098-static-cases\\styled-exemption\\tests\\inline-note-spacing.test.mjs:197:1'
  failureType: 'testCodeFailure'
  error: |-
    免死金牌清單要跟著現況走：
      panel：現在樣式表裡有規則了，從清單移掉
    + actual - expected
    
    + [
    +   'panel：現在樣式表裡有規則了，從清單移掉'
    + ]
    - []
    
  code: 'ERR_ASSERTION'
  name: 'AssertionError'
  expected:
  actual:
    0: 'panel：現在樣式表裡有規則了，從清單移掉'
  operator: 'deepStrictEqual'
  stack: |-
    TestContext.<anonymous> (file:///D:/Users/95108/AppData/Local/Temp/dailytraffic-v2098-static-cases/styled-exemption/tests/inline-note-spacing.test.mjs:204:10)
    Test.runInAsyncScope (node:async_hooks:214:14)
    Test.run (node:internal/test_runner/test:1047:25)
    Test.processPendingSubtests (node:internal/test_runner/test:744:18)
    Test.postRun (node:internal/test_runner/test:1173:19)
    Test.run (node:internal/test_runner/test:1101:12)
    async Test.processPendingSubtests (node:internal/test_runner/test:744:7)
  ...
# Subtest: 面板裡的 .inline-note 要有左右內距與下內距，而且 .project-load-error 不可以被它蓋掉
ok 4 - 面板裡的 .inline-note 要有左右內距與下內距，而且 .project-load-error 不可以被它蓋掉
  ---
  duration_ms: 13.1402
  type: 'test'
  ...
# Subtest: 建置出來的樣式表也要有這兩條（改了原始碼卻沒重建資產一樣是壞的）
ok 5 - 建置出來的樣式表也要有這兩條（改了原始碼卻沒重建資產一樣是壞的）
  ---
  duration_ms: 18.9422
  type: 'test'
  ...
1..5
# tests 5
# suites 0
# pass 4
# fail 1
# cancelled 0
# skipped 0
# todo 0
# duration_ms 675.5283
