TAP version 13
# Subtest: 未發布候選版的區間與數量，三份現況文件都要寫到本版前一版
not ok 1 - 未發布候選版的區間與數量，三份現況文件都要寫到本版前一版
  ---
  duration_ms: 3.7159
  type: 'test'
  location: 'D:\\Users\\95108\\AppData\\Local\\Temp\\dailytraffic-v2095-review-20261004\\tests\\release-metadata.test.mjs:727:1'
  failureType: 'testCodeFailure'
  error: '算出來的未發布候選數是 0，版號解析壞了嗎？'
  code: 'ERR_ASSERTION'
  name: 'AssertionError'
  expected: true
  actual: false
  operator: '=='
  stack: |-
    TestContext.<anonymous> (file:///D:/Users/95108/AppData/Local/Temp/dailytraffic-v2095-review-20261004/tests/release-metadata.test.mjs:769:10)
    async Test.run (node:internal/test_runner/test:1054:7)
    async startSubtestAfterBootstrap (node:internal/test_runner/harness:296:3)
  ...
1..1
# tests 1
# suites 0
# pass 0
# fail 1
# cancelled 0
# skipped 0
# todo 0
# duration_ms 90.2303
