TAP version 13
# Subtest: 匯出的備份收齊了使用者的設定
ok 1 - 匯出的備份收齊了使用者的設定
  ---
  duration_ms: 1.3601
  type: 'test'
  ...
# Subtest: 還原備份時會把條件範本寫回去
ok 2 - 還原備份時會把條件範本寫回去
  ---
  duration_ms: 1.4928
  type: 'test'
  ...
# Subtest: 備份裡沒有條件範本時，不可以把這台電腦既有的範本清掉
ok 3 - 備份裡沒有條件範本時，不可以把這台電腦既有的範本清掉
  ---
  duration_ms: 0.2188
  type: 'test'
  ...
# Subtest: 備份全部計畫時，每個計畫的資料是各自抓回來的，不是拿畫面上的 state
ok 4 - 備份全部計畫時，每個計畫的資料是各自抓回來的，不是拿畫面上的 state
  ---
  duration_ms: 0.218
  type: 'test'
  ...
# Subtest: buildBackupPayload() 的 PCU 係數一定是由 input 傳進來的
ok 5 - buildBackupPayload() 的 PCU 係數一定是由 input 傳進來的
  ---
  duration_ms: 0.3879
  type: 'test'
  ...
# Subtest: 還原本計畫時，使用者親手按出來的東西也要跟著回來
ok 6 - 還原本計畫時，使用者親手按出來的東西也要跟著回來
  ---
  duration_ms: 0.3709
  type: 'test'
  ...
# Subtest: 還原多個計畫時，車種分類與路口幾何是累加的，不會互相覆蓋
ok 7 - 還原多個計畫時，車種分類與路口幾何是累加的，不會互相覆蓋
  ---
  duration_ms: 0.3058
  type: 'test'
  ...
1..7
# tests 7
# suites 0
# pass 7
# fail 0
# cancelled 0
# skipped 0
# todo 0
# duration_ms 90.2415
