TAP version 13
# Subtest: 匯出的備份收齊了使用者的設定
ok 1 - 匯出的備份收齊了使用者的設定
  ---
  duration_ms: 1.6643
  type: 'test'
  ...
# Subtest: 還原備份時會把條件範本寫回去
ok 2 - 還原備份時會把條件範本寫回去
  ---
  duration_ms: 2.438
  type: 'test'
  ...
# Subtest: 備份裡沒有條件範本時，不可以把這台電腦既有的範本清掉
ok 3 - 備份裡沒有條件範本時，不可以把這台電腦既有的範本清掉
  ---
  duration_ms: 0.2792
  type: 'test'
  ...
# Subtest: 備份全部計畫時，每個計畫的資料是各自抓回來的，不是拿畫面上的 state
ok 4 - 備份全部計畫時，每個計畫的資料是各自抓回來的，不是拿畫面上的 state
  ---
  duration_ms: 0.3026
  type: 'test'
  ...
# Subtest: buildBackupPayload() 的 PCU 係數一定是由 input 傳進來的
ok 5 - buildBackupPayload() 的 PCU 係數一定是由 input 傳進來的
  ---
  duration_ms: 0.5047
  type: 'test'
  ...
# Subtest: 還原本計畫時，使用者親手按出來的東西也要跟著回來
ok 6 - 還原本計畫時，使用者親手按出來的東西也要跟著回來
  ---
  duration_ms: 0.4079
  type: 'test'
  ...
# Subtest: 還原多個計畫時，車種分類與路口幾何是累加的，不會互相覆蓋
ok 7 - 還原多個計畫時，車種分類與路口幾何是累加的，不會互相覆蓋
  ---
  duration_ms: 0.3544
  type: 'test'
  ...
# Subtest: package.json 與 package-lock.json 的版本號和程式顯示的一致
ok 8 - package.json 與 package-lock.json 的版本號和程式顯示的一致
  ---
  duration_ms: 8.3946
  type: 'test'
  ...
# Subtest: 畫面上的手冊連結檔名帶著目前版本
ok 9 - 畫面上的手冊連結檔名帶著目前版本
  ---
  duration_ms: 7.2326
  type: 'test'
  ...
# Subtest: 手冊裡有本版的更新說明區塊
ok 10 - 手冊裡有本版的更新說明區塊
  ---
  duration_ms: 3.2012
  type: 'test'
  ...
# Subtest: GitHub Pages 根目錄建置產物與目前版本一致
ok 11 - GitHub Pages 根目錄建置產物與目前版本一致
  ---
  duration_ms: 28.5725
  type: 'test'
  ...
# Subtest: 驗證報告檔名與目前版本一致，不得殘留舊版
ok 12 - 驗證報告檔名與目前版本一致，不得殘留舊版
  ---
  duration_ms: 2.8924
  type: 'test'
  ...
# Subtest: 更新說明的「如何更新」段落沒有殘留舊版號與舊資產檔名
ok 13 - 更新說明的「如何更新」段落沒有殘留舊版號與舊資產檔名
  ---
  duration_ms: 3.9334
  type: 'test'
  ...
# Subtest: 更新說明裡寫出來的每一個 SHA-256 都要與實際檔案相符
ok 14 - 更新說明裡寫出來的每一個 SHA-256 都要與實際檔案相符
  ---
  duration_ms: 63.7062
  type: 'test'
  ...
# Subtest: 更新說明與驗證報告都不可以有兩段共用同一個版號
ok 15 - 更新說明與驗證報告都不可以有兩段共用同一個版號
  ---
  duration_ms: 6.7945
  type: 'test'
  ...
# Subtest: 根目錄的建置產物不可以比原始碼舊
not ok 16 - 根目錄的建置產物不可以比原始碼舊
  ---
  duration_ms: 8.8179
  type: 'test'
  location: 'D:\\Users\\95108\\AppData\\Local\\Temp\\dailytraffic-v2095-review-20261004\\tests\\release-metadata.test.mjs:556:1'
  failureType: 'testCodeFailure'
  error: |-
    這些原始碼比根目錄的建置產物（還在比較範圍內的那幾個裡較舊的一個，2026-10-03T10:00:00.000Z）新，代表發布出去的網站不是目前這份程式。請執行 npm run build:pages，把 github-pages/dist 的 index.html 與 assets 同步到根目錄（刪掉舊雜湊的檔案）、補回 ?v= 快取參數，並更新「更新說明」的資產清單與 SHA-256：
      app/DashboardClient.tsx（2026-10-03T23:19:31.073Z）
    + actual - expected
    
    + [
    +   'app/DashboardClient.tsx（2026-10-03T23:19:31.073Z）'
    + ]
    - []
    
  code: 'ERR_ASSERTION'
  name: 'AssertionError'
  expected:
  actual:
    0: 'app/DashboardClient.tsx（2026-10-03T23:19:31.073Z）'
  operator: 'deepStrictEqual'
  stack: |-
    TestContext.<anonymous> (file:///D:/Users/95108/AppData/Local/Temp/dailytraffic-v2095-review-20261004/tests/release-metadata.test.mjs:696:10)
    async Test.run (node:internal/test_runner/test:1054:7)
    async Test.processPendingSubtests (node:internal/test_runner/test:744:7)
  ...
#   ℹ️ v20.94 已正式發布，本版直接建在它之上，沒有「未發布候選區間」可寫——改成要求現況文件寫明前一正式版是哪一版。
# Subtest: 未發布候選版的區間與數量，三份現況文件都要寫到本版前一版
ok 17 - 未發布候選版的區間與數量，三份現況文件都要寫到本版前一版
  ---
  duration_ms: 16.4873
  type: 'test'
  ...
# Subtest: 驗證報告寫的手冊頁數與字元數要與 PDF 相符（缺工具時跳過並說明）
ok 18 - 驗證報告寫的手冊頁數與字元數要與 PDF 相符（缺工具時跳過並說明）
  ---
  duration_ms: 3106.482
  type: 'test'
  ...
# Subtest: 文件寫的測試條數必須等於那支檔案裡 test() 的數量
ok 19 - 文件寫的測試條數必須等於那支檔案裡 test() 的數量
  ---
  duration_ms: 42.3406
  type: 'test'
  ...
# Subtest: classification coefficient warning must not claim negative PCU is zeroed
ok 20 - classification coefficient warning must not claim negative PCU is zeroed
  ---
  duration_ms: 0.6743
  type: 'test'
  ...
# Subtest: threshold scopes travel in both single and all-project backup exports
ok 21 - threshold scopes travel in both single and all-project backup exports
  ---
  duration_ms: 0.108
  type: 'test'
  ...
# Subtest: both restore routes validate and restore threshold scopes to the destination
ok 22 - both restore routes validate and restore threshold scopes to the destination
  ---
  duration_ms: 0.1642
  type: 'test'
  ...
# Subtest: formal xlsx exports classification warnings and the scoped mapping table
ok 23 - formal xlsx exports classification warnings and the scoped mapping table
  ---
  duration_ms: 0.1056
  type: 'test'
  ...
# Subtest: long intervals are blocked before confirmations or writes
ok 24 - long intervals are blocked before confirmations or writes
  ---
  duration_ms: 0.0831
  type: 'test'
  ...
# Subtest: the import report uses the same long-interval rule as the write guard
ok 25 - the import report uses the same long-interval rule as the write guard
  ---
  duration_ms: 0.0847
  type: 'test'
  ...
1..25
# tests 25
# suites 0
# pass 24
# fail 1
# cancelled 0
# skipped 0
# todo 0
# duration_ms 3401.9158
