add lightningcss-win32-arm64-msvc 1.31.1
add lightningcss-linux-x64-musl 1.31.1
add lightningcss-linux-x64-gnu 1.31.1
add lightningcss-linux-arm64-musl 1.31.1
add lightningcss-linux-arm64-gnu 1.31.1
add lightningcss-linux-arm-gnueabihf 1.31.1
add lightningcss-freebsd-x64 1.31.1
add lightningcss-darwin-x64 1.31.1
add lightningcss-darwin-arm64 1.31.1
add lightningcss-android-arm64 1.31.1
add fsevents 2.3.3
add @tybys/wasm-util 0.10.2
add @tailwindcss/oxide-win32-arm64-msvc 4.2.1
add @tailwindcss/oxide-wasm32-wasi 4.2.1
add @tailwindcss/oxide-linux-x64-musl 4.2.1
add @tailwindcss/oxide-linux-x64-gnu 4.2.1
add @tailwindcss/oxide-linux-arm64-musl 4.2.1
add @tailwindcss/oxide-linux-arm64-gnu 4.2.1
add @tailwindcss/oxide-linux-arm-gnueabihf 4.2.1
add @tailwindcss/oxide-freebsd-x64 4.2.1
add @tailwindcss/oxide-darwin-x64 4.2.1
add @tailwindcss/oxide-darwin-arm64 4.2.1
add @tailwindcss/oxide-android-arm64 4.2.1
add @rolldown/binding-win32-arm64-msvc 1.0.1
add @rolldown/binding-wasm32-wasi 1.0.1
add @napi-rs/wasm-runtime 1.1.4
add @emnapi/runtime 1.10.0
add @rolldown/binding-openharmony-arm64 1.0.1
add @rolldown/binding-linux-x64-musl 1.0.1
add @rolldown/binding-linux-x64-gnu 1.0.1
add @rolldown/binding-linux-s390x-gnu 1.0.1
add @rolldown/binding-linux-ppc64-gnu 1.0.1
add @rolldown/binding-linux-arm64-musl 1.0.1
add @rolldown/binding-linux-arm64-gnu 1.0.1
add @rolldown/binding-linux-arm-gnueabihf 1.0.1
add @rolldown/binding-freebsd-x64 1.0.1
add @rolldown/binding-darwin-x64 1.0.1
add @rolldown/binding-darwin-arm64 1.0.1
add @rolldown/binding-android-arm64 1.0.1
add @img/sharp-win32-ia32 0.34.5
add @img/sharp-win32-arm64 0.34.5
add @img/sharp-wasm32 0.34.5
add @img/sharp-linuxmusl-x64 0.34.5
add @img/sharp-linuxmusl-arm64 0.34.5
add @img/sharp-linux-x64 0.34.5
add @img/sharp-linux-s390x 0.34.5
add @img/sharp-linux-riscv64 0.34.5
add @img/sharp-linux-ppc64 0.34.5
add @img/sharp-linux-arm64 0.34.5
add @img/sharp-linux-arm 0.34.5
add @img/sharp-libvips-linuxmusl-x64 1.2.4
add @img/sharp-libvips-linuxmusl-arm64 1.2.4
add @img/sharp-libvips-linux-x64 1.2.4
add @img/sharp-libvips-linux-s390x 1.2.4
add @img/sharp-libvips-linux-riscv64 1.2.4
add @img/sharp-libvips-linux-ppc64 1.2.4
add @img/sharp-libvips-linux-arm64 1.2.4
add @img/sharp-libvips-linux-arm 1.2.4
add @img/sharp-libvips-darwin-x64 1.2.4
add @img/sharp-libvips-darwin-arm64 1.2.4
add @img/sharp-darwin-x64 0.34.5
add @img/sharp-darwin-arm64 0.34.5
add @esbuild/win32-ia32 0.28.2
add @esbuild/win32-arm64 0.28.2
add @esbuild/sunos-x64 0.28.2
add @esbuild/openharmony-arm64 0.28.2
add @esbuild/openbsd-x64 0.28.2
add @esbuild/openbsd-arm64 0.28.2
add @esbuild/netbsd-x64 0.28.2
add @esbuild/netbsd-arm64 0.28.2
add @esbuild/linux-x64 0.28.2
add @esbuild/linux-s390x 0.28.2
add @esbuild/linux-riscv64 0.28.2
add @esbuild/linux-ppc64 0.28.2
add @esbuild/linux-mips64el 0.28.2
add @esbuild/linux-loong64 0.28.2
add @esbuild/linux-ia32 0.28.2
add @esbuild/linux-arm64 0.28.2
add @esbuild/linux-arm 0.28.2
add @esbuild/freebsd-x64 0.28.2
add @esbuild/freebsd-arm64 0.28.2
add @esbuild/darwin-x64 0.28.2
add @esbuild/darwin-arm64 0.28.2
add @esbuild/android-x64 0.28.2
add @esbuild/android-arm64 0.28.2
add @esbuild/android-arm 0.28.2
add @esbuild/aix-ppc64 0.28.2
add @emnapi/core 1.10.0
add @cloudflare/workerd-linux-arm64 1.20260515.1
add @cloudflare/workerd-linux-64 1.20260515.1
add @cloudflare/workerd-darwin-arm64 1.20260515.1
add @cloudflare/workerd-darwin-64 1.20260515.1
add @esbuild/win32-ia32 0.18.20
add @esbuild/win32-arm64 0.18.20
add @esbuild/sunos-x64 0.18.20
add @esbuild/openbsd-x64 0.18.20
add @esbuild/netbsd-x64 0.18.20
add @esbuild/linux-x64 0.18.20
add @esbuild/linux-s390x 0.18.20
add @esbuild/linux-riscv64 0.18.20
add @esbuild/linux-ppc64 0.18.20
add @esbuild/linux-mips64el 0.18.20
add @esbuild/linux-loong64 0.18.20
add @esbuild/linux-ia32 0.18.20
add @esbuild/linux-arm64 0.18.20
add @esbuild/linux-arm 0.18.20
add @esbuild/freebsd-x64 0.18.20
add @esbuild/freebsd-arm64 0.18.20
add @esbuild/darwin-x64 0.18.20
add @esbuild/darwin-arm64 0.18.20
add @esbuild/android-x64 0.18.20
add @esbuild/android-arm64 0.18.20
add @esbuild/android-arm 0.18.20
add @esbuild/win32-ia32 0.27.3
add @esbuild/win32-arm64 0.27.3
add @esbuild/sunos-x64 0.27.3
add @esbuild/openharmony-arm64 0.27.3
add @esbuild/openbsd-x64 0.27.3
add @esbuild/openbsd-arm64 0.27.3
add @esbuild/netbsd-x64 0.27.3
add @esbuild/netbsd-arm64 0.27.3
add @esbuild/linux-x64 0.27.3
add @esbuild/linux-s390x 0.27.3
add @esbuild/linux-riscv64 0.27.3
add @esbuild/linux-ppc64 0.27.3
add @esbuild/linux-mips64el 0.27.3
add @esbuild/linux-loong64 0.27.3
add @esbuild/linux-ia32 0.27.3
add @esbuild/linux-arm64 0.27.3
add @esbuild/linux-arm 0.27.3
add @esbuild/freebsd-x64 0.27.3
add @esbuild/freebsd-arm64 0.27.3
add @esbuild/darwin-x64 0.27.3
add @esbuild/darwin-arm64 0.27.3
add @esbuild/android-x64 0.27.3
add @esbuild/android-arm64 0.27.3
add @esbuild/android-arm 0.27.3
add @esbuild/aix-ppc64 0.27.3
add lightningcss-win32-arm64-msvc 1.32.0
add lightningcss-linux-x64-musl 1.32.0
add lightningcss-linux-x64-gnu 1.32.0
add lightningcss-linux-arm64-musl 1.32.0
add lightningcss-linux-arm64-gnu 1.32.0
add lightningcss-linux-arm-gnueabihf 1.32.0
add lightningcss-freebsd-x64 1.32.0
add lightningcss-darwin-x64 1.32.0
add lightningcss-darwin-arm64 1.32.0
add lightningcss-android-arm64 1.32.0
add fsevents 2.3.2
add @esbuild/win32-ia32 0.25.12
add @esbuild/win32-arm64 0.25.12
add @esbuild/sunos-x64 0.25.12
add @esbuild/openharmony-arm64 0.25.12
add @esbuild/openbsd-x64 0.25.12
add @esbuild/openbsd-arm64 0.25.12
add @esbuild/netbsd-x64 0.25.12
add @esbuild/netbsd-arm64 0.25.12
add @esbuild/linux-x64 0.25.12
add @esbuild/linux-s390x 0.25.12
add @esbuild/linux-riscv64 0.25.12
add @esbuild/linux-ppc64 0.25.12
add @esbuild/linux-mips64el 0.25.12
add @esbuild/linux-loong64 0.25.12
add @esbuild/linux-ia32 0.25.12
add @esbuild/linux-arm64 0.25.12
add @esbuild/linux-arm 0.25.12
add @esbuild/freebsd-x64 0.25.12
add @esbuild/freebsd-arm64 0.25.12
add @esbuild/darwin-x64 0.25.12
add @esbuild/darwin-arm64 0.25.12
add @esbuild/android-x64 0.25.12
add @esbuild/android-arm64 0.25.12
add @esbuild/android-arm 0.25.12
add @esbuild/aix-ppc64 0.25.12

added 174 packages in 3s

206 packages are looking for funding
  run `npm fund` for details
