TAP version 13
# Subtest: WASM fallback keeps its exact-version dependency lock entries
not ok 1 - WASM fallback keeps its exact-version dependency lock entries
  ---
  duration_ms: 6.1492
  type: 'test'
  location: 'D:\\Users\\95108\\AppData\\Local\\Temp\\dailytraffic-v2096-review-20261004\\tests\\lockfile-wasm.test.mjs:8:1'
  failureType: 'testCodeFailure'
  error: 'Missing WASM dependency: @emnapi/core'
  code: 'ERR_ASSERTION'
  name: 'AssertionError'
  expected: true
  operator: '=='
  stack: |-
    TestContext.<anonymous> (file:///D:/Users/95108/AppData/Local/Temp/dailytraffic-v2096-review-20261004/tests/lockfile-wasm.test.mjs:19:12)
    async Test.run (node:internal/test_runner/test:1054:7)
    async startSubtestAfterBootstrap (node:internal/test_runner/harness:296:3)
  ...
1..1
# tests 1
# suites 0
# pass 0
# fail 1
# cancelled 0
# skipped 0
# todo 0
# duration_ms 125.7604
