TAP version 13
# Subtest: WASM fallback keeps its exact-version dependency lock entries
not ok 1 - WASM fallback keeps its exact-version dependency lock entries
  ---
  duration_ms: 7.0651
  type: 'test'
  location: 'D:\\Users\\95108\\AppData\\Local\\Temp\\dailytraffic-v2096-runtime-negative\\tests\\lockfile-wasm.test.mjs:8:1'
  failureType: 'testCodeFailure'
  error: |-
    Wrong WASM dependency: @emnapi/runtime
    
    '1.11.3' !== '1.10.0'
    
  code: 'ERR_ASSERTION'
  name: 'AssertionError'
  expected: '1.10.0'
  actual: '1.11.3'
  operator: 'strictEqual'
  stack: |-
    TestContext.<anonymous> (file:///D:/Users/95108/AppData/Local/Temp/dailytraffic-v2096-runtime-negative/tests/lockfile-wasm.test.mjs:20:12)
    async Test.run (node:internal/test_runner/test:1054:7)
    async startSubtestAfterBootstrap (node:internal/test_runner/harness:296:3)
  ...
1..1
# tests 1
# suites 0
# pass 0
# fail 1
# cancelled 0
# skipped 0
# todo 0
# duration_ms 90.5691
